Archive member included to satisfy reference by file (symbol)

x:/gcc/gcc-arm-none-eabi-9-2019-q4/bin/../lib/gcc/arm-none-eabi/9.2.1/thumb/v7e-m/nofp\libgcc.a(_arm_addsubsf3.o)
                              D:\Venus\trunk\BlueBox\fitIDEA\samples\public\S32K358_FLASH_GCC\emptyTargetInit\CM7_2\Debug\test.o (__aeabi_fadd)

Discarded input sections

 .group         0x00000000        0xc D:\Venus\trunk\BlueBox\fitIDEA\samples\public\S32K358_FLASH_GCC\emptyTargetInit\CM7_2\Debug\main.o
 .group         0x00000000        0xc D:\Venus\trunk\BlueBox\fitIDEA\samples\public\S32K358_FLASH_GCC\emptyTargetInit\CM7_2\Debug\test.o
 .debug_macro   0x00000000      0xa96 D:\Venus\trunk\BlueBox\fitIDEA\samples\public\S32K358_FLASH_GCC\emptyTargetInit\CM7_2\Debug\test.o
 .group         0x00000000        0xc D:\Venus\trunk\BlueBox\fitIDEA\samples\public\S32K358_FLASH_GCC\emptyTargetInit\CM7_2\Debug\CPUFile.o
 .group         0x00000000        0xc D:\Venus\trunk\BlueBox\fitIDEA\samples\public\S32K358_FLASH_GCC\emptyTargetInit\CM7_2\Debug\CPUFile.o
 .group         0x00000000        0xc D:\Venus\trunk\BlueBox\fitIDEA\samples\public\S32K358_FLASH_GCC\emptyTargetInit\CM7_2\Debug\CPUFile.o
 .group         0x00000000        0xc D:\Venus\trunk\BlueBox\fitIDEA\samples\public\S32K358_FLASH_GCC\emptyTargetInit\CM7_2\Debug\CPUFile.o
 .group         0x00000000        0xc D:\Venus\trunk\BlueBox\fitIDEA\samples\public\S32K358_FLASH_GCC\emptyTargetInit\CM7_2\Debug\CPUFile.o
 .group         0x00000000        0xc D:\Venus\trunk\BlueBox\fitIDEA\samples\public\S32K358_FLASH_GCC\emptyTargetInit\CM7_2\Debug\CPUFile.o
 .group         0x00000000        0xc D:\Venus\trunk\BlueBox\fitIDEA\samples\public\S32K358_FLASH_GCC\emptyTargetInit\CM7_2\Debug\CPUFile.o
 .group         0x00000000        0xc D:\Venus\trunk\BlueBox\fitIDEA\samples\public\S32K358_FLASH_GCC\emptyTargetInit\CM7_2\Debug\CPUFile.o
 .group         0x00000000        0xc D:\Venus\trunk\BlueBox\fitIDEA\samples\public\S32K358_FLASH_GCC\emptyTargetInit\CM7_2\Debug\CPUFile.o
 .debug_macro   0x00000000      0xa96 D:\Venus\trunk\BlueBox\fitIDEA\samples\public\S32K358_FLASH_GCC\emptyTargetInit\CM7_2\Debug\CPUFile.o
 .group         0x00000000        0xc D:\Venus\trunk\BlueBox\fitIDEA\samples\public\S32K358_FLASH_GCC\emptyTargetInit\CM7_2\Debug\startup.o
 .group         0x00000000        0xc D:\Venus\trunk\BlueBox\fitIDEA\samples\public\S32K358_FLASH_GCC\emptyTargetInit\CM7_2\Debug\startup.o
 .group         0x00000000        0xc D:\Venus\trunk\BlueBox\fitIDEA\samples\public\S32K358_FLASH_GCC\emptyTargetInit\CM7_2\Debug\startup.o
 .group         0x00000000        0xc D:\Venus\trunk\BlueBox\fitIDEA\samples\public\S32K358_FLASH_GCC\emptyTargetInit\CM7_2\Debug\startup.o
 .group         0x00000000        0xc D:\Venus\trunk\BlueBox\fitIDEA\samples\public\S32K358_FLASH_GCC\emptyTargetInit\CM7_2\Debug\startup.o
 .group         0x00000000        0xc D:\Venus\trunk\BlueBox\fitIDEA\samples\public\S32K358_FLASH_GCC\emptyTargetInit\CM7_2\Debug\startup.o
 .group         0x00000000        0xc D:\Venus\trunk\BlueBox\fitIDEA\samples\public\S32K358_FLASH_GCC\emptyTargetInit\CM7_2\Debug\startup.o
 .group         0x00000000        0xc D:\Venus\trunk\BlueBox\fitIDEA\samples\public\S32K358_FLASH_GCC\emptyTargetInit\CM7_2\Debug\startup.o
 .group         0x00000000        0xc D:\Venus\trunk\BlueBox\fitIDEA\samples\public\S32K358_FLASH_GCC\emptyTargetInit\CM7_2\Debug\startup.o
 .debug_macro   0x00000000      0xa96 D:\Venus\trunk\BlueBox\fitIDEA\samples\public\S32K358_FLASH_GCC\emptyTargetInit\CM7_2\Debug\startup.o
 .debug_macro   0x00000000       0x22 D:\Venus\trunk\BlueBox\fitIDEA\samples\public\S32K358_FLASH_GCC\emptyTargetInit\CM7_2\Debug\startup.o
 .debug_macro   0x00000000       0x8e D:\Venus\trunk\BlueBox\fitIDEA\samples\public\S32K358_FLASH_GCC\emptyTargetInit\CM7_2\Debug\startup.o
 .debug_macro   0x00000000       0x51 D:\Venus\trunk\BlueBox\fitIDEA\samples\public\S32K358_FLASH_GCC\emptyTargetInit\CM7_2\Debug\startup.o
 .debug_macro   0x00000000       0xef D:\Venus\trunk\BlueBox\fitIDEA\samples\public\S32K358_FLASH_GCC\emptyTargetInit\CM7_2\Debug\startup.o
 .debug_macro   0x00000000       0x6a D:\Venus\trunk\BlueBox\fitIDEA\samples\public\S32K358_FLASH_GCC\emptyTargetInit\CM7_2\Debug\startup.o
 .debug_macro   0x00000000      0x1df D:\Venus\trunk\BlueBox\fitIDEA\samples\public\S32K358_FLASH_GCC\emptyTargetInit\CM7_2\Debug\startup.o
 .debug_macro   0x00000000      0x5e3 D:\Venus\trunk\BlueBox\fitIDEA\samples\public\S32K358_FLASH_GCC\emptyTargetInit\CM7_2\Debug\startup.o
 .debug_macro   0x00000000      0x2be D:\Venus\trunk\BlueBox\fitIDEA\samples\public\S32K358_FLASH_GCC\emptyTargetInit\CM7_2\Debug\startup.o

Memory Configuration

Name             Origin             Length             Attributes
VECT             0x00417900         0x00000400         xrw
PFLASH0          0x00400500         0x0000b000         xr
PFLASH1          0x0040b900         0x0000b000         xr
PFLASH2          0x00417d00         0x0000b000         xr
DFLASH0          0x10000000         0x00010000         xr
DFLASH1          0x10010000         0x00010000         xr
DFLASH2          0x10020000         0x00010000         xr
SRAM0            0x20400000         0x00020000         rw
SRAM1            0x20420000         0x00020000         rw
SRAM2            0x20440000         0x00020000         rw
*default*        0x00000000         0xffffffff

Linker script and memory map

LOAD D:\Venus\trunk\BlueBox\fitIDEA\samples\public\S32K358_FLASH_GCC\emptyTargetInit\CM7_2\Debug\main.o
LOAD D:\Venus\trunk\BlueBox\fitIDEA\samples\public\S32K358_FLASH_GCC\emptyTargetInit\CM7_2\Debug\test.o
LOAD D:\Venus\trunk\BlueBox\fitIDEA\samples\public\S32K358_FLASH_GCC\emptyTargetInit\CM7_2\Debug\CPUFile.o
LOAD D:\Venus\trunk\BlueBox\fitIDEA\samples\public\S32K358_FLASH_GCC\emptyTargetInit\CM7_2\Debug\startup.o
                0x00001000                __STACK_SIZE = 0x1000
                0x00001000                __HEAP_SIZE = 0x1000
                0x00417900                _VTOR = ORIGIN (VECT)

.vect           0x00417900       0x34
 *(.isr_vector)
 .isr_vector    0x00417900       0x34 D:\Venus\trunk\BlueBox\fitIDEA\samples\public\S32K358_FLASH_GCC\emptyTargetInit\CM7_2\Debug\startup.o
                0x00417900                g_pfnVectors

.text           0x00417d00      0x8b0
 *(.vectors)
 *(.text*)
 .text          0x00417d00        0x0 D:\Venus\trunk\BlueBox\fitIDEA\samples\public\S32K358_FLASH_GCC\emptyTargetInit\CM7_2\Debug\main.o
 .text.main     0x00417d00       0x6c D:\Venus\trunk\BlueBox\fitIDEA\samples\public\S32K358_FLASH_GCC\emptyTargetInit\CM7_2\Debug\main.o
                0x00417d00                main
 .text          0x00417d6c        0x0 D:\Venus\trunk\BlueBox\fitIDEA\samples\public\S32K358_FLASH_GCC\emptyTargetInit\CM7_2\Debug\test.o
 .text.Type_Simple
                0x00417d6c       0x90 D:\Venus\trunk\BlueBox\fitIDEA\samples\public\S32K358_FLASH_GCC\emptyTargetInit\CM7_2\Debug\test.o
                0x00417d6c                Type_Simple
 .text.Type_Arrays
                0x00417dfc       0x98 D:\Venus\trunk\BlueBox\fitIDEA\samples\public\S32K358_FLASH_GCC\emptyTargetInit\CM7_2\Debug\test.o
                0x00417dfc                Type_Arrays
 .text.Type_Pointers
                0x00417e94       0x4c D:\Venus\trunk\BlueBox\fitIDEA\samples\public\S32K358_FLASH_GCC\emptyTargetInit\CM7_2\Debug\test.o
                0x00417e94                Type_Pointers
 .text.Type_Struct
                0x00417ee0       0x68 D:\Venus\trunk\BlueBox\fitIDEA\samples\public\S32K358_FLASH_GCC\emptyTargetInit\CM7_2\Debug\test.o
                0x00417ee0                Type_Struct
 .text.Type_Bitfields
                0x00417f48       0x44 D:\Venus\trunk\BlueBox\fitIDEA\samples\public\S32K358_FLASH_GCC\emptyTargetInit\CM7_2\Debug\test.o
                0x00417f48                Type_Bitfields
 .text.Type_Enum
                0x00417f8c       0x3c D:\Venus\trunk\BlueBox\fitIDEA\samples\public\S32K358_FLASH_GCC\emptyTargetInit\CM7_2\Debug\test.o
                0x00417f8c                Type_Enum
 .text.Mult     0x00417fc8       0x1c D:\Venus\trunk\BlueBox\fitIDEA\samples\public\S32K358_FLASH_GCC\emptyTargetInit\CM7_2\Debug\test.o
                0x00417fc8                Mult
 .text.Type_FunctionPointer
                0x00417fe4       0x48 D:\Venus\trunk\BlueBox\fitIDEA\samples\public\S32K358_FLASH_GCC\emptyTargetInit\CM7_2\Debug\test.o
                0x00417fe4                Type_FunctionPointer
 .text.ResetStrX
                0x0041802c       0x36 D:\Venus\trunk\BlueBox\fitIDEA\samples\public\S32K358_FLASH_GCC\emptyTargetInit\CM7_2\Debug\test.o
                0x0041802c                ResetStrX
 *fill*         0x00418062        0x2 
 .text.Type_Mixed
                0x00418064       0x38 D:\Venus\trunk\BlueBox\fitIDEA\samples\public\S32K358_FLASH_GCC\emptyTargetInit\CM7_2\Debug\test.o
                0x00418064                Type_Mixed
 .text.TestStatic
                0x0041809c       0x1c D:\Venus\trunk\BlueBox\fitIDEA\samples\public\S32K358_FLASH_GCC\emptyTargetInit\CM7_2\Debug\test.o
                0x0041809c                TestStatic
 .text.Address_GlobalVariables
                0x004180b8       0x20 D:\Venus\trunk\BlueBox\fitIDEA\samples\public\S32K358_FLASH_GCC\emptyTargetInit\CM7_2\Debug\test.o
                0x004180b8                Address_GlobalVariables
 .text.Address_TestScopes
                0x004180d8       0x7c D:\Venus\trunk\BlueBox\fitIDEA\samples\public\S32K358_FLASH_GCC\emptyTargetInit\CM7_2\Debug\test.o
                0x004180d8                Address_TestScopes
 .text.Func1    0x00418154       0x2c D:\Venus\trunk\BlueBox\fitIDEA\samples\public\S32K358_FLASH_GCC\emptyTargetInit\CM7_2\Debug\test.o
                0x00418154                Func1
 .text.Func2    0x00418180       0x44 D:\Venus\trunk\BlueBox\fitIDEA\samples\public\S32K358_FLASH_GCC\emptyTargetInit\CM7_2\Debug\test.o
                0x00418180                Func2
 .text.Func3    0x004181c4       0x18 D:\Venus\trunk\BlueBox\fitIDEA\samples\public\S32K358_FLASH_GCC\emptyTargetInit\CM7_2\Debug\test.o
                0x004181c4                Func3
 .text.Func4    0x004181dc       0x78 D:\Venus\trunk\BlueBox\fitIDEA\samples\public\S32K358_FLASH_GCC\emptyTargetInit\CM7_2\Debug\test.o
                0x004181dc                Func4
 .text.Address_DifferentFunctionParameters
                0x00418254       0x3c D:\Venus\trunk\BlueBox\fitIDEA\samples\public\S32K358_FLASH_GCC\emptyTargetInit\CM7_2\Debug\test.o
                0x00418254                Address_DifferentFunctionParameters
 .text.InterruptRoutine
                0x00418290       0x1c D:\Venus\trunk\BlueBox\fitIDEA\samples\public\S32K358_FLASH_GCC\emptyTargetInit\CM7_2\Debug\test.o
                0x00418290                InterruptRoutine
 .text.CPU_Pointers
                0x004182ac       0x1c D:\Venus\trunk\BlueBox\fitIDEA\samples\public\S32K358_FLASH_GCC\emptyTargetInit\CM7_2\Debug\test.o
                0x004182ac                CPU_Pointers
 .text.Factorial
                0x004182c8       0x2c D:\Venus\trunk\BlueBox\fitIDEA\samples\public\S32K358_FLASH_GCC\emptyTargetInit\CM7_2\Debug\test.o
                0x004182c8                Factorial
 .text.CPU_Recursion
                0x004182f4       0x34 D:\Venus\trunk\BlueBox\fitIDEA\samples\public\S32K358_FLASH_GCC\emptyTargetInit\CM7_2\Debug\test.o
                0x004182f4                CPU_Recursion
 .text          0x00418328        0x0 D:\Venus\trunk\BlueBox\fitIDEA\samples\public\S32K358_FLASH_GCC\emptyTargetInit\CM7_2\Debug\CPUFile.o
 .text.disableWatchdog
                0x00418328        0xc D:\Venus\trunk\BlueBox\fitIDEA\samples\public\S32K358_FLASH_GCC\emptyTargetInit\CM7_2\Debug\CPUFile.o
                0x00418328                disableWatchdog
 .text.targetInit
                0x00418334        0xc D:\Venus\trunk\BlueBox\fitIDEA\samples\public\S32K358_FLASH_GCC\emptyTargetInit\CM7_2\Debug\CPUFile.o
                0x00418334                targetInit
 .text          0x00418340        0x0 D:\Venus\trunk\BlueBox\fitIDEA\samples\public\S32K358_FLASH_GCC\emptyTargetInit\CM7_2\Debug\startup.o
 .text.Reset    0x00418340       0x4c D:\Venus\trunk\BlueBox\fitIDEA\samples\public\S32K358_FLASH_GCC\emptyTargetInit\CM7_2\Debug\startup.o
                0x00418340                Reset
 .text.IntDefaultHandler
                0x0041838c        0x6 D:\Venus\trunk\BlueBox\fitIDEA\samples\public\S32K358_FLASH_GCC\emptyTargetInit\CM7_2\Debug\startup.o
                0x0041838c                IntDefaultHandler
 *fill*         0x00418392        0x2 
 .text          0x00418394      0x21c x:/gcc/gcc-arm-none-eabi-9-2019-q4/bin/../lib/gcc/arm-none-eabi/9.2.1/thumb/v7e-m/nofp\libgcc.a(_arm_addsubsf3.o)
                0x00418394                __aeabi_frsub
                0x0041839c                __subsf3
                0x0041839c                __aeabi_fsub
                0x004183a0                __aeabi_fadd
                0x004183a0                __addsf3
                0x00418500                __aeabi_ui2f
                0x00418500                __floatunsisf
                0x00418508                __aeabi_i2f
                0x00418508                __floatsisf
                0x00418524                __aeabi_ul2f
                0x00418524                __floatundisf
                0x00418534                __aeabi_l2f
                0x00418534                __floatdisf
 *(.init)
 *(.fini)
 *crtbegin.o(.ctors)
 *crtbegin?.o(.ctors)
 *(EXCLUDE_FILE(*crtend.o *crtend?.o) .ctors)
 *(SORT_BY_NAME(.ctors.*))
 *(.ctors)
 *crtbegin.o(.dtors)
 *crtbegin?.o(.dtors)
 *(EXCLUDE_FILE(*crtend.o *crtend?.o) .dtors)
 *(SORT_BY_NAME(.dtors.*))
 *(.dtors)
 *(.rodata*)
 *(.eh_frame*)

.glue_7         0x004185b0        0x0
 .glue_7        0x004185b0        0x0 linker stubs

.glue_7t        0x004185b0        0x0
 .glue_7t       0x004185b0        0x0 linker stubs

.vfp11_veneer   0x004185b0        0x0
 .vfp11_veneer  0x004185b0        0x0 linker stubs

.v4_bx          0x004185b0        0x0
 .v4_bx         0x004185b0        0x0 linker stubs

.iplt           0x004185b0        0x0
 .iplt          0x004185b0        0x0 D:\Venus\trunk\BlueBox\fitIDEA\samples\public\S32K358_FLASH_GCC\emptyTargetInit\CM7_2\Debug\main.o

.rel.dyn        0x004185b0        0x0
 .rel.iplt      0x004185b0        0x0 D:\Venus\trunk\BlueBox\fitIDEA\samples\public\S32K358_FLASH_GCC\emptyTargetInit\CM7_2\Debug\main.o

.ARM.extab
 *(.ARM.extab* .gnu.linkonce.armextab.*)
                0x004185b0                __exidx_start = .

.ARM.exidx
 *(.ARM.exidx* .gnu.linkonce.armexidx.*)
                0x004185b0                __exidx_end = .

.ecc.table      0x004185b0       0x40
                0x004185b0                . = ALIGN (0x4)
                0x004185b0                __ecc_table_start__ = .
                0x004185b0        0x8 QUAD 0x20440000 __data_start__
                0x004185b8        0x8 QUAD 0x0 ((__data_end__ - __data_start__) / 0x8)
                0x004185c0        0x8 QUAD 0x20440000 __bss_start__
                0x004185c8        0x8 QUAD 0x2 ((__bss_end__ - __bss_start__) / 0x8)
                0x004185d0        0x8 QUAD 0x20440010 __HeapTop
                0x004185d8        0x8 QUAD 0x200 ((__HeapLimit - __HeapTop) / 0x8)
                0x004185e0        0x8 QUAD 0x2045f000 __StackLimit
                0x004185e8        0x8 QUAD 0x200 ((__StackTop - __StackLimit) / 0x8)
                0x004185f0                __ecc_table_end__ = .

.copy.table     0x004185f0        0xc
                0x004185f0                . = ALIGN (0x4)
                0x004185f0                __copy_table_start__ = .
                0x004185f0        0x4 LONG 0x418600 __etext
                0x004185f4        0x4 LONG 0x20440000 __data_start__
                0x004185f8        0x4 LONG 0x0 ((__data_end__ - __data_start__) / 0x4)
                0x004185fc                __copy_table_end__ = .

.zero.table     0x004185fc        0x0
                0x004185fc                . = ALIGN (0x4)
                0x004185fc                __zero_table_start__ = .
                0x004185fc                __zero_table_end__ = .
                0x00418600                __etext = ALIGN (0x8)

.data           0x20440000        0x0 load address 0x00418600
                0x20440000                . = ALIGN (0x8)
                0x20440000                __data_start__ = .
 *(vtable)
 *(.data)
 .data          0x20440000        0x0 D:\Venus\trunk\BlueBox\fitIDEA\samples\public\S32K358_FLASH_GCC\emptyTargetInit\CM7_2\Debug\main.o
 .data          0x20440000        0x0 D:\Venus\trunk\BlueBox\fitIDEA\samples\public\S32K358_FLASH_GCC\emptyTargetInit\CM7_2\Debug\test.o
 .data          0x20440000        0x0 D:\Venus\trunk\BlueBox\fitIDEA\samples\public\S32K358_FLASH_GCC\emptyTargetInit\CM7_2\Debug\CPUFile.o
 .data          0x20440000        0x0 D:\Venus\trunk\BlueBox\fitIDEA\samples\public\S32K358_FLASH_GCC\emptyTargetInit\CM7_2\Debug\startup.o
 .data          0x20440000        0x0 x:/gcc/gcc-arm-none-eabi-9-2019-q4/bin/../lib/gcc/arm-none-eabi/9.2.1/thumb/v7e-m/nofp\libgcc.a(_arm_addsubsf3.o)
 *(.data.*)
                0x20440000                . = ALIGN (0x4)
                [!provide]                PROVIDE (__preinit_array_start = .)
 *(.preinit_array)
                [!provide]                PROVIDE (__preinit_array_end = .)
                0x20440000                . = ALIGN (0x4)
                [!provide]                PROVIDE (__init_array_start = .)
 *(SORT_BY_NAME(.init_array.*))
 *(.init_array)
                [!provide]                PROVIDE (__init_array_end = .)
                0x20440000                . = ALIGN (0x4)
                [!provide]                PROVIDE (__fini_array_start = .)
 *(SORT_BY_NAME(.fini_array.*))
 *(.fini_array)
                [!provide]                PROVIDE (__fini_array_end = .)
 *(.jcr*)
                0x20440000                . = ALIGN (0x8)
                0x20440000                __data_end__ = .

.igot.plt       0x20440000        0x0 load address 0x00418600
 .igot.plt      0x20440000        0x0 D:\Venus\trunk\BlueBox\fitIDEA\samples\public\S32K358_FLASH_GCC\emptyTargetInit\CM7_2\Debug\main.o

.bss            0x20440000       0x10 load address 0x00418600
                0x20440000                . = ALIGN (0x8)
                0x20440000                __bss_start__ = .
 *(.bss)
 .bss           0x20440000        0x0 D:\Venus\trunk\BlueBox\fitIDEA\samples\public\S32K358_FLASH_GCC\emptyTargetInit\CM7_2\Debug\main.o
 .bss           0x20440000        0x0 D:\Venus\trunk\BlueBox\fitIDEA\samples\public\S32K358_FLASH_GCC\emptyTargetInit\CM7_2\Debug\test.o
 .bss           0x20440000        0x0 D:\Venus\trunk\BlueBox\fitIDEA\samples\public\S32K358_FLASH_GCC\emptyTargetInit\CM7_2\Debug\CPUFile.o
 .bss           0x20440000        0x0 D:\Venus\trunk\BlueBox\fitIDEA\samples\public\S32K358_FLASH_GCC\emptyTargetInit\CM7_2\Debug\startup.o
 .bss           0x20440000        0x0 x:/gcc/gcc-arm-none-eabi-9-2019-q4/bin/../lib/gcc/arm-none-eabi/9.2.1/thumb/v7e-m/nofp\libgcc.a(_arm_addsubsf3.o)
 *(.bss.*)
 .bss.byTestByte
                0x20440000        0x1 D:\Venus\trunk\BlueBox\fitIDEA\samples\public\S32K358_FLASH_GCC\emptyTargetInit\CM7_2\Debug\main.o
                0x20440000                byTestByte
 *fill*         0x20440001        0x1 
 .bss.wTestWord
                0x20440002        0x2 D:\Venus\trunk\BlueBox\fitIDEA\samples\public\S32K358_FLASH_GCC\emptyTargetInit\CM7_2\Debug\main.o
                0x20440002                wTestWord
 .bss.iCounter  0x20440004        0x4 D:\Venus\trunk\BlueBox\fitIDEA\samples\public\S32K358_FLASH_GCC\emptyTargetInit\CM7_2\Debug\main.o
                0x20440004                iCounter
 .bss.iInterruptCounter
                0x20440008        0x4 D:\Venus\trunk\BlueBox\fitIDEA\samples\public\S32K358_FLASH_GCC\emptyTargetInit\CM7_2\Debug\main.o
                0x20440008                iInterruptCounter
 .bss.staticI.4242
                0x2044000c        0x4 D:\Venus\trunk\BlueBox\fitIDEA\samples\public\S32K358_FLASH_GCC\emptyTargetInit\CM7_2\Debug\test.o
 *(COMMON)
                0x20440010                . = ALIGN (0x8)
                0x20440010                __bss_end__ = .

.heap           0x20440010     0x1000
                0x20440010                . = ALIGN (0x8)
                0x20440010                __HeapTop = .
                0x20440010                __end__ = .
                0x20440010                _end = .
                [!provide]                PROVIDE (end = .)
                0x20441010                . = (. + __HEAP_SIZE)
 *fill*         0x20440010     0x1000 
                0x20441010                . = ALIGN (0x8)
                0x20441010                __HeapLimit = .

.stack          0x2045f000     0x1000
                0x2045f000                . = ALIGN (0x8)
                0x2045f000                __StackLimit = .
                0x20460000                . = (. + __STACK_SIZE)
 *fill*         0x2045f000     0x1000 
                0x20460000                . = ALIGN (0x8)
                0x20460000                __StackTop = .
                0x20460000                PROVIDE (__stack = __StackTop)
                0x00000001                ASSERT ((__StackLimit >= __HeapLimit), region RAM overflowed with stack)
                0x00400500                CM7_0_START_ADDRESS = ORIGIN (PFLASH0)
                0x0040b900                CM7_1_START_ADDRESS = ORIGIN (PFLASH1)
                0x00417d00                CM7_2_START_ADDRESS = ORIGIN (PFLASH2)
                0x00020000                __RAM_SIZE = LENGTH (SRAM2)
                0x20440000                __RAM_START = ORIGIN (SRAM2)
LOAD x:/gcc/gcc-arm-none-eabi-9-2019-q4/bin/../lib/gcc/arm-none-eabi/9.2.1/thumb/v7e-m/nofp\libgcc.a
LOAD x:/gcc/gcc-arm-none-eabi-9-2019-q4/bin/../lib/gcc/arm-none-eabi/9.2.1/../../../../arm-none-eabi/lib/thumb/v7e-m/nofp\libc.a
OUTPUT(output.elf elf32-littlearm)

.debug_info     0x00000000      0x9a3
 .debug_info    0x00000000       0xbd D:\Venus\trunk\BlueBox\fitIDEA\samples\public\S32K358_FLASH_GCC\emptyTargetInit\CM7_2\Debug\main.o
 .debug_info    0x000000bd      0x70b D:\Venus\trunk\BlueBox\fitIDEA\samples\public\S32K358_FLASH_GCC\emptyTargetInit\CM7_2\Debug\test.o
 .debug_info    0x000007c8       0x94 D:\Venus\trunk\BlueBox\fitIDEA\samples\public\S32K358_FLASH_GCC\emptyTargetInit\CM7_2\Debug\CPUFile.o
 .debug_info    0x0000085c      0x147 D:\Venus\trunk\BlueBox\fitIDEA\samples\public\S32K358_FLASH_GCC\emptyTargetInit\CM7_2\Debug\startup.o

.debug_abbrev   0x00000000      0x420
 .debug_abbrev  0x00000000       0x6b D:\Venus\trunk\BlueBox\fitIDEA\samples\public\S32K358_FLASH_GCC\emptyTargetInit\CM7_2\Debug\main.o
 .debug_abbrev  0x0000006b      0x28e D:\Venus\trunk\BlueBox\fitIDEA\samples\public\S32K358_FLASH_GCC\emptyTargetInit\CM7_2\Debug\test.o
 .debug_abbrev  0x000002f9       0x5f D:\Venus\trunk\BlueBox\fitIDEA\samples\public\S32K358_FLASH_GCC\emptyTargetInit\CM7_2\Debug\CPUFile.o
 .debug_abbrev  0x00000358       0xc8 D:\Venus\trunk\BlueBox\fitIDEA\samples\public\S32K358_FLASH_GCC\emptyTargetInit\CM7_2\Debug\startup.o

.debug_aranges  0x00000000      0x138
 .debug_aranges
                0x00000000       0x20 D:\Venus\trunk\BlueBox\fitIDEA\samples\public\S32K358_FLASH_GCC\emptyTargetInit\CM7_2\Debug\main.o
 .debug_aranges
                0x00000020       0xc8 D:\Venus\trunk\BlueBox\fitIDEA\samples\public\S32K358_FLASH_GCC\emptyTargetInit\CM7_2\Debug\test.o
 .debug_aranges
                0x000000e8       0x28 D:\Venus\trunk\BlueBox\fitIDEA\samples\public\S32K358_FLASH_GCC\emptyTargetInit\CM7_2\Debug\CPUFile.o
 .debug_aranges
                0x00000110       0x28 D:\Venus\trunk\BlueBox\fitIDEA\samples\public\S32K358_FLASH_GCC\emptyTargetInit\CM7_2\Debug\startup.o

.debug_ranges   0x00000000       0xf8
 .debug_ranges  0x00000000       0x10 D:\Venus\trunk\BlueBox\fitIDEA\samples\public\S32K358_FLASH_GCC\emptyTargetInit\CM7_2\Debug\main.o
 .debug_ranges  0x00000010       0xb8 D:\Venus\trunk\BlueBox\fitIDEA\samples\public\S32K358_FLASH_GCC\emptyTargetInit\CM7_2\Debug\test.o
 .debug_ranges  0x000000c8       0x18 D:\Venus\trunk\BlueBox\fitIDEA\samples\public\S32K358_FLASH_GCC\emptyTargetInit\CM7_2\Debug\CPUFile.o
 .debug_ranges  0x000000e0       0x18 D:\Venus\trunk\BlueBox\fitIDEA\samples\public\S32K358_FLASH_GCC\emptyTargetInit\CM7_2\Debug\startup.o

.debug_macro    0x00000000     0x18b0
 .debug_macro   0x00000000       0x25 D:\Venus\trunk\BlueBox\fitIDEA\samples\public\S32K358_FLASH_GCC\emptyTargetInit\CM7_2\Debug\main.o
 .debug_macro   0x00000025      0xa96 D:\Venus\trunk\BlueBox\fitIDEA\samples\public\S32K358_FLASH_GCC\emptyTargetInit\CM7_2\Debug\main.o
 .debug_macro   0x00000abb       0x1b D:\Venus\trunk\BlueBox\fitIDEA\samples\public\S32K358_FLASH_GCC\emptyTargetInit\CM7_2\Debug\test.o
 .debug_macro   0x00000ad6       0x7b D:\Venus\trunk\BlueBox\fitIDEA\samples\public\S32K358_FLASH_GCC\emptyTargetInit\CM7_2\Debug\CPUFile.o
 .debug_macro   0x00000b51       0x22 D:\Venus\trunk\BlueBox\fitIDEA\samples\public\S32K358_FLASH_GCC\emptyTargetInit\CM7_2\Debug\CPUFile.o
 .debug_macro   0x00000b73       0x8e D:\Venus\trunk\BlueBox\fitIDEA\samples\public\S32K358_FLASH_GCC\emptyTargetInit\CM7_2\Debug\CPUFile.o
 .debug_macro   0x00000c01       0x51 D:\Venus\trunk\BlueBox\fitIDEA\samples\public\S32K358_FLASH_GCC\emptyTargetInit\CM7_2\Debug\CPUFile.o
 .debug_macro   0x00000c52       0xef D:\Venus\trunk\BlueBox\fitIDEA\samples\public\S32K358_FLASH_GCC\emptyTargetInit\CM7_2\Debug\CPUFile.o
 .debug_macro   0x00000d41       0x6a D:\Venus\trunk\BlueBox\fitIDEA\samples\public\S32K358_FLASH_GCC\emptyTargetInit\CM7_2\Debug\CPUFile.o
 .debug_macro   0x00000dab      0x1df D:\Venus\trunk\BlueBox\fitIDEA\samples\public\S32K358_FLASH_GCC\emptyTargetInit\CM7_2\Debug\CPUFile.o
 .debug_macro   0x00000f8a      0x5e3 D:\Venus\trunk\BlueBox\fitIDEA\samples\public\S32K358_FLASH_GCC\emptyTargetInit\CM7_2\Debug\CPUFile.o
 .debug_macro   0x0000156d      0x2be D:\Venus\trunk\BlueBox\fitIDEA\samples\public\S32K358_FLASH_GCC\emptyTargetInit\CM7_2\Debug\CPUFile.o
 .debug_macro   0x0000182b       0x85 D:\Venus\trunk\BlueBox\fitIDEA\samples\public\S32K358_FLASH_GCC\emptyTargetInit\CM7_2\Debug\startup.o

.debug_line     0x00000000      0xafc
 .debug_line    0x00000000       0xfc D:\Venus\trunk\BlueBox\fitIDEA\samples\public\S32K358_FLASH_GCC\emptyTargetInit\CM7_2\Debug\main.o
 .debug_line    0x000000fc      0x4d3 D:\Venus\trunk\BlueBox\fitIDEA\samples\public\S32K358_FLASH_GCC\emptyTargetInit\CM7_2\Debug\test.o
 .debug_line    0x000005cf      0x275 D:\Venus\trunk\BlueBox\fitIDEA\samples\public\S32K358_FLASH_GCC\emptyTargetInit\CM7_2\Debug\CPUFile.o
 .debug_line    0x00000844      0x2b8 D:\Venus\trunk\BlueBox\fitIDEA\samples\public\S32K358_FLASH_GCC\emptyTargetInit\CM7_2\Debug\startup.o

.debug_str      0x00000000     0x82ea
 .debug_str     0x00000000     0x2e6d D:\Venus\trunk\BlueBox\fitIDEA\samples\public\S32K358_FLASH_GCC\emptyTargetInit\CM7_2\Debug\main.o
                               0x2e8e (size before relaxing)
 .debug_str     0x00002e6d      0x1dd D:\Venus\trunk\BlueBox\fitIDEA\samples\public\S32K358_FLASH_GCC\emptyTargetInit\CM7_2\Debug\test.o
                               0x3035 (size before relaxing)
 .debug_str     0x0000304a     0x51b4 D:\Venus\trunk\BlueBox\fitIDEA\samples\public\S32K358_FLASH_GCC\emptyTargetInit\CM7_2\Debug\CPUFile.o
                               0x8088 (size before relaxing)
 .debug_str     0x000081fe       0xec D:\Venus\trunk\BlueBox\fitIDEA\samples\public\S32K358_FLASH_GCC\emptyTargetInit\CM7_2\Debug\startup.o
                               0x80f9 (size before relaxing)

.comment        0x00000000       0x79
 .comment       0x00000000       0x79 D:\Venus\trunk\BlueBox\fitIDEA\samples\public\S32K358_FLASH_GCC\emptyTargetInit\CM7_2\Debug\main.o
                                 0x7a (size before relaxing)
 .comment       0x00000079       0x7a D:\Venus\trunk\BlueBox\fitIDEA\samples\public\S32K358_FLASH_GCC\emptyTargetInit\CM7_2\Debug\test.o
 .comment       0x00000079       0x7a D:\Venus\trunk\BlueBox\fitIDEA\samples\public\S32K358_FLASH_GCC\emptyTargetInit\CM7_2\Debug\CPUFile.o
 .comment       0x00000079       0x7a D:\Venus\trunk\BlueBox\fitIDEA\samples\public\S32K358_FLASH_GCC\emptyTargetInit\CM7_2\Debug\startup.o

.ARM.attributes
                0x00000000       0x2e
 .ARM.attributes
                0x00000000       0x2e D:\Venus\trunk\BlueBox\fitIDEA\samples\public\S32K358_FLASH_GCC\emptyTargetInit\CM7_2\Debug\main.o
 .ARM.attributes
                0x0000002e       0x2e D:\Venus\trunk\BlueBox\fitIDEA\samples\public\S32K358_FLASH_GCC\emptyTargetInit\CM7_2\Debug\test.o
 .ARM.attributes
                0x0000005c       0x2e D:\Venus\trunk\BlueBox\fitIDEA\samples\public\S32K358_FLASH_GCC\emptyTargetInit\CM7_2\Debug\CPUFile.o
 .ARM.attributes
                0x0000008a       0x2e D:\Venus\trunk\BlueBox\fitIDEA\samples\public\S32K358_FLASH_GCC\emptyTargetInit\CM7_2\Debug\startup.o
 .ARM.attributes
                0x000000b8       0x1e x:/gcc/gcc-arm-none-eabi-9-2019-q4/bin/../lib/gcc/arm-none-eabi/9.2.1/thumb/v7e-m/nofp\libgcc.a(_arm_addsubsf3.o)

.debug_frame    0x00000000      0x44c
 .debug_frame   0x00000000       0x2c D:\Venus\trunk\BlueBox\fitIDEA\samples\public\S32K358_FLASH_GCC\emptyTargetInit\CM7_2\Debug\main.o
 .debug_frame   0x0000002c      0x34c D:\Venus\trunk\BlueBox\fitIDEA\samples\public\S32K358_FLASH_GCC\emptyTargetInit\CM7_2\Debug\test.o
 .debug_frame   0x00000378       0x50 D:\Venus\trunk\BlueBox\fitIDEA\samples\public\S32K358_FLASH_GCC\emptyTargetInit\CM7_2\Debug\CPUFile.o
 .debug_frame   0x000003c8       0x38 D:\Venus\trunk\BlueBox\fitIDEA\samples\public\S32K358_FLASH_GCC\emptyTargetInit\CM7_2\Debug\startup.o
 .debug_frame   0x00000400       0x4c x:/gcc/gcc-arm-none-eabi-9-2019-q4/bin/../lib/gcc/arm-none-eabi/9.2.1/thumb/v7e-m/nofp\libgcc.a(_arm_addsubsf3.o)
