Archive member included to satisfy reference by file (symbol)

x:/gcc/gcc-arm-none-eabi-9-2019-q4/bin/../lib/gcc/arm-none-eabi/9.2.1/thumb/v7e-m/nofp\libgcc.a(_arm_addsubsf3.o)
                              D:\Venus\trunk\BlueBox\fitIDEA\samples\public\S32K358_FLASH_GCC\emptyTargetInit\CM7_0\Debug\test.o (__aeabi_fadd)

Discarded input sections

 .group         0x00000000        0xc D:\Venus\trunk\BlueBox\fitIDEA\samples\public\S32K358_FLASH_GCC\emptyTargetInit\CM7_0\Debug\main.o
 .group         0x00000000        0xc D:\Venus\trunk\BlueBox\fitIDEA\samples\public\S32K358_FLASH_GCC\emptyTargetInit\CM7_0\Debug\test.o
 .debug_macro   0x00000000      0xa96 D:\Venus\trunk\BlueBox\fitIDEA\samples\public\S32K358_FLASH_GCC\emptyTargetInit\CM7_0\Debug\test.o
 .group         0x00000000        0xc D:\Venus\trunk\BlueBox\fitIDEA\samples\public\S32K358_FLASH_GCC\emptyTargetInit\CM7_0\Debug\CPUFile.o
 .group         0x00000000        0xc D:\Venus\trunk\BlueBox\fitIDEA\samples\public\S32K358_FLASH_GCC\emptyTargetInit\CM7_0\Debug\CPUFile.o
 .debug_macro   0x00000000      0xa96 D:\Venus\trunk\BlueBox\fitIDEA\samples\public\S32K358_FLASH_GCC\emptyTargetInit\CM7_0\Debug\CPUFile.o
 .group         0x00000000        0xc D:\Venus\trunk\BlueBox\fitIDEA\samples\public\S32K358_FLASH_GCC\emptyTargetInit\CM7_0\Debug\startup.o
 .group         0x00000000        0xc D:\Venus\trunk\BlueBox\fitIDEA\samples\public\S32K358_FLASH_GCC\emptyTargetInit\CM7_0\Debug\startup.o
 .debug_macro   0x00000000      0xa96 D:\Venus\trunk\BlueBox\fitIDEA\samples\public\S32K358_FLASH_GCC\emptyTargetInit\CM7_0\Debug\startup.o
 .debug_macro   0x00000000      0x309 D:\Venus\trunk\BlueBox\fitIDEA\samples\public\S32K358_FLASH_GCC\emptyTargetInit\CM7_0\Debug\startup.o
 .group         0x00000000        0xc D:\Venus\trunk\BlueBox\fitIDEA\samples\public\S32K358_FLASH_GCC\emptyTargetInit\CM7_0\Debug\boot_header.o
 .group         0x00000000        0xc D:\Venus\trunk\BlueBox\fitIDEA\samples\public\S32K358_FLASH_GCC\emptyTargetInit\CM7_0\Debug\boot_header.o
 .debug_macro   0x00000000      0xa96 D:\Venus\trunk\BlueBox\fitIDEA\samples\public\S32K358_FLASH_GCC\emptyTargetInit\CM7_0\Debug\boot_header.o
 .debug_macro   0x00000000      0x309 D:\Venus\trunk\BlueBox\fitIDEA\samples\public\S32K358_FLASH_GCC\emptyTargetInit\CM7_0\Debug\boot_header.o

Memory Configuration

Name             Origin             Length             Attributes
BOOT_HEADER      0x00400000         0x00000100         r
VECT             0x00400100         0x00000400         xrw
PFLASH0          0x00400500         0x0000c000         xr
PFLASH1          0x0040c500         0x0000b000         xr
PFLASH2          0x00417900         0x0000b000         xr
DFLASH0          0x10000000         0x00010000         xr
DFLASH1          0x10010000         0x00010000         xr
DFLASH2          0x10020000         0x00010000         xr
SRAM0            0x20400000         0x00020000         rw
SRAM1            0x20420000         0x00020000         rw
SRAM2            0x20440000         0x00020000         rw
*default*        0x00000000         0xffffffff

Linker script and memory map

LOAD D:\Venus\trunk\BlueBox\fitIDEA\samples\public\S32K358_FLASH_GCC\emptyTargetInit\CM7_0\Debug\main.o
LOAD D:\Venus\trunk\BlueBox\fitIDEA\samples\public\S32K358_FLASH_GCC\emptyTargetInit\CM7_0\Debug\test.o
LOAD D:\Venus\trunk\BlueBox\fitIDEA\samples\public\S32K358_FLASH_GCC\emptyTargetInit\CM7_0\Debug\CPUFile.o
LOAD D:\Venus\trunk\BlueBox\fitIDEA\samples\public\S32K358_FLASH_GCC\emptyTargetInit\CM7_0\Debug\startup.o
LOAD D:\Venus\trunk\BlueBox\fitIDEA\samples\public\S32K358_FLASH_GCC\emptyTargetInit\CM7_0\Debug\boot_header.o
                0x00001000                __STACK_SIZE = 0x1000
                0x00001000                __HEAP_SIZE = 0x1000
                0x00400100                _VTOR = ORIGIN (VECT)

.vect           0x00400100       0x34
 *(.isr_vector)
 .isr_vector    0x00400100       0x34 D:\Venus\trunk\BlueBox\fitIDEA\samples\public\S32K358_FLASH_GCC\emptyTargetInit\CM7_0\Debug\startup.o
                0x00400100                g_pfnVectors

.text           0x00400500      0x924
 *(.vectors)
 *(.text*)
 .text          0x00400500        0x0 D:\Venus\trunk\BlueBox\fitIDEA\samples\public\S32K358_FLASH_GCC\emptyTargetInit\CM7_0\Debug\main.o
 .text.main     0x00400500       0x6c D:\Venus\trunk\BlueBox\fitIDEA\samples\public\S32K358_FLASH_GCC\emptyTargetInit\CM7_0\Debug\main.o
                0x00400500                main
 .text          0x0040056c        0x0 D:\Venus\trunk\BlueBox\fitIDEA\samples\public\S32K358_FLASH_GCC\emptyTargetInit\CM7_0\Debug\test.o
 .text.Type_Simple
                0x0040056c       0x90 D:\Venus\trunk\BlueBox\fitIDEA\samples\public\S32K358_FLASH_GCC\emptyTargetInit\CM7_0\Debug\test.o
                0x0040056c                Type_Simple
 .text.Type_Arrays
                0x004005fc       0x98 D:\Venus\trunk\BlueBox\fitIDEA\samples\public\S32K358_FLASH_GCC\emptyTargetInit\CM7_0\Debug\test.o
                0x004005fc                Type_Arrays
 .text.Type_Pointers
                0x00400694       0x4c D:\Venus\trunk\BlueBox\fitIDEA\samples\public\S32K358_FLASH_GCC\emptyTargetInit\CM7_0\Debug\test.o
                0x00400694                Type_Pointers
 .text.Type_Struct
                0x004006e0       0x68 D:\Venus\trunk\BlueBox\fitIDEA\samples\public\S32K358_FLASH_GCC\emptyTargetInit\CM7_0\Debug\test.o
                0x004006e0                Type_Struct
 .text.Type_Bitfields
                0x00400748       0x44 D:\Venus\trunk\BlueBox\fitIDEA\samples\public\S32K358_FLASH_GCC\emptyTargetInit\CM7_0\Debug\test.o
                0x00400748                Type_Bitfields
 .text.Type_Enum
                0x0040078c       0x3c D:\Venus\trunk\BlueBox\fitIDEA\samples\public\S32K358_FLASH_GCC\emptyTargetInit\CM7_0\Debug\test.o
                0x0040078c                Type_Enum
 .text.Mult     0x004007c8       0x1c D:\Venus\trunk\BlueBox\fitIDEA\samples\public\S32K358_FLASH_GCC\emptyTargetInit\CM7_0\Debug\test.o
                0x004007c8                Mult
 .text.Type_FunctionPointer
                0x004007e4       0x48 D:\Venus\trunk\BlueBox\fitIDEA\samples\public\S32K358_FLASH_GCC\emptyTargetInit\CM7_0\Debug\test.o
                0x004007e4                Type_FunctionPointer
 .text.ResetStrX
                0x0040082c       0x36 D:\Venus\trunk\BlueBox\fitIDEA\samples\public\S32K358_FLASH_GCC\emptyTargetInit\CM7_0\Debug\test.o
                0x0040082c                ResetStrX
 *fill*         0x00400862        0x2 
 .text.Type_Mixed
                0x00400864       0x38 D:\Venus\trunk\BlueBox\fitIDEA\samples\public\S32K358_FLASH_GCC\emptyTargetInit\CM7_0\Debug\test.o
                0x00400864                Type_Mixed
 .text.TestStatic
                0x0040089c       0x1c D:\Venus\trunk\BlueBox\fitIDEA\samples\public\S32K358_FLASH_GCC\emptyTargetInit\CM7_0\Debug\test.o
                0x0040089c                TestStatic
 .text.Address_GlobalVariables
                0x004008b8       0x20 D:\Venus\trunk\BlueBox\fitIDEA\samples\public\S32K358_FLASH_GCC\emptyTargetInit\CM7_0\Debug\test.o
                0x004008b8                Address_GlobalVariables
 .text.Address_TestScopes
                0x004008d8       0x7c D:\Venus\trunk\BlueBox\fitIDEA\samples\public\S32K358_FLASH_GCC\emptyTargetInit\CM7_0\Debug\test.o
                0x004008d8                Address_TestScopes
 .text.Func1    0x00400954       0x2c D:\Venus\trunk\BlueBox\fitIDEA\samples\public\S32K358_FLASH_GCC\emptyTargetInit\CM7_0\Debug\test.o
                0x00400954                Func1
 .text.Func2    0x00400980       0x44 D:\Venus\trunk\BlueBox\fitIDEA\samples\public\S32K358_FLASH_GCC\emptyTargetInit\CM7_0\Debug\test.o
                0x00400980                Func2
 .text.Func3    0x004009c4       0x18 D:\Venus\trunk\BlueBox\fitIDEA\samples\public\S32K358_FLASH_GCC\emptyTargetInit\CM7_0\Debug\test.o
                0x004009c4                Func3
 .text.Func4    0x004009dc       0x78 D:\Venus\trunk\BlueBox\fitIDEA\samples\public\S32K358_FLASH_GCC\emptyTargetInit\CM7_0\Debug\test.o
                0x004009dc                Func4
 .text.Address_DifferentFunctionParameters
                0x00400a54       0x3c D:\Venus\trunk\BlueBox\fitIDEA\samples\public\S32K358_FLASH_GCC\emptyTargetInit\CM7_0\Debug\test.o
                0x00400a54                Address_DifferentFunctionParameters
 .text.InterruptRoutine
                0x00400a90       0x1c D:\Venus\trunk\BlueBox\fitIDEA\samples\public\S32K358_FLASH_GCC\emptyTargetInit\CM7_0\Debug\test.o
                0x00400a90                InterruptRoutine
 .text.CPU_Pointers
                0x00400aac       0x1c D:\Venus\trunk\BlueBox\fitIDEA\samples\public\S32K358_FLASH_GCC\emptyTargetInit\CM7_0\Debug\test.o
                0x00400aac                CPU_Pointers
 .text.Factorial
                0x00400ac8       0x2c D:\Venus\trunk\BlueBox\fitIDEA\samples\public\S32K358_FLASH_GCC\emptyTargetInit\CM7_0\Debug\test.o
                0x00400ac8                Factorial
 .text.CPU_Recursion
                0x00400af4       0x34 D:\Venus\trunk\BlueBox\fitIDEA\samples\public\S32K358_FLASH_GCC\emptyTargetInit\CM7_0\Debug\test.o
                0x00400af4                CPU_Recursion
 .text          0x00400b28        0x0 D:\Venus\trunk\BlueBox\fitIDEA\samples\public\S32K358_FLASH_GCC\emptyTargetInit\CM7_0\Debug\CPUFile.o
 .text.disableWatchdog
                0x00400b28        0xc D:\Venus\trunk\BlueBox\fitIDEA\samples\public\S32K358_FLASH_GCC\emptyTargetInit\CM7_0\Debug\CPUFile.o
                0x00400b28                disableWatchdog
 .text.initClock
                0x00400b34       0x70 D:\Venus\trunk\BlueBox\fitIDEA\samples\public\S32K358_FLASH_GCC\emptyTargetInit\CM7_0\Debug\CPUFile.o
                0x00400b34                initClock
 .text.targetInit
                0x00400ba4        0xc D:\Venus\trunk\BlueBox\fitIDEA\samples\public\S32K358_FLASH_GCC\emptyTargetInit\CM7_0\Debug\CPUFile.o
                0x00400ba4                targetInit
 .text          0x00400bb0        0x0 D:\Venus\trunk\BlueBox\fitIDEA\samples\public\S32K358_FLASH_GCC\emptyTargetInit\CM7_0\Debug\startup.o
 .text.Reset    0x00400bb0       0x4c D:\Venus\trunk\BlueBox\fitIDEA\samples\public\S32K358_FLASH_GCC\emptyTargetInit\CM7_0\Debug\startup.o
                0x00400bb0                Reset
 .text.IntDefaultHandler
                0x00400bfc        0x6 D:\Venus\trunk\BlueBox\fitIDEA\samples\public\S32K358_FLASH_GCC\emptyTargetInit\CM7_0\Debug\startup.o
                0x00400bfc                IntDefaultHandler
 .text          0x00400c02        0x0 D:\Venus\trunk\BlueBox\fitIDEA\samples\public\S32K358_FLASH_GCC\emptyTargetInit\CM7_0\Debug\boot_header.o
 *fill*         0x00400c02        0x2 
 .text          0x00400c04      0x21c x:/gcc/gcc-arm-none-eabi-9-2019-q4/bin/../lib/gcc/arm-none-eabi/9.2.1/thumb/v7e-m/nofp\libgcc.a(_arm_addsubsf3.o)
                0x00400c04                __aeabi_frsub
                0x00400c0c                __subsf3
                0x00400c0c                __aeabi_fsub
                0x00400c10                __aeabi_fadd
                0x00400c10                __addsf3
                0x00400d70                __aeabi_ui2f
                0x00400d70                __floatunsisf
                0x00400d78                __aeabi_i2f
                0x00400d78                __floatsisf
                0x00400d94                __aeabi_ul2f
                0x00400d94                __floatundisf
                0x00400da4                __aeabi_l2f
                0x00400da4                __floatdisf
 *(.init)
 *(.fini)
 *crtbegin.o(.ctors)
 *crtbegin?.o(.ctors)
 *(EXCLUDE_FILE(*crtend.o *crtend?.o) .ctors)
 *(SORT_BY_NAME(.ctors.*))
 *(.ctors)
 *crtbegin.o(.dtors)
 *crtbegin?.o(.dtors)
 *(EXCLUDE_FILE(*crtend.o *crtend?.o) .dtors)
 *(SORT_BY_NAME(.dtors.*))
 *(.dtors)
 *(.rodata*)
 .rodata.lc_config
                0x00400e20        0x4 D:\Venus\trunk\BlueBox\fitIDEA\samples\public\S32K358_FLASH_GCC\emptyTargetInit\CM7_0\Debug\boot_header.o
                0x00400e20                lc_config
 *(.eh_frame*)

.glue_7         0x00400e24        0x0
 .glue_7        0x00400e24        0x0 linker stubs

.glue_7t        0x00400e24        0x0
 .glue_7t       0x00400e24        0x0 linker stubs

.vfp11_veneer   0x00400e24        0x0
 .vfp11_veneer  0x00400e24        0x0 linker stubs

.v4_bx          0x00400e24        0x0
 .v4_bx         0x00400e24        0x0 linker stubs

.iplt           0x00400e24        0x0
 .iplt          0x00400e24        0x0 D:\Venus\trunk\BlueBox\fitIDEA\samples\public\S32K358_FLASH_GCC\emptyTargetInit\CM7_0\Debug\main.o

.ARM.extab
 *(.ARM.extab* .gnu.linkonce.armextab.*)
                0x00400e24                __exidx_start = .

.ARM.exidx
 *(.ARM.exidx* .gnu.linkonce.armexidx.*)
                0x00400e24                __exidx_end = .

.ecc.table      0x00400e24       0x40
                0x00400e24                . = ALIGN (0x4)
                0x00400e24                __ecc_table_start__ = .
                0x00400e24        0x8 QUAD 0x20400000 __data_start__
                0x00400e2c        0x8 QUAD 0x0 ((__data_end__ - __data_start__) / 0x8)
                0x00400e34        0x8 QUAD 0x20400000 __bss_start__
                0x00400e3c        0x8 QUAD 0x2 ((__bss_end__ - __bss_start__) / 0x8)
                0x00400e44        0x8 QUAD 0x20400010 __HeapTop
                0x00400e4c        0x8 QUAD 0x200 ((__HeapLimit - __HeapTop) / 0x8)
                0x00400e54        0x8 QUAD 0x2041f000 __StackLimit
                0x00400e5c        0x8 QUAD 0x200 ((__StackTop - __StackLimit) / 0x8)
                0x00400e64                __ecc_table_end__ = .

.copy.table     0x00400e64        0xc
                0x00400e64                . = ALIGN (0x4)
                0x00400e64                __copy_table_start__ = .
                0x00400e64        0x4 LONG 0x400e70 __etext
                0x00400e68        0x4 LONG 0x20400000 __data_start__
                0x00400e6c        0x4 LONG 0x0 ((__data_end__ - __data_start__) / 0x4)
                0x00400e70                __copy_table_end__ = .

.zero.table     0x00400e70        0x0
                0x00400e70                . = ALIGN (0x4)
                0x00400e70                __zero_table_start__ = .
                0x00400e70                __zero_table_end__ = .
                0x00400e70                __etext = ALIGN (0x8)

.boot_header    0x00400000      0x100
 *(.boot_header)
 .boot_header   0x00400000      0x100 D:\Venus\trunk\BlueBox\fitIDEA\samples\public\S32K358_FLASH_GCC\emptyTargetInit\CM7_0\Debug\boot_header.o
                0x00400000                boot_header

.rel.dyn        0x00400100        0x0
 .rel.iplt      0x00400100        0x0 D:\Venus\trunk\BlueBox\fitIDEA\samples\public\S32K358_FLASH_GCC\emptyTargetInit\CM7_0\Debug\main.o

.data           0x20400000        0x0 load address 0x00400e70
                0x20400000                . = ALIGN (0x8)
                0x20400000                __data_start__ = .
 *(vtable)
 *(.data)
 .data          0x20400000        0x0 D:\Venus\trunk\BlueBox\fitIDEA\samples\public\S32K358_FLASH_GCC\emptyTargetInit\CM7_0\Debug\main.o
 .data          0x20400000        0x0 D:\Venus\trunk\BlueBox\fitIDEA\samples\public\S32K358_FLASH_GCC\emptyTargetInit\CM7_0\Debug\test.o
 .data          0x20400000        0x0 D:\Venus\trunk\BlueBox\fitIDEA\samples\public\S32K358_FLASH_GCC\emptyTargetInit\CM7_0\Debug\CPUFile.o
 .data          0x20400000        0x0 D:\Venus\trunk\BlueBox\fitIDEA\samples\public\S32K358_FLASH_GCC\emptyTargetInit\CM7_0\Debug\startup.o
 .data          0x20400000        0x0 D:\Venus\trunk\BlueBox\fitIDEA\samples\public\S32K358_FLASH_GCC\emptyTargetInit\CM7_0\Debug\boot_header.o
 .data          0x20400000        0x0 x:/gcc/gcc-arm-none-eabi-9-2019-q4/bin/../lib/gcc/arm-none-eabi/9.2.1/thumb/v7e-m/nofp\libgcc.a(_arm_addsubsf3.o)
 *(.data.*)
                0x20400000                . = ALIGN (0x4)
                [!provide]                PROVIDE (__preinit_array_start = .)
 *(.preinit_array)
                [!provide]                PROVIDE (__preinit_array_end = .)
                0x20400000                . = ALIGN (0x4)
                [!provide]                PROVIDE (__init_array_start = .)
 *(SORT_BY_NAME(.init_array.*))
 *(.init_array)
                [!provide]                PROVIDE (__init_array_end = .)
                0x20400000                . = ALIGN (0x4)
                [!provide]                PROVIDE (__fini_array_start = .)
 *(SORT_BY_NAME(.fini_array.*))
 *(.fini_array)
                [!provide]                PROVIDE (__fini_array_end = .)
 *(.jcr*)
                0x20400000                . = ALIGN (0x8)
                0x20400000                __data_end__ = .

.igot.plt       0x20400000        0x0 load address 0x00400e70
 .igot.plt      0x20400000        0x0 D:\Venus\trunk\BlueBox\fitIDEA\samples\public\S32K358_FLASH_GCC\emptyTargetInit\CM7_0\Debug\main.o

.bss            0x20400000       0x10 load address 0x00400e70
                0x20400000                . = ALIGN (0x8)
                0x20400000                __bss_start__ = .
 *(.bss)
 .bss           0x20400000        0x0 D:\Venus\trunk\BlueBox\fitIDEA\samples\public\S32K358_FLASH_GCC\emptyTargetInit\CM7_0\Debug\main.o
 .bss           0x20400000        0x0 D:\Venus\trunk\BlueBox\fitIDEA\samples\public\S32K358_FLASH_GCC\emptyTargetInit\CM7_0\Debug\test.o
 .bss           0x20400000        0x0 D:\Venus\trunk\BlueBox\fitIDEA\samples\public\S32K358_FLASH_GCC\emptyTargetInit\CM7_0\Debug\CPUFile.o
 .bss           0x20400000        0x0 D:\Venus\trunk\BlueBox\fitIDEA\samples\public\S32K358_FLASH_GCC\emptyTargetInit\CM7_0\Debug\startup.o
 .bss           0x20400000        0x0 D:\Venus\trunk\BlueBox\fitIDEA\samples\public\S32K358_FLASH_GCC\emptyTargetInit\CM7_0\Debug\boot_header.o
 .bss           0x20400000        0x0 x:/gcc/gcc-arm-none-eabi-9-2019-q4/bin/../lib/gcc/arm-none-eabi/9.2.1/thumb/v7e-m/nofp\libgcc.a(_arm_addsubsf3.o)
 *(.bss.*)
 .bss.byTestByte
                0x20400000        0x1 D:\Venus\trunk\BlueBox\fitIDEA\samples\public\S32K358_FLASH_GCC\emptyTargetInit\CM7_0\Debug\main.o
                0x20400000                byTestByte
 *fill*         0x20400001        0x1 
 .bss.wTestWord
                0x20400002        0x2 D:\Venus\trunk\BlueBox\fitIDEA\samples\public\S32K358_FLASH_GCC\emptyTargetInit\CM7_0\Debug\main.o
                0x20400002                wTestWord
 .bss.iCounter  0x20400004        0x4 D:\Venus\trunk\BlueBox\fitIDEA\samples\public\S32K358_FLASH_GCC\emptyTargetInit\CM7_0\Debug\main.o
                0x20400004                iCounter
 .bss.iInterruptCounter
                0x20400008        0x4 D:\Venus\trunk\BlueBox\fitIDEA\samples\public\S32K358_FLASH_GCC\emptyTargetInit\CM7_0\Debug\main.o
                0x20400008                iInterruptCounter
 .bss.staticI.4242
                0x2040000c        0x4 D:\Venus\trunk\BlueBox\fitIDEA\samples\public\S32K358_FLASH_GCC\emptyTargetInit\CM7_0\Debug\test.o
 *(COMMON)
                0x20400010                . = ALIGN (0x8)
                0x20400010                __bss_end__ = .

.heap           0x20400010     0x1000
                0x20400010                . = ALIGN (0x8)
                0x20400010                __HeapTop = .
                0x20400010                __end__ = .
                0x20400010                _end = .
                [!provide]                PROVIDE (end = .)
                0x20401010                . = (. + __HEAP_SIZE)
 *fill*         0x20400010     0x1000 
                0x20401010                . = ALIGN (0x8)
                0x20401010                __HeapLimit = .

.stack          0x2041f000     0x1000
                0x2041f000                . = ALIGN (0x8)
                0x2041f000                __StackLimit = .
                0x20420000                . = (. + __STACK_SIZE)
 *fill*         0x2041f000     0x1000 
                0x20420000                . = ALIGN (0x8)
                0x20420000                __StackTop = .
                0x20420000                PROVIDE (__stack = __StackTop)
                0x00000001                ASSERT ((__StackLimit >= __HeapLimit), region RAM overflowed with stack)
                0x00400500                CM7_0_START_ADDRESS = ORIGIN (PFLASH0)
                0x0040c500                CM7_1_START_ADDRESS = ORIGIN (PFLASH1)
                0x00417900                CM7_2_START_ADDRESS = ORIGIN (PFLASH2)
                0x00020000                __RAM_SIZE = LENGTH (SRAM0)
                0x20400000                __RAM_START = ORIGIN (SRAM0)
LOAD x:/gcc/gcc-arm-none-eabi-9-2019-q4/bin/../lib/gcc/arm-none-eabi/9.2.1/thumb/v7e-m/nofp\libgcc.a
LOAD x:/gcc/gcc-arm-none-eabi-9-2019-q4/bin/../lib/gcc/arm-none-eabi/9.2.1/../../../../arm-none-eabi/lib/thumb/v7e-m/nofp\libc.a
OUTPUT(output.elf elf32-littlearm)

.debug_info     0x00000000      0xa6c
 .debug_info    0x00000000       0xbd D:\Venus\trunk\BlueBox\fitIDEA\samples\public\S32K358_FLASH_GCC\emptyTargetInit\CM7_0\Debug\main.o
 .debug_info    0x000000bd      0x70b D:\Venus\trunk\BlueBox\fitIDEA\samples\public\S32K358_FLASH_GCC\emptyTargetInit\CM7_0\Debug\test.o
 .debug_info    0x000007c8       0x60 D:\Venus\trunk\BlueBox\fitIDEA\samples\public\S32K358_FLASH_GCC\emptyTargetInit\CM7_0\Debug\CPUFile.o
 .debug_info    0x00000828      0x10f D:\Venus\trunk\BlueBox\fitIDEA\samples\public\S32K358_FLASH_GCC\emptyTargetInit\CM7_0\Debug\startup.o
 .debug_info    0x00000937      0x135 D:\Venus\trunk\BlueBox\fitIDEA\samples\public\S32K358_FLASH_GCC\emptyTargetInit\CM7_0\Debug\boot_header.o

.debug_abbrev   0x00000000      0x481
 .debug_abbrev  0x00000000       0x6b D:\Venus\trunk\BlueBox\fitIDEA\samples\public\S32K358_FLASH_GCC\emptyTargetInit\CM7_0\Debug\main.o
 .debug_abbrev  0x0000006b      0x28e D:\Venus\trunk\BlueBox\fitIDEA\samples\public\S32K358_FLASH_GCC\emptyTargetInit\CM7_0\Debug\test.o
 .debug_abbrev  0x000002f9       0x49 D:\Venus\trunk\BlueBox\fitIDEA\samples\public\S32K358_FLASH_GCC\emptyTargetInit\CM7_0\Debug\CPUFile.o
 .debug_abbrev  0x00000342       0xbd D:\Venus\trunk\BlueBox\fitIDEA\samples\public\S32K358_FLASH_GCC\emptyTargetInit\CM7_0\Debug\startup.o
 .debug_abbrev  0x000003ff       0x82 D:\Venus\trunk\BlueBox\fitIDEA\samples\public\S32K358_FLASH_GCC\emptyTargetInit\CM7_0\Debug\boot_header.o

.debug_aranges  0x00000000      0x158
 .debug_aranges
                0x00000000       0x20 D:\Venus\trunk\BlueBox\fitIDEA\samples\public\S32K358_FLASH_GCC\emptyTargetInit\CM7_0\Debug\main.o
 .debug_aranges
                0x00000020       0xc8 D:\Venus\trunk\BlueBox\fitIDEA\samples\public\S32K358_FLASH_GCC\emptyTargetInit\CM7_0\Debug\test.o
 .debug_aranges
                0x000000e8       0x30 D:\Venus\trunk\BlueBox\fitIDEA\samples\public\S32K358_FLASH_GCC\emptyTargetInit\CM7_0\Debug\CPUFile.o
 .debug_aranges
                0x00000118       0x28 D:\Venus\trunk\BlueBox\fitIDEA\samples\public\S32K358_FLASH_GCC\emptyTargetInit\CM7_0\Debug\startup.o
 .debug_aranges
                0x00000140       0x18 D:\Venus\trunk\BlueBox\fitIDEA\samples\public\S32K358_FLASH_GCC\emptyTargetInit\CM7_0\Debug\boot_header.o

.debug_ranges   0x00000000      0x100
 .debug_ranges  0x00000000       0x10 D:\Venus\trunk\BlueBox\fitIDEA\samples\public\S32K358_FLASH_GCC\emptyTargetInit\CM7_0\Debug\main.o
 .debug_ranges  0x00000010       0xb8 D:\Venus\trunk\BlueBox\fitIDEA\samples\public\S32K358_FLASH_GCC\emptyTargetInit\CM7_0\Debug\test.o
 .debug_ranges  0x000000c8       0x20 D:\Venus\trunk\BlueBox\fitIDEA\samples\public\S32K358_FLASH_GCC\emptyTargetInit\CM7_0\Debug\CPUFile.o
 .debug_ranges  0x000000e8       0x18 D:\Venus\trunk\BlueBox\fitIDEA\samples\public\S32K358_FLASH_GCC\emptyTargetInit\CM7_0\Debug\startup.o

.debug_macro    0x00000000      0xe37
 .debug_macro   0x00000000       0x25 D:\Venus\trunk\BlueBox\fitIDEA\samples\public\S32K358_FLASH_GCC\emptyTargetInit\CM7_0\Debug\main.o
 .debug_macro   0x00000025      0xa96 D:\Venus\trunk\BlueBox\fitIDEA\samples\public\S32K358_FLASH_GCC\emptyTargetInit\CM7_0\Debug\main.o
 .debug_macro   0x00000abb       0x1b D:\Venus\trunk\BlueBox\fitIDEA\samples\public\S32K358_FLASH_GCC\emptyTargetInit\CM7_0\Debug\test.o
 .debug_macro   0x00000ad6       0x1a D:\Venus\trunk\BlueBox\fitIDEA\samples\public\S32K358_FLASH_GCC\emptyTargetInit\CM7_0\Debug\CPUFile.o
 .debug_macro   0x00000af0      0x309 D:\Venus\trunk\BlueBox\fitIDEA\samples\public\S32K358_FLASH_GCC\emptyTargetInit\CM7_0\Debug\CPUFile.o
 .debug_macro   0x00000df9       0x24 D:\Venus\trunk\BlueBox\fitIDEA\samples\public\S32K358_FLASH_GCC\emptyTargetInit\CM7_0\Debug\startup.o
 .debug_macro   0x00000e1d       0x1a D:\Venus\trunk\BlueBox\fitIDEA\samples\public\S32K358_FLASH_GCC\emptyTargetInit\CM7_0\Debug\boot_header.o

.debug_line     0x00000000      0x83c
 .debug_line    0x00000000       0xfc D:\Venus\trunk\BlueBox\fitIDEA\samples\public\S32K358_FLASH_GCC\emptyTargetInit\CM7_0\Debug\main.o
 .debug_line    0x000000fc      0x4d3 D:\Venus\trunk\BlueBox\fitIDEA\samples\public\S32K358_FLASH_GCC\emptyTargetInit\CM7_0\Debug\test.o
 .debug_line    0x000005cf       0xec D:\Venus\trunk\BlueBox\fitIDEA\samples\public\S32K358_FLASH_GCC\emptyTargetInit\CM7_0\Debug\CPUFile.o
 .debug_line    0x000006bb       0xf0 D:\Venus\trunk\BlueBox\fitIDEA\samples\public\S32K358_FLASH_GCC\emptyTargetInit\CM7_0\Debug\startup.o
 .debug_line    0x000007ab       0x91 D:\Venus\trunk\BlueBox\fitIDEA\samples\public\S32K358_FLASH_GCC\emptyTargetInit\CM7_0\Debug\boot_header.o

.debug_str      0x00000000     0x4904
 .debug_str     0x00000000     0x2e6d D:\Venus\trunk\BlueBox\fitIDEA\samples\public\S32K358_FLASH_GCC\emptyTargetInit\CM7_0\Debug\main.o
                               0x2e8e (size before relaxing)
 .debug_str     0x00002e6d      0x1dd D:\Venus\trunk\BlueBox\fitIDEA\samples\public\S32K358_FLASH_GCC\emptyTargetInit\CM7_0\Debug\test.o
                               0x3035 (size before relaxing)
 .debug_str     0x0000304a     0x16b5 D:\Venus\trunk\BlueBox\fitIDEA\samples\public\S32K358_FLASH_GCC\emptyTargetInit\CM7_0\Debug\CPUFile.o
                               0x442e (size before relaxing)
 .debug_str     0x000046ff       0xec D:\Venus\trunk\BlueBox\fitIDEA\samples\public\S32K358_FLASH_GCC\emptyTargetInit\CM7_0\Debug\startup.o
                               0x44b4 (size before relaxing)
 .debug_str     0x000047eb      0x119 D:\Venus\trunk\BlueBox\fitIDEA\samples\public\S32K358_FLASH_GCC\emptyTargetInit\CM7_0\Debug\boot_header.o
                               0x44dd (size before relaxing)

.comment        0x00000000       0x79
 .comment       0x00000000       0x79 D:\Venus\trunk\BlueBox\fitIDEA\samples\public\S32K358_FLASH_GCC\emptyTargetInit\CM7_0\Debug\main.o
                                 0x7a (size before relaxing)
 .comment       0x00000079       0x7a D:\Venus\trunk\BlueBox\fitIDEA\samples\public\S32K358_FLASH_GCC\emptyTargetInit\CM7_0\Debug\test.o
 .comment       0x00000079       0x7a D:\Venus\trunk\BlueBox\fitIDEA\samples\public\S32K358_FLASH_GCC\emptyTargetInit\CM7_0\Debug\CPUFile.o
 .comment       0x00000079       0x7a D:\Venus\trunk\BlueBox\fitIDEA\samples\public\S32K358_FLASH_GCC\emptyTargetInit\CM7_0\Debug\startup.o
 .comment       0x00000079       0x7a D:\Venus\trunk\BlueBox\fitIDEA\samples\public\S32K358_FLASH_GCC\emptyTargetInit\CM7_0\Debug\boot_header.o

.ARM.attributes
                0x00000000       0x2e
 .ARM.attributes
                0x00000000       0x2e D:\Venus\trunk\BlueBox\fitIDEA\samples\public\S32K358_FLASH_GCC\emptyTargetInit\CM7_0\Debug\main.o
 .ARM.attributes
                0x0000002e       0x2e D:\Venus\trunk\BlueBox\fitIDEA\samples\public\S32K358_FLASH_GCC\emptyTargetInit\CM7_0\Debug\test.o
 .ARM.attributes
                0x0000005c       0x2e D:\Venus\trunk\BlueBox\fitIDEA\samples\public\S32K358_FLASH_GCC\emptyTargetInit\CM7_0\Debug\CPUFile.o
 .ARM.attributes
                0x0000008a       0x2e D:\Venus\trunk\BlueBox\fitIDEA\samples\public\S32K358_FLASH_GCC\emptyTargetInit\CM7_0\Debug\startup.o
 .ARM.attributes
                0x000000b8       0x33 D:\Venus\trunk\BlueBox\fitIDEA\samples\public\S32K358_FLASH_GCC\emptyTargetInit\CM7_0\Debug\boot_header.o
 .ARM.attributes
                0x000000eb       0x1e x:/gcc/gcc-arm-none-eabi-9-2019-q4/bin/../lib/gcc/arm-none-eabi/9.2.1/thumb/v7e-m/nofp\libgcc.a(_arm_addsubsf3.o)

.debug_frame    0x00000000      0x46c
 .debug_frame   0x00000000       0x2c D:\Venus\trunk\BlueBox\fitIDEA\samples\public\S32K358_FLASH_GCC\emptyTargetInit\CM7_0\Debug\main.o
 .debug_frame   0x0000002c      0x34c D:\Venus\trunk\BlueBox\fitIDEA\samples\public\S32K358_FLASH_GCC\emptyTargetInit\CM7_0\Debug\test.o
 .debug_frame   0x00000378       0x70 D:\Venus\trunk\BlueBox\fitIDEA\samples\public\S32K358_FLASH_GCC\emptyTargetInit\CM7_0\Debug\CPUFile.o
 .debug_frame   0x000003e8       0x38 D:\Venus\trunk\BlueBox\fitIDEA\samples\public\S32K358_FLASH_GCC\emptyTargetInit\CM7_0\Debug\startup.o
 .debug_frame   0x00000420       0x4c x:/gcc/gcc-arm-none-eabi-9-2019-q4/bin/../lib/gcc/arm-none-eabi/9.2.1/thumb/v7e-m/nofp\libgcc.a(_arm_addsubsf3.o)
