Archive member included to satisfy reference by file (symbol)

c:/myx/sysgcc/bin/../lib/gcc/riscv64-unknown-elf/10.1.0/rv64imac/lp64\libgcc.a(addsf3.o)
                              /Common/CMakeFiles/Common.dir/test.c.obj (__addsf3)
c:/myx/sysgcc/bin/../lib/gcc/riscv64-unknown-elf/10.1.0/rv64imac/lp64\libgcc.a(mulsf3.o)
                              /Common/CMakeFiles/Common.dir/test.c.obj (__mulsf3)
c:/myx/sysgcc/bin/../lib/gcc/riscv64-unknown-elf/10.1.0/rv64imac/lp64\libgcc.a(floatunsisf.o)
                              /Common/CMakeFiles/Common.dir/test.c.obj (__floatunsisf)
c:/myx/sysgcc/bin/../lib/gcc/riscv64-unknown-elf/10.1.0/rv64imac/lp64\libgcc.a(floatdisf.o)
                              /Common/CMakeFiles/Common.dir/test.c.obj (__floatdisf)
c:/myx/sysgcc/bin/../lib/gcc/riscv64-unknown-elf/10.1.0/rv64imac/lp64\libgcc.a(_clzsi2.o)
                              c:/myx/sysgcc/bin/../lib/gcc/riscv64-unknown-elf/10.1.0/rv64imac/lp64\libgcc.a(addsf3.o) (__clzdi2)
c:/myx/sysgcc/bin/../lib/gcc/riscv64-unknown-elf/10.1.0/rv64imac/lp64\libgcc.a(_clz.o)
                              c:/myx/sysgcc/bin/../lib/gcc/riscv64-unknown-elf/10.1.0/rv64imac/lp64\libgcc.a(_clzsi2.o) (__clz_tab)

Memory Configuration

Name             Origin             Length             Attributes
FLASH            0x0000000020400000 0x0000000020000000 axrl !w
RAM              0x0000000080000000 0x0000000000004000 axw !rl
*default*        0x0000000000000000 0xffffffffffffffff

Linker script and memory map

LOAD /Common/CMakeFiles/Common.dir/main.c.obj
LOAD /Common/CMakeFiles/Common.dir/test.c.obj
LOAD CMakeFiles/sample.elf.dir/startup.c.obj
LOAD CMakeFiles/sample.elf.dir/vector.s.obj
LOAD c:/myx/sysgcc/bin/../lib/gcc/riscv64-unknown-elf/10.1.0/rv64imac/lp64\libgcc.a
START GROUP
LOAD c:/myx/sysgcc/bin/../lib/gcc/riscv64-unknown-elf/10.1.0/../../../../riscv64-unknown-elf/lib/rv64imac/lp64\libc.a
LOAD c:/myx/sysgcc/bin/../lib/gcc/riscv64-unknown-elf/10.1.0/../../../../riscv64-unknown-elf/lib/rv64imac/lp64\libgloss.a
END GROUP
LOAD c:/myx/sysgcc/bin/../lib/gcc/riscv64-unknown-elf/10.1.0/rv64imac/lp64\libgcc.a

.init           0x0000000020400000      0x772
                0x0000000020400000                _start_text = .
 *(.init)
 .init          0x0000000020400000       0x62 CMakeFiles/sample.elf.dir/startup.c.obj
                0x0000000020400000                _reset
                0x0000000020400100                . = (ORIGIN (FLASH) + 0x100)
 *fill*         0x0000000020400062       0x9e 
                0x0000000020400100                _start_vector = .
 *(.isr_vector)
 .isr_vector    0x0000000020400100      0x672 CMakeFiles/sample.elf.dir/vector.s.obj
                0x0000000020400100                IV

.text           0x0000000020400778     0x1268
                0x0000000020400778                . = ALIGN (0x4)
 *(.text*)
 .text          0x0000000020400778       0x80 /Common/CMakeFiles/Common.dir/main.c.obj
                0x0000000020400778                main
 .text          0x00000000204007f8      0x90a /Common/CMakeFiles/Common.dir/test.c.obj
                0x00000000204007f8                Type_Simple
                0x00000000204008d6                Type_Float
                0x0000000020400936                Type_Arrays
                0x0000000020400a1e                Type_Pointers
                0x0000000020400a92                Type_Struct
                0x0000000020400b34                Type_Bitfields
                0x0000000020400b9e                Type_Enum
                0x0000000020400bf4                Mult
                0x0000000020400c1e                Type_FunctionPointer
                0x0000000020400c86                ResetStrX
                0x0000000020400cda                Type_Mixed
                0x0000000020400d26                TestStatic
                0x0000000020400d4e                Address_GlobalVariables
                0x0000000020400d82                Address_TestScopes
                0x0000000020400e46                Func1
                0x0000000020400e86                Func2
                0x0000000020400ef6                Func3
                0x0000000020400f10                Func4
                0x0000000020400fc2                Address_DifferentFunctionParameters
                0x000000002040101a                InterruptRoutine
                0x0000000020401042                CPU_Pointers
                0x000000002040106a                Factorial
                0x00000000204010b2                CPU_Recursion
 .text          0x0000000020401102       0xc4 CMakeFiles/sample.elf.dir/startup.c.obj
                0x0000000020401102                isr_synctrap
                0x0000000020401120                isr_empty
                0x000000002040112e                isr_vmsi
                0x0000000020401136                isr_vmti
                0x000000002040113e                isr_vmei
                0x0000000020401146                isr_irq0
                0x000000002040114e                isr_irq1
                0x0000000020401156                isr_irq2
                0x000000002040115e                isr_irq3
                0x0000000020401166                isr_irq4
                0x000000002040116e                isr_irq5
                0x0000000020401176                isr_irq6
                0x000000002040117e                isr_irq7
                0x0000000020401186                isr_irq8
                0x000000002040118e                isr_irq9
                0x0000000020401196                isr_irq10
                0x000000002040119e                isr_irq11
                0x00000000204011a6                isr_irq12
                0x00000000204011ae                isr_irq13
                0x00000000204011b6                isr_irq14
                0x00000000204011be                isr_irq15
 .text          0x00000000204011c6        0x0 CMakeFiles/sample.elf.dir/vector.s.obj
 .text          0x00000000204011c6      0x342 c:/myx/sysgcc/bin/../lib/gcc/riscv64-unknown-elf/10.1.0/rv64imac/lp64\libgcc.a(addsf3.o)
                0x00000000204011c6                __addsf3
 .text          0x0000000020401508      0x1e8 c:/myx/sysgcc/bin/../lib/gcc/riscv64-unknown-elf/10.1.0/rv64imac/lp64\libgcc.a(mulsf3.o)
                0x0000000020401508                __mulsf3
 .text          0x00000000204016f0       0xb6 c:/myx/sysgcc/bin/../lib/gcc/riscv64-unknown-elf/10.1.0/rv64imac/lp64\libgcc.a(floatunsisf.o)
                0x00000000204016f0                __floatunsisf
 .text          0x00000000204017a6       0xc0 c:/myx/sysgcc/bin/../lib/gcc/riscv64-unknown-elf/10.1.0/rv64imac/lp64\libgcc.a(floatdisf.o)
                0x00000000204017a6                __floatdisf
 .text          0x0000000020401866       0x30 c:/myx/sysgcc/bin/../lib/gcc/riscv64-unknown-elf/10.1.0/rv64imac/lp64\libgcc.a(_clzsi2.o)
                0x0000000020401866                __clzdi2
 .text          0x0000000020401896        0x0 c:/myx/sysgcc/bin/../lib/gcc/riscv64-unknown-elf/10.1.0/rv64imac/lp64\libgcc.a(_clz.o)
 *(.rodata*)
 *fill*         0x0000000020401896        0x2 
 .rodata        0x0000000020401898        0x8 /Common/CMakeFiles/Common.dir/test.c.obj
 .rodata        0x00000000204018a0       0x3c c:/myx/sysgcc/bin/../lib/gcc/riscv64-unknown-elf/10.1.0/rv64imac/lp64\libgcc.a(mulsf3.o)
 *fill*         0x00000000204018dc        0x4 
 .rodata        0x00000000204018e0      0x100 c:/myx/sysgcc/bin/../lib/gcc/riscv64-unknown-elf/10.1.0/rv64imac/lp64\libgcc.a(_clz.o)
                0x00000000204018e0                __clz_tab
                0x00000000204019e0                . = ALIGN (0x4)
                0x00000000204019e0                _end_text = .
                0x00000000204019e0                _stored_data = .

.rela.dyn       0x00000000204019e0        0x0
 .rela.init     0x00000000204019e0        0x0 /Common/CMakeFiles/Common.dir/main.c.obj

.data           0x0000000080000000        0x4 load address 0x00000000204019e0
                0x0000000080000000                _start_data = .
 *(.data*)
 .data          0x0000000080000000        0x0 /Common/CMakeFiles/Common.dir/main.c.obj
 .data          0x0000000080000000        0x0 /Common/CMakeFiles/Common.dir/test.c.obj
 .data          0x0000000080000000        0x0 CMakeFiles/sample.elf.dir/startup.c.obj
 .data          0x0000000080000000        0x0 CMakeFiles/sample.elf.dir/vector.s.obj
 .data          0x0000000080000000        0x0 c:/myx/sysgcc/bin/../lib/gcc/riscv64-unknown-elf/10.1.0/rv64imac/lp64\libgcc.a(addsf3.o)
 .data          0x0000000080000000        0x0 c:/myx/sysgcc/bin/../lib/gcc/riscv64-unknown-elf/10.1.0/rv64imac/lp64\libgcc.a(mulsf3.o)
 .data          0x0000000080000000        0x0 c:/myx/sysgcc/bin/../lib/gcc/riscv64-unknown-elf/10.1.0/rv64imac/lp64\libgcc.a(floatunsisf.o)
 .data          0x0000000080000000        0x0 c:/myx/sysgcc/bin/../lib/gcc/riscv64-unknown-elf/10.1.0/rv64imac/lp64\libgcc.a(floatdisf.o)
 .data          0x0000000080000000        0x0 c:/myx/sysgcc/bin/../lib/gcc/riscv64-unknown-elf/10.1.0/rv64imac/lp64\libgcc.a(_clzsi2.o)
 .data          0x0000000080000000        0x0 c:/myx/sysgcc/bin/../lib/gcc/riscv64-unknown-elf/10.1.0/rv64imac/lp64\libgcc.a(_clz.o)
                0x0000000080000800                __global_pointer$ = (. + 0x800)
 *(.sdata*)
 .sdata         0x0000000080000000        0x4 CMakeFiles/sample.elf.dir/startup.c.obj
                0x0000000080000004                . = ALIGN (0x4)
                0x0000000080000004                _end_data = .
                0x0000000080000004                _edata = .

.bss            0x0000000080000004       0x18 load address 0x00000000204019e4
                0x0000000080000004                _start_bss = .
 *(.sbss*)
 .sbss          0x0000000080000004        0xc /Common/CMakeFiles/Common.dir/main.c.obj
                0x0000000080000004                byTestByte
                0x0000000080000006                wTestWord
                0x0000000080000008                iCounter
                0x000000008000000c                iInterruptCounter
 *(.bss*)
 .bss           0x0000000080000010        0x0 /Common/CMakeFiles/Common.dir/main.c.obj
 .bss           0x0000000080000010        0x4 /Common/CMakeFiles/Common.dir/test.c.obj
 .bss           0x0000000080000014        0x8 CMakeFiles/sample.elf.dir/startup.c.obj
 .bss           0x000000008000001c        0x0 CMakeFiles/sample.elf.dir/vector.s.obj
 .bss           0x000000008000001c        0x0 c:/myx/sysgcc/bin/../lib/gcc/riscv64-unknown-elf/10.1.0/rv64imac/lp64\libgcc.a(addsf3.o)
 .bss           0x000000008000001c        0x0 c:/myx/sysgcc/bin/../lib/gcc/riscv64-unknown-elf/10.1.0/rv64imac/lp64\libgcc.a(mulsf3.o)
 .bss           0x000000008000001c        0x0 c:/myx/sysgcc/bin/../lib/gcc/riscv64-unknown-elf/10.1.0/rv64imac/lp64\libgcc.a(floatunsisf.o)
 .bss           0x000000008000001c        0x0 c:/myx/sysgcc/bin/../lib/gcc/riscv64-unknown-elf/10.1.0/rv64imac/lp64\libgcc.a(floatdisf.o)
 .bss           0x000000008000001c        0x0 c:/myx/sysgcc/bin/../lib/gcc/riscv64-unknown-elf/10.1.0/rv64imac/lp64\libgcc.a(_clzsi2.o)
 .bss           0x000000008000001c        0x0 c:/myx/sysgcc/bin/../lib/gcc/riscv64-unknown-elf/10.1.0/rv64imac/lp64\libgcc.a(_clz.o)
 *(COMMON)
                0x000000008000001c                . = ALIGN (0x4)
                0x000000008000001c                _end_bss = .
                0x000000008000001c                _end = .
                [!provide]                        PROVIDE (_start_heap = _end)
                0x0000000080003c00                PROVIDE (_end_stack = (ORIGIN (RAM) + (LENGTH (RAM) - 0x400)))
OUTPUT(sample.elf elf64-littleriscv)

.debug_info     0x0000000000000000     0x19f3
 .debug_info    0x0000000000000000       0xb9 /Common/CMakeFiles/Common.dir/main.c.obj
 .debug_info    0x00000000000000b9      0x828 /Common/CMakeFiles/Common.dir/test.c.obj
 .debug_info    0x00000000000008e1      0x367 CMakeFiles/sample.elf.dir/startup.c.obj
 .debug_info    0x0000000000000c48       0x2e CMakeFiles/sample.elf.dir/vector.s.obj
 .debug_info    0x0000000000000c76      0x37b c:/myx/sysgcc/bin/../lib/gcc/riscv64-unknown-elf/10.1.0/rv64imac/lp64\libgcc.a(addsf3.o)
 .debug_info    0x0000000000000ff1      0x2fa c:/myx/sysgcc/bin/../lib/gcc/riscv64-unknown-elf/10.1.0/rv64imac/lp64\libgcc.a(mulsf3.o)
 .debug_info    0x00000000000012eb      0x252 c:/myx/sysgcc/bin/../lib/gcc/riscv64-unknown-elf/10.1.0/rv64imac/lp64\libgcc.a(floatunsisf.o)
 .debug_info    0x000000000000153d      0x26b c:/myx/sysgcc/bin/../lib/gcc/riscv64-unknown-elf/10.1.0/rv64imac/lp64\libgcc.a(floatdisf.o)
 .debug_info    0x00000000000017a8      0x162 c:/myx/sysgcc/bin/../lib/gcc/riscv64-unknown-elf/10.1.0/rv64imac/lp64\libgcc.a(_clzsi2.o)
 .debug_info    0x000000000000190a       0xe9 c:/myx/sysgcc/bin/../lib/gcc/riscv64-unknown-elf/10.1.0/rv64imac/lp64\libgcc.a(_clz.o)

.debug_abbrev   0x0000000000000000      0xa93
 .debug_abbrev  0x0000000000000000       0x59 /Common/CMakeFiles/Common.dir/main.c.obj
 .debug_abbrev  0x0000000000000059      0x28d /Common/CMakeFiles/Common.dir/test.c.obj
 .debug_abbrev  0x00000000000002e6       0xad CMakeFiles/sample.elf.dir/startup.c.obj
 .debug_abbrev  0x0000000000000393       0x14 CMakeFiles/sample.elf.dir/vector.s.obj
 .debug_abbrev  0x00000000000003a7      0x161 c:/myx/sysgcc/bin/../lib/gcc/riscv64-unknown-elf/10.1.0/rv64imac/lp64\libgcc.a(addsf3.o)
 .debug_abbrev  0x0000000000000508      0x154 c:/myx/sysgcc/bin/../lib/gcc/riscv64-unknown-elf/10.1.0/rv64imac/lp64\libgcc.a(mulsf3.o)
 .debug_abbrev  0x000000000000065c      0x179 c:/myx/sysgcc/bin/../lib/gcc/riscv64-unknown-elf/10.1.0/rv64imac/lp64\libgcc.a(floatunsisf.o)
 .debug_abbrev  0x00000000000007d5      0x184 c:/myx/sysgcc/bin/../lib/gcc/riscv64-unknown-elf/10.1.0/rv64imac/lp64\libgcc.a(floatdisf.o)
 .debug_abbrev  0x0000000000000959       0xca c:/myx/sysgcc/bin/../lib/gcc/riscv64-unknown-elf/10.1.0/rv64imac/lp64\libgcc.a(_clzsi2.o)
 .debug_abbrev  0x0000000000000a23       0x70 c:/myx/sysgcc/bin/../lib/gcc/riscv64-unknown-elf/10.1.0/rv64imac/lp64\libgcc.a(_clz.o)

.debug_aranges  0x0000000000000000      0x1e0
 .debug_aranges
                0x0000000000000000       0x30 /Common/CMakeFiles/Common.dir/main.c.obj
 .debug_aranges
                0x0000000000000030       0x30 /Common/CMakeFiles/Common.dir/test.c.obj
 .debug_aranges
                0x0000000000000060       0x40 CMakeFiles/sample.elf.dir/startup.c.obj
 .debug_aranges
                0x00000000000000a0       0x30 CMakeFiles/sample.elf.dir/vector.s.obj
 .debug_aranges
                0x00000000000000d0       0x30 c:/myx/sysgcc/bin/../lib/gcc/riscv64-unknown-elf/10.1.0/rv64imac/lp64\libgcc.a(addsf3.o)
 .debug_aranges
                0x0000000000000100       0x30 c:/myx/sysgcc/bin/../lib/gcc/riscv64-unknown-elf/10.1.0/rv64imac/lp64\libgcc.a(mulsf3.o)
 .debug_aranges
                0x0000000000000130       0x30 c:/myx/sysgcc/bin/../lib/gcc/riscv64-unknown-elf/10.1.0/rv64imac/lp64\libgcc.a(floatunsisf.o)
 .debug_aranges
                0x0000000000000160       0x30 c:/myx/sysgcc/bin/../lib/gcc/riscv64-unknown-elf/10.1.0/rv64imac/lp64\libgcc.a(floatdisf.o)
 .debug_aranges
                0x0000000000000190       0x30 c:/myx/sysgcc/bin/../lib/gcc/riscv64-unknown-elf/10.1.0/rv64imac/lp64\libgcc.a(_clzsi2.o)
 .debug_aranges
                0x00000000000001c0       0x20 c:/myx/sysgcc/bin/../lib/gcc/riscv64-unknown-elf/10.1.0/rv64imac/lp64\libgcc.a(_clz.o)

.debug_line     0x0000000000000000     0x27f9
 .debug_line    0x0000000000000000      0x12a /Common/CMakeFiles/Common.dir/main.c.obj
 .debug_line    0x000000000000012a      0x7d8 /Common/CMakeFiles/Common.dir/test.c.obj
 .debug_line    0x0000000000000902      0x311 CMakeFiles/sample.elf.dir/startup.c.obj
 .debug_line    0x0000000000000c13      0x298 CMakeFiles/sample.elf.dir/vector.s.obj
 .debug_line    0x0000000000000eab      0xa47 c:/myx/sysgcc/bin/../lib/gcc/riscv64-unknown-elf/10.1.0/rv64imac/lp64\libgcc.a(addsf3.o)
 .debug_line    0x00000000000018f2      0x6b7 c:/myx/sysgcc/bin/../lib/gcc/riscv64-unknown-elf/10.1.0/rv64imac/lp64\libgcc.a(mulsf3.o)
 .debug_line    0x0000000000001fa9      0x36b c:/myx/sysgcc/bin/../lib/gcc/riscv64-unknown-elf/10.1.0/rv64imac/lp64\libgcc.a(floatunsisf.o)
 .debug_line    0x0000000000002314      0x373 c:/myx/sysgcc/bin/../lib/gcc/riscv64-unknown-elf/10.1.0/rv64imac/lp64\libgcc.a(floatdisf.o)
 .debug_line    0x0000000000002687      0x104 c:/myx/sysgcc/bin/../lib/gcc/riscv64-unknown-elf/10.1.0/rv64imac/lp64\libgcc.a(_clzsi2.o)
 .debug_line    0x000000000000278b       0x6e c:/myx/sysgcc/bin/../lib/gcc/riscv64-unknown-elf/10.1.0/rv64imac/lp64\libgcc.a(_clz.o)

.debug_str      0x0000000000000000      0xa05
 .debug_str     0x0000000000000000      0x138 /Common/CMakeFiles/Common.dir/main.c.obj
 .debug_str     0x0000000000000138      0x1b7 /Common/CMakeFiles/Common.dir/test.c.obj
                                        0x2ea (size before relaxing)
 .debug_str     0x00000000000002ef      0x1ae CMakeFiles/sample.elf.dir/startup.c.obj
                                        0x2ad (size before relaxing)
 .debug_str     0x000000000000049d       0x47 CMakeFiles/sample.elf.dir/vector.s.obj
                                         0x7f (size before relaxing)
 .debug_str     0x00000000000004e4      0x2c6 c:/myx/sysgcc/bin/../lib/gcc/riscv64-unknown-elf/10.1.0/rv64imac/lp64\libgcc.a(addsf3.o)
                                        0x30e (size before relaxing)
 .debug_str     0x00000000000007aa       0xe3 c:/myx/sysgcc/bin/../lib/gcc/riscv64-unknown-elf/10.1.0/rv64imac/lp64\libgcc.a(mulsf3.o)
                                        0x2d1 (size before relaxing)
 .debug_str     0x000000000000088d       0x90 c:/myx/sysgcc/bin/../lib/gcc/riscv64-unknown-elf/10.1.0/rv64imac/lp64\libgcc.a(floatunsisf.o)
                                        0x2d6 (size before relaxing)
 .debug_str     0x000000000000091d       0x5f c:/myx/sysgcc/bin/../lib/gcc/riscv64-unknown-elf/10.1.0/rv64imac/lp64\libgcc.a(floatdisf.o)
                                        0x2d9 (size before relaxing)
 .debug_str     0x000000000000097c       0x89 c:/myx/sysgcc/bin/../lib/gcc/riscv64-unknown-elf/10.1.0/rv64imac/lp64\libgcc.a(_clzsi2.o)
                                        0x267 (size before relaxing)
 .debug_str     0x0000000000000a05      0x24a c:/myx/sysgcc/bin/../lib/gcc/riscv64-unknown-elf/10.1.0/rv64imac/lp64\libgcc.a(_clz.o)

.comment        0x0000000000000000       0x12
 .comment       0x0000000000000000       0x12 /Common/CMakeFiles/Common.dir/main.c.obj
                                         0x13 (size before relaxing)
 .comment       0x0000000000000012       0x13 /Common/CMakeFiles/Common.dir/test.c.obj
 .comment       0x0000000000000012       0x13 CMakeFiles/sample.elf.dir/startup.c.obj
 .comment       0x0000000000000012       0x13 c:/myx/sysgcc/bin/../lib/gcc/riscv64-unknown-elf/10.1.0/rv64imac/lp64\libgcc.a(addsf3.o)
 .comment       0x0000000000000012       0x13 c:/myx/sysgcc/bin/../lib/gcc/riscv64-unknown-elf/10.1.0/rv64imac/lp64\libgcc.a(mulsf3.o)
 .comment       0x0000000000000012       0x13 c:/myx/sysgcc/bin/../lib/gcc/riscv64-unknown-elf/10.1.0/rv64imac/lp64\libgcc.a(floatunsisf.o)
 .comment       0x0000000000000012       0x13 c:/myx/sysgcc/bin/../lib/gcc/riscv64-unknown-elf/10.1.0/rv64imac/lp64\libgcc.a(floatdisf.o)
 .comment       0x0000000000000012       0x13 c:/myx/sysgcc/bin/../lib/gcc/riscv64-unknown-elf/10.1.0/rv64imac/lp64\libgcc.a(_clzsi2.o)
 .comment       0x0000000000000012       0x13 c:/myx/sysgcc/bin/../lib/gcc/riscv64-unknown-elf/10.1.0/rv64imac/lp64\libgcc.a(_clz.o)

.riscv.attributes
                0x0000000000000000       0x2b
 .riscv.attributes
                0x0000000000000000       0x2b /Common/CMakeFiles/Common.dir/main.c.obj
 .riscv.attributes
                0x000000000000002b       0x2b /Common/CMakeFiles/Common.dir/test.c.obj
 .riscv.attributes
                0x0000000000000056       0x2b CMakeFiles/sample.elf.dir/startup.c.obj
 .riscv.attributes
                0x0000000000000081       0x29 CMakeFiles/sample.elf.dir/vector.s.obj
 .riscv.attributes
                0x00000000000000aa       0x2b c:/myx/sysgcc/bin/../lib/gcc/riscv64-unknown-elf/10.1.0/rv64imac/lp64\libgcc.a(addsf3.o)
 .riscv.attributes
                0x00000000000000d5       0x2b c:/myx/sysgcc/bin/../lib/gcc/riscv64-unknown-elf/10.1.0/rv64imac/lp64\libgcc.a(mulsf3.o)
 .riscv.attributes
                0x0000000000000100       0x2b c:/myx/sysgcc/bin/../lib/gcc/riscv64-unknown-elf/10.1.0/rv64imac/lp64\libgcc.a(floatunsisf.o)
 .riscv.attributes
                0x000000000000012b       0x2b c:/myx/sysgcc/bin/../lib/gcc/riscv64-unknown-elf/10.1.0/rv64imac/lp64\libgcc.a(floatdisf.o)
 .riscv.attributes
                0x0000000000000156       0x2b c:/myx/sysgcc/bin/../lib/gcc/riscv64-unknown-elf/10.1.0/rv64imac/lp64\libgcc.a(_clzsi2.o)
 .riscv.attributes
                0x0000000000000181       0x2b c:/myx/sysgcc/bin/../lib/gcc/riscv64-unknown-elf/10.1.0/rv64imac/lp64\libgcc.a(_clz.o)

.debug_frame    0x0000000000000000      0x970
 .debug_frame   0x0000000000000000       0x38 /Common/CMakeFiles/Common.dir/main.c.obj
 .debug_frame   0x0000000000000038      0x470 /Common/CMakeFiles/Common.dir/test.c.obj
 .debug_frame   0x00000000000004a8      0x380 CMakeFiles/sample.elf.dir/startup.c.obj
 .debug_frame   0x0000000000000828       0x48 c:/myx/sysgcc/bin/../lib/gcc/riscv64-unknown-elf/10.1.0/rv64imac/lp64\libgcc.a(addsf3.o)
 .debug_frame   0x0000000000000870       0x58 c:/myx/sysgcc/bin/../lib/gcc/riscv64-unknown-elf/10.1.0/rv64imac/lp64\libgcc.a(mulsf3.o)
 .debug_frame   0x00000000000008c8       0x40 c:/myx/sysgcc/bin/../lib/gcc/riscv64-unknown-elf/10.1.0/rv64imac/lp64\libgcc.a(floatunsisf.o)
 .debug_frame   0x0000000000000908       0x40 c:/myx/sysgcc/bin/../lib/gcc/riscv64-unknown-elf/10.1.0/rv64imac/lp64\libgcc.a(floatdisf.o)
 .debug_frame   0x0000000000000948       0x28 c:/myx/sysgcc/bin/../lib/gcc/riscv64-unknown-elf/10.1.0/rv64imac/lp64\libgcc.a(_clzsi2.o)

.debug_ranges   0x0000000000000000      0x560
 .debug_ranges  0x0000000000000000       0x30 CMakeFiles/sample.elf.dir/startup.c.obj
 .debug_ranges  0x0000000000000030      0x270 c:/myx/sysgcc/bin/../lib/gcc/riscv64-unknown-elf/10.1.0/rv64imac/lp64\libgcc.a(addsf3.o)
 .debug_ranges  0x00000000000002a0      0x120 c:/myx/sysgcc/bin/../lib/gcc/riscv64-unknown-elf/10.1.0/rv64imac/lp64\libgcc.a(mulsf3.o)
 .debug_ranges  0x00000000000003c0       0xd0 c:/myx/sysgcc/bin/../lib/gcc/riscv64-unknown-elf/10.1.0/rv64imac/lp64\libgcc.a(floatunsisf.o)
 .debug_ranges  0x0000000000000490       0xa0 c:/myx/sysgcc/bin/../lib/gcc/riscv64-unknown-elf/10.1.0/rv64imac/lp64\libgcc.a(floatdisf.o)
 .debug_ranges  0x0000000000000530       0x30 c:/myx/sysgcc/bin/../lib/gcc/riscv64-unknown-elf/10.1.0/rv64imac/lp64\libgcc.a(_clzsi2.o)

.debug_loc      0x0000000000000000     0x1f33
 .debug_loc     0x0000000000000000     0x10aa c:/myx/sysgcc/bin/../lib/gcc/riscv64-unknown-elf/10.1.0/rv64imac/lp64\libgcc.a(addsf3.o)
 .debug_loc     0x00000000000010aa      0x890 c:/myx/sysgcc/bin/../lib/gcc/riscv64-unknown-elf/10.1.0/rv64imac/lp64\libgcc.a(mulsf3.o)
 .debug_loc     0x000000000000193a      0x292 c:/myx/sysgcc/bin/../lib/gcc/riscv64-unknown-elf/10.1.0/rv64imac/lp64\libgcc.a(floatunsisf.o)
 .debug_loc     0x0000000000001bcc      0x2bd c:/myx/sysgcc/bin/../lib/gcc/riscv64-unknown-elf/10.1.0/rv64imac/lp64\libgcc.a(floatdisf.o)
 .debug_loc     0x0000000000001e89       0xaa c:/myx/sysgcc/bin/../lib/gcc/riscv64-unknown-elf/10.1.0/rv64imac/lp64\libgcc.a(_clzsi2.o)
