
Memory Configuration

Name             Origin             Length             Attributes
FLASH            0x0000000000100000 0x0000000007f00000 xr
RAM              0x0000000040000000 0x0000000008000000 xrw
*default*        0x0000000000000000 0xffffffffffffffff

Linker script and memory map

                0x0000000000010000                STACK_SIZE = 0x10000
                0x0000000000010000                HEAP_SIZE = 0x10000

.init           0x0000000000100000       0xd0
 *(.init)
 .init          0x0000000000100000       0xa8 CMakeFiles/sample.elf.dir/startup.c.obj
                0x0000000000100000                _reset
 .init          0x00000000001000a8       0x28 CMakeFiles/sample.elf.dir/stacksetup.s.obj
                0x00000000001000a8                _start

.text           0x00000000001000d0      0xc28
 *(.text)
 .text          0x00000000001000d0       0x88 /Common/CMakeFiles/Common.dir/main.c.obj
                0x00000000001000d0                main
 .text          0x0000000000100158      0xa50 /Common/CMakeFiles/Common.dir/test.c.obj
                0x0000000000100158                Type_Simple
                0x000000000010032c                Type_Float
                0x000000000010039c                Type_Arrays
                0x00000000001004a4                Type_Pointers
                0x0000000000100524                Type_Struct
                0x00000000001005cc                Type_Bitfields
                0x0000000000100630                Type_Enum
                0x0000000000100694                Mult
                0x00000000001006b4                Type_FunctionPointer
                0x0000000000100730                ResetStrX
                0x0000000000100788                Type_Mixed
                0x00000000001007d8                TestStatic
                0x00000000001007fc                Address_GlobalVariables
                0x0000000000100834                Address_TestScopes
                0x000000000010090c                Func1
                0x000000000010094c                Func2
                0x00000000001009b8                Func3
                0x00000000001009d4                Func4
                0x0000000000100a68                Address_DifferentFunctionParameters
                0x0000000000100ac8                InterruptRoutine
                0x0000000000100aec                CPU_Pointers
                0x0000000000100b10                Factorial
                0x0000000000100b50                CPU_Recursion
 .text          0x0000000000100ba8        0x0 CMakeFiles/sample.elf.dir/startup.c.obj
 .text          0x0000000000100ba8      0x150 CMakeFiles/sample.elf.dir/syscalls.c.obj
                0x0000000000100ba8                _sbrk
                0x0000000000100c14                _fstat
                0x0000000000100c38                _lseek
                0x0000000000100c54                _close
                0x0000000000100c68                _write
                0x0000000000100cb0                _read
 .text          0x0000000000100cf8        0x0 CMakeFiles/sample.elf.dir/stacksetup.s.obj
                0x0000000000100cf8                _etext = .

.iplt           0x0000000000100cf8        0x0
 .iplt          0x0000000000100cf8        0x0 /Common/CMakeFiles/Common.dir/main.c.obj

.rela.dyn       0x0000000000100cf8        0x0
 .rela.iplt     0x0000000000100cf8        0x0 /Common/CMakeFiles/Common.dir/main.c.obj
 .rela.text     0x0000000000100cf8        0x0 /Common/CMakeFiles/Common.dir/main.c.obj
 .rela.init     0x0000000000100cf8        0x0 /Common/CMakeFiles/Common.dir/main.c.obj

.data           0x0000000040000000        0x0 load address 0x0000000000100cf8
                0x0000000040000000                _sdata = .
 *(.rodata)
 *(.data)
 .data          0x0000000040000000        0x0 /Common/CMakeFiles/Common.dir/main.c.obj
 .data          0x0000000040000000        0x0 /Common/CMakeFiles/Common.dir/test.c.obj
 .data          0x0000000040000000        0x0 CMakeFiles/sample.elf.dir/startup.c.obj
 .data          0x0000000040000000        0x0 CMakeFiles/sample.elf.dir/syscalls.c.obj
 .data          0x0000000040000000        0x0 CMakeFiles/sample.elf.dir/stacksetup.s.obj
                0x0000000040000000                _edata = .

.igot.plt       0x0000000040000000        0x0 load address 0x0000000000100cf8
 .igot.plt      0x0000000040000000        0x0 /Common/CMakeFiles/Common.dir/main.c.obj

.bss            0x0000000040000000       0x40 load address 0x0000000000100cf8
                0x0000000040000000                _sbss = .
 *(.bss*)
 .bss           0x0000000040000000       0x1c /Common/CMakeFiles/Common.dir/main.c.obj
                0x0000000040000000                byTestByte
                0x0000000040000002                wTestWord
                0x0000000040000004                iCounter
                0x0000000040000008                iInterruptCounter
                0x0000000040000010                longEnforcer
                0x0000000040000018                floatEnforcer
 .bss           0x000000004000001c        0x4 /Common/CMakeFiles/Common.dir/test.c.obj
 .bss           0x0000000040000020       0x14 CMakeFiles/sample.elf.dir/startup.c.obj
 *fill*         0x0000000040000034        0x4 
 .bss           0x0000000040000038        0x8 CMakeFiles/sample.elf.dir/syscalls.c.obj
 .bss           0x0000000040000040        0x0 CMakeFiles/sample.elf.dir/stacksetup.s.obj
 *(COMMON)
                0x0000000040000040                _ebss = .

.stack          0x0000000040000040    0x10000 load address 0x0000000000100cf8
                0x0000000040000040                . = ALIGN (0x10)
                0x0000000040010040                . = (. + STACK_SIZE)
 *fill*         0x0000000040000040    0x10000 
                0x0000000040010040                . = ALIGN (0x10)
                0x0000000040010040                _stack = .

.heap           0x0000000040010040    0x10000 load address 0x0000000000100cf8
                0x0000000040010040                . = ALIGN (0x10)
                0x0000000040010040                _end = .
                0x0000000040020040                . = (. + HEAP_SIZE)
 *fill*         0x0000000040010040    0x10000 
                0x0000000040020040                . = ALIGN (0x10)
LOAD c:/myx/aarch64-none-elf/bin/../lib/gcc/aarch64-none-elf/12.2.1\libstdc++.a
LOAD c:/myx/aarch64-none-elf/bin/../lib/gcc/aarch64-none-elf/12.2.1\libg.a
LOAD c:/myx/aarch64-none-elf/bin/../lib/gcc/aarch64-none-elf/12.2.1\libm.a
LOAD c:/myx/aarch64-none-elf/bin/../lib/gcc/aarch64-none-elf/12.2.1\libc.a
LOAD c:/myx/aarch64-none-elf/bin/../lib/gcc/aarch64-none-elf/12.2.1\librdimon.a
LOAD /Common/CMakeFiles/Common.dir/main.c.obj
LOAD /Common/CMakeFiles/Common.dir/test.c.obj
LOAD CMakeFiles/sample.elf.dir/startup.c.obj
LOAD CMakeFiles/sample.elf.dir/syscalls.c.obj
LOAD CMakeFiles/sample.elf.dir/stacksetup.s.obj
LOAD c:/myx/aarch64-none-elf/bin/../lib/gcc/aarch64-none-elf/12.2.1\libgcc.a
LOAD c:/myx/aarch64-none-elf/bin/../lib/gcc/aarch64-none-elf/12.2.1\libg.a
LOAD c:/myx/aarch64-none-elf/bin/../lib/gcc/aarch64-none-elf/12.2.1\libc.a
LOAD c:/myx/aarch64-none-elf/bin/../lib/gcc/aarch64-none-elf/12.2.1\libgcc.a
OUTPUT(sample.elf elf64-littleaarch64)
LOAD linker stubs

.debug_frame    0x0000000000000000      0x520
 .debug_frame   0x0000000000000000       0x38 /Common/CMakeFiles/Common.dir/main.c.obj
 .debug_frame   0x0000000000000038      0x3b0 /Common/CMakeFiles/Common.dir/test.c.obj
 .debug_frame   0x00000000000003e8       0x38 CMakeFiles/sample.elf.dir/startup.c.obj
 .debug_frame   0x0000000000000420      0x100 CMakeFiles/sample.elf.dir/syscalls.c.obj

.debug_info     0x0000000000000000      0xea1
 .debug_info    0x0000000000000000      0x142 /Common/CMakeFiles/Common.dir/main.c.obj
 .debug_info    0x0000000000000142      0x7c0 /Common/CMakeFiles/Common.dir/test.c.obj
 .debug_info    0x0000000000000902      0x148 CMakeFiles/sample.elf.dir/startup.c.obj
 .debug_info    0x0000000000000a4a      0x457 CMakeFiles/sample.elf.dir/syscalls.c.obj

.debug_abbrev   0x0000000000000000      0x4c1
 .debug_abbrev  0x0000000000000000       0x6e /Common/CMakeFiles/Common.dir/main.c.obj
 .debug_abbrev  0x000000000000006e      0x2b1 /Common/CMakeFiles/Common.dir/test.c.obj
 .debug_abbrev  0x000000000000031f       0xa0 CMakeFiles/sample.elf.dir/startup.c.obj
 .debug_abbrev  0x00000000000003bf      0x102 CMakeFiles/sample.elf.dir/syscalls.c.obj

.debug_aranges  0x0000000000000000       0xc0
 .debug_aranges
                0x0000000000000000       0x30 /Common/CMakeFiles/Common.dir/main.c.obj
 .debug_aranges
                0x0000000000000030       0x30 /Common/CMakeFiles/Common.dir/test.c.obj
 .debug_aranges
                0x0000000000000060       0x30 CMakeFiles/sample.elf.dir/startup.c.obj
 .debug_aranges
                0x0000000000000090       0x30 CMakeFiles/sample.elf.dir/syscalls.c.obj

.debug_line     0x0000000000000000      0x617
 .debug_line    0x0000000000000000       0xb5 /Common/CMakeFiles/Common.dir/main.c.obj
 .debug_line    0x00000000000000b5      0x3da /Common/CMakeFiles/Common.dir/test.c.obj
 .debug_line    0x000000000000048f       0x95 CMakeFiles/sample.elf.dir/startup.c.obj
 .debug_line    0x0000000000000524       0xf3 CMakeFiles/sample.elf.dir/syscalls.c.obj

.debug_str      0x0000000000000000      0x448
 .debug_str     0x0000000000000000      0x1d8 /Common/CMakeFiles/Common.dir/main.c.obj
                                        0x1e1 (size before relaxing)
 .debug_str     0x00000000000001d8       0x9f /Common/CMakeFiles/Common.dir/test.c.obj
                                        0x2a4 (size before relaxing)
 .debug_str     0x0000000000000277       0x5e CMakeFiles/sample.elf.dir/startup.c.obj
                                        0x142 (size before relaxing)
 .debug_str     0x00000000000002d5      0x173 CMakeFiles/sample.elf.dir/syscalls.c.obj
                                        0x2c2 (size before relaxing)

.debug_line_str
                0x0000000000000000      0x239
 .debug_line_str
                0x0000000000000000       0xa8 /Common/CMakeFiles/Common.dir/main.c.obj
                                         0xee (size before relaxing)
 .debug_line_str
                0x00000000000000a8       0x3f /Common/CMakeFiles/Common.dir/test.c.obj
                                         0xee (size before relaxing)
 .debug_line_str
                0x00000000000000e7       0xf7 CMakeFiles/sample.elf.dir/startup.c.obj
                                        0x17b (size before relaxing)
 .debug_line_str
                0x00000000000001de       0x5b CMakeFiles/sample.elf.dir/syscalls.c.obj
                                        0x1ad (size before relaxing)

.comment        0x0000000000000000       0x45
 .comment       0x0000000000000000       0x45 /Common/CMakeFiles/Common.dir/main.c.obj
                                         0x46 (size before relaxing)
 .comment       0x0000000000000045       0x46 /Common/CMakeFiles/Common.dir/test.c.obj
 .comment       0x0000000000000045       0x46 CMakeFiles/sample.elf.dir/startup.c.obj
 .comment       0x0000000000000045       0x46 CMakeFiles/sample.elf.dir/syscalls.c.obj

.debug_rnglists
                0x0000000000000000       0x18
 .debug_rnglists
                0x0000000000000000       0x18 CMakeFiles/sample.elf.dir/startup.c.obj
