
Memory Configuration

Name             Origin             Length             Attributes
FLASH            0x0000000000100000 0x0000000007f00000 xr
RAM              0x0000000040000000 0x0000000008000000 xrw
*default*        0x0000000000000000 0xffffffffffffffff

Linker script and memory map

                0x0000000000010000                STACK_SIZE = 0x10000
                0x0000000000010000                HEAP_SIZE = 0x10000

.init           0x0000000000100000       0xd0
 *(.init)
 .init          0x0000000000100000       0xa8 CMakeFiles/sample.elf.dir/startup.c.obj
                0x0000000000100000                _reset
 .init          0x00000000001000a8       0x28 CMakeFiles/sample.elf.dir/stacksetup.s.obj
                0x00000000001000a8                _start

.text           0x00000000001000d0      0xb2c
 *(.text)
 .text          0x00000000001000d0       0x88 /Common/CMakeFiles/Common.dir/main.c.obj
                0x00000000001000d0                main
 .text          0x0000000000100158      0x954 /Common/CMakeFiles/Common.dir/test.c.obj
                0x0000000000100158                Type_Simple
                0x000000000010023c                Type_Float
                0x00000000001002a0                Type_Arrays
                0x00000000001003a8                Type_Pointers
                0x0000000000100428                Type_Struct
                0x00000000001004d0                Type_Bitfields
                0x0000000000100534                Type_Enum
                0x0000000000100598                Mult
                0x00000000001005b8                Type_FunctionPointer
                0x0000000000100634                ResetStrX
                0x000000000010068c                Type_Mixed
                0x00000000001006dc                TestStatic
                0x0000000000100700                Address_GlobalVariables
                0x0000000000100738                Address_TestScopes
                0x0000000000100810                Func1
                0x0000000000100850                Func2
                0x00000000001008bc                Func3
                0x00000000001008d8                Func4
                0x000000000010096c                Address_DifferentFunctionParameters
                0x00000000001009cc                InterruptRoutine
                0x00000000001009f0                CPU_Pointers
                0x0000000000100a14                Factorial
                0x0000000000100a54                CPU_Recursion
 .text          0x0000000000100aac        0x0 CMakeFiles/sample.elf.dir/startup.c.obj
 .text          0x0000000000100aac      0x150 CMakeFiles/sample.elf.dir/syscalls.c.obj
                0x0000000000100aac                _sbrk
                0x0000000000100b18                _fstat
                0x0000000000100b3c                _lseek
                0x0000000000100b58                _close
                0x0000000000100b6c                _write
                0x0000000000100bb4                _read
 .text          0x0000000000100bfc        0x0 CMakeFiles/sample.elf.dir/stacksetup.s.obj
                0x0000000000100bfc                _etext = .

.iplt           0x0000000000100bfc        0x0
 .iplt          0x0000000000100bfc        0x0 /Common/CMakeFiles/Common.dir/main.c.obj

.rela.dyn       0x0000000000100c00        0x0
 .rela.iplt     0x0000000000100c00        0x0 /Common/CMakeFiles/Common.dir/main.c.obj
 .rela.text     0x0000000000100c00        0x0 /Common/CMakeFiles/Common.dir/main.c.obj
 .rela.init     0x0000000000100c00        0x0 /Common/CMakeFiles/Common.dir/main.c.obj

.data           0x0000000040000000        0x0 load address 0x0000000000100bfc
                0x0000000040000000                _sdata = .
 *(.rodata)
 *(.data)
 .data          0x0000000040000000        0x0 /Common/CMakeFiles/Common.dir/main.c.obj
 .data          0x0000000040000000        0x0 /Common/CMakeFiles/Common.dir/test.c.obj
 .data          0x0000000040000000        0x0 CMakeFiles/sample.elf.dir/startup.c.obj
 .data          0x0000000040000000        0x0 CMakeFiles/sample.elf.dir/syscalls.c.obj
 .data          0x0000000040000000        0x0 CMakeFiles/sample.elf.dir/stacksetup.s.obj
                0x0000000040000000                _edata = .

.igot.plt       0x0000000040000000        0x0 load address 0x0000000000100bfc
 .igot.plt      0x0000000040000000        0x0 /Common/CMakeFiles/Common.dir/main.c.obj

.bss            0x0000000040000000       0x30 load address 0x0000000000100bfc
                0x0000000040000000                _sbss = .
 *(.bss*)
 .bss           0x0000000040000000        0xc /Common/CMakeFiles/Common.dir/main.c.obj
                0x0000000040000000                byTestByte
                0x0000000040000002                wTestWord
                0x0000000040000004                iCounter
                0x0000000040000008                iInterruptCounter
 .bss           0x000000004000000c        0x4 /Common/CMakeFiles/Common.dir/test.c.obj
 .bss           0x0000000040000010       0x14 CMakeFiles/sample.elf.dir/startup.c.obj
 *fill*         0x0000000040000024        0x4 
 .bss           0x0000000040000028        0x8 CMakeFiles/sample.elf.dir/syscalls.c.obj
 .bss           0x0000000040000030        0x0 CMakeFiles/sample.elf.dir/stacksetup.s.obj
 *(COMMON)
                0x0000000040000030                _ebss = .

.stack          0x0000000040000030    0x10000 load address 0x0000000000100bfc
                0x0000000040000030                . = ALIGN (0x10)
                0x0000000040010030                . = (. + STACK_SIZE)
 *fill*         0x0000000040000030    0x10000 
                0x0000000040010030                . = ALIGN (0x10)
                0x0000000040010030                _stack = .

.heap           0x0000000040010030    0x10000 load address 0x0000000000100bfc
                0x0000000040010030                . = ALIGN (0x10)
                0x0000000040010030                _end = .
                0x0000000040020030                . = (. + HEAP_SIZE)
 *fill*         0x0000000040010030    0x10000 
                0x0000000040020030                . = ALIGN (0x10)
LOAD c:/myx/aarch64-none-elf/bin/../lib/gcc/aarch64-none-elf/12.2.1\libstdc++.a
LOAD c:/myx/aarch64-none-elf/bin/../lib/gcc/aarch64-none-elf/12.2.1\libg.a
LOAD c:/myx/aarch64-none-elf/bin/../lib/gcc/aarch64-none-elf/12.2.1\libm.a
LOAD c:/myx/aarch64-none-elf/bin/../lib/gcc/aarch64-none-elf/12.2.1\libc.a
LOAD c:/myx/aarch64-none-elf/bin/../lib/gcc/aarch64-none-elf/12.2.1\librdimon.a
LOAD /Common/CMakeFiles/Common.dir/main.c.obj
LOAD /Common/CMakeFiles/Common.dir/test.c.obj
LOAD CMakeFiles/sample.elf.dir/startup.c.obj
LOAD CMakeFiles/sample.elf.dir/syscalls.c.obj
LOAD CMakeFiles/sample.elf.dir/stacksetup.s.obj
LOAD c:/myx/aarch64-none-elf/bin/../lib/gcc/aarch64-none-elf/12.2.1\libgcc.a
LOAD c:/myx/aarch64-none-elf/bin/../lib/gcc/aarch64-none-elf/12.2.1\libg.a
LOAD c:/myx/aarch64-none-elf/bin/../lib/gcc/aarch64-none-elf/12.2.1\libc.a
LOAD c:/myx/aarch64-none-elf/bin/../lib/gcc/aarch64-none-elf/12.2.1\libgcc.a
OUTPUT(sample.elf elf64-littleaarch64)
LOAD linker stubs

.debug_frame    0x0000000000000000      0x520
 .debug_frame   0x0000000000000000       0x38 /Common/CMakeFiles/Common.dir/main.c.obj
 .debug_frame   0x0000000000000038      0x3b0 /Common/CMakeFiles/Common.dir/test.c.obj
 .debug_frame   0x00000000000003e8       0x38 CMakeFiles/sample.elf.dir/startup.c.obj
 .debug_frame   0x0000000000000420      0x100 CMakeFiles/sample.elf.dir/syscalls.c.obj

.debug_info     0x0000000000000000      0xe53
 .debug_info    0x0000000000000000      0x10a /Common/CMakeFiles/Common.dir/main.c.obj
 .debug_info    0x000000000000010a      0x7aa /Common/CMakeFiles/Common.dir/test.c.obj
 .debug_info    0x00000000000008b4      0x148 CMakeFiles/sample.elf.dir/startup.c.obj
 .debug_info    0x00000000000009fc      0x457 CMakeFiles/sample.elf.dir/syscalls.c.obj

.debug_abbrev   0x0000000000000000      0x4c1
 .debug_abbrev  0x0000000000000000       0x6e /Common/CMakeFiles/Common.dir/main.c.obj
 .debug_abbrev  0x000000000000006e      0x2b1 /Common/CMakeFiles/Common.dir/test.c.obj
 .debug_abbrev  0x000000000000031f       0xa0 CMakeFiles/sample.elf.dir/startup.c.obj
 .debug_abbrev  0x00000000000003bf      0x102 CMakeFiles/sample.elf.dir/syscalls.c.obj

.debug_aranges  0x0000000000000000       0xc0
 .debug_aranges
                0x0000000000000000       0x30 /Common/CMakeFiles/Common.dir/main.c.obj
 .debug_aranges
                0x0000000000000030       0x30 /Common/CMakeFiles/Common.dir/test.c.obj
 .debug_aranges
                0x0000000000000060       0x30 CMakeFiles/sample.elf.dir/startup.c.obj
 .debug_aranges
                0x0000000000000090       0x30 CMakeFiles/sample.elf.dir/syscalls.c.obj

.debug_line     0x0000000000000000      0x59c
 .debug_line    0x0000000000000000       0xb3 /Common/CMakeFiles/Common.dir/main.c.obj
 .debug_line    0x00000000000000b3      0x361 /Common/CMakeFiles/Common.dir/test.c.obj
 .debug_line    0x0000000000000414       0x95 CMakeFiles/sample.elf.dir/startup.c.obj
 .debug_line    0x00000000000004a9       0xf3 CMakeFiles/sample.elf.dir/syscalls.c.obj

.debug_str      0x0000000000000000      0x42d
 .debug_str     0x0000000000000000      0x1b7 /Common/CMakeFiles/Common.dir/main.c.obj
 .debug_str     0x00000000000001b7       0xa5 /Common/CMakeFiles/Common.dir/test.c.obj
                                        0x289 (size before relaxing)
 .debug_str     0x000000000000025c       0x5e CMakeFiles/sample.elf.dir/startup.c.obj
                                        0x142 (size before relaxing)
 .debug_str     0x00000000000002ba      0x173 CMakeFiles/sample.elf.dir/syscalls.c.obj
                                        0x2c2 (size before relaxing)

.debug_line_str
                0x0000000000000000      0x239
 .debug_line_str
                0x0000000000000000       0xa8 /Common/CMakeFiles/Common.dir/main.c.obj
                                         0xee (size before relaxing)
 .debug_line_str
                0x00000000000000a8       0x3f /Common/CMakeFiles/Common.dir/test.c.obj
                                         0xee (size before relaxing)
 .debug_line_str
                0x00000000000000e7       0xf7 CMakeFiles/sample.elf.dir/startup.c.obj
                                        0x17b (size before relaxing)
 .debug_line_str
                0x00000000000001de       0x5b CMakeFiles/sample.elf.dir/syscalls.c.obj
                                        0x1ad (size before relaxing)

.comment        0x0000000000000000       0x45
 .comment       0x0000000000000000       0x45 /Common/CMakeFiles/Common.dir/main.c.obj
                                         0x46 (size before relaxing)
 .comment       0x0000000000000045       0x46 /Common/CMakeFiles/Common.dir/test.c.obj
 .comment       0x0000000000000045       0x46 CMakeFiles/sample.elf.dir/startup.c.obj
 .comment       0x0000000000000045       0x46 CMakeFiles/sample.elf.dir/syscalls.c.obj

.debug_rnglists
                0x0000000000000000       0x18
 .debug_rnglists
                0x0000000000000000       0x18 CMakeFiles/sample.elf.dir/startup.c.obj
