Archive member included to satisfy reference by file (symbol)

x:/gcc/arm-8-2018-q4/bin/../lib/gcc/arm-none-eabi/8.2.1/thumb/v7-m/nofp\libgcc.a(_arm_addsubsf3.o)
                              C:\Users\rokj\Documents\GitHub\winIDEAExampleWorkspaces\GigaDevice\GD32F103\targetInit\Debug\test.o (__aeabi_fadd)

Allocating common symbols
Common symbol       size              file

byTestByte          0x1               C:\Users\rokj\Documents\GitHub\winIDEAExampleWorkspaces\GigaDevice\GD32F103\targetInit\Debug\main.o
wTestWord           0x2               C:\Users\rokj\Documents\GitHub\winIDEAExampleWorkspaces\GigaDevice\GD32F103\targetInit\Debug\main.o

Discarded input sections

 .group         0x00000000        0xc C:\Users\rokj\Documents\GitHub\winIDEAExampleWorkspaces\GigaDevice\GD32F103\targetInit\Debug\main.o
 .group         0x00000000        0xc C:\Users\rokj\Documents\GitHub\winIDEAExampleWorkspaces\GigaDevice\GD32F103\targetInit\Debug\test.o
 .debug_macro   0x00000000      0xa7e C:\Users\rokj\Documents\GitHub\winIDEAExampleWorkspaces\GigaDevice\GD32F103\targetInit\Debug\test.o
 .group         0x00000000        0xc C:\Users\rokj\Documents\GitHub\winIDEAExampleWorkspaces\GigaDevice\GD32F103\targetInit\Debug\CPUFile.o
 .group         0x00000000        0xc C:\Users\rokj\Documents\GitHub\winIDEAExampleWorkspaces\GigaDevice\GD32F103\targetInit\Debug\CPUFile.o
 .debug_macro   0x00000000      0xa7e C:\Users\rokj\Documents\GitHub\winIDEAExampleWorkspaces\GigaDevice\GD32F103\targetInit\Debug\CPUFile.o
 .group         0x00000000        0xc C:\Users\rokj\Documents\GitHub\winIDEAExampleWorkspaces\GigaDevice\GD32F103\targetInit\Debug\startup.o
 .group         0x00000000        0xc C:\Users\rokj\Documents\GitHub\winIDEAExampleWorkspaces\GigaDevice\GD32F103\targetInit\Debug\startup.o
 .debug_macro   0x00000000      0xa7e C:\Users\rokj\Documents\GitHub\winIDEAExampleWorkspaces\GigaDevice\GD32F103\targetInit\Debug\startup.o
 .debug_macro   0x00000000       0xe2 C:\Users\rokj\Documents\GitHub\winIDEAExampleWorkspaces\GigaDevice\GD32F103\targetInit\Debug\startup.o

Memory Configuration

Name             Origin             Length             Attributes
FLASH            0x08000000         0x00020000         xrw
RAM              0x20000000         0x00005000         xrw
*default*        0x00000000         0xffffffff

Linker script and memory map

LOAD C:\Users\rokj\Documents\GitHub\winIDEAExampleWorkspaces\GigaDevice\GD32F103\targetInit\Debug\main.o
LOAD C:\Users\rokj\Documents\GitHub\winIDEAExampleWorkspaces\GigaDevice\GD32F103\targetInit\Debug\test.o
LOAD C:\Users\rokj\Documents\GitHub\winIDEAExampleWorkspaces\GigaDevice\GD32F103\targetInit\Debug\CPUFile.o
LOAD C:\Users\rokj\Documents\GitHub\winIDEAExampleWorkspaces\GigaDevice\GD32F103\targetInit\Debug\startup.o
                0x20004ff8                _estack = (((ORIGIN (RAM) + LENGTH (RAM)) - 0x8) & 0xfffffff8)

.text           0x08000000      0xa64
 *(.isr_vector)
 .isr_vector    0x08000000       0xb4 C:\Users\rokj\Documents\GitHub\winIDEAExampleWorkspaces\GigaDevice\GD32F103\targetInit\Debug\startup.o
                0x08000000                g_pfnVectors
                0x080000b4                . = ALIGN (0x4)
 *(.text*)
 .text          0x080000b4       0x6c C:\Users\rokj\Documents\GitHub\winIDEAExampleWorkspaces\GigaDevice\GD32F103\targetInit\Debug\main.o
                0x080000b4                main
 .text          0x08000120      0x5b8 C:\Users\rokj\Documents\GitHub\winIDEAExampleWorkspaces\GigaDevice\GD32F103\targetInit\Debug\test.o
                0x08000120                Type_Simple
                0x080001b0                Type_Arrays
                0x08000248                Type_Pointers
                0x08000294                Type_Struct
                0x080002fc                Type_Bitfields
                0x08000340                Type_Enum
                0x0800037c                Mult
                0x08000398                Type_FunctionPointer
                0x080003e0                ResetStrX
                0x08000416                Type_Mixed
                0x0800044c                TestStatic
                0x08000468                Address_GlobalVariables
                0x08000488                Address_TestScopes
                0x08000504                Func1
                0x08000530                Func2
                0x08000574                Func3
                0x0800058c                Func4
                0x08000604                Address_DifferentFunctionParameters
                0x08000640                InterruptRoutine
                0x0800065c                CPU_Pointers
                0x08000678                Factorial
                0x080006a4                CPU_Recursion
 .text          0x080006d8      0x110 C:\Users\rokj\Documents\GitHub\winIDEAExampleWorkspaces\GigaDevice\GD32F103\targetInit\Debug\CPUFile.o
                0x080006d8                targetEnableInterrupts
                0x08000704                targetInit
                0x08000714                disableWatchdog
                0x08000720                initClock
                0x08000794                initTimer
 .text          0x080007e8       0x60 C:\Users\rokj\Documents\GitHub\winIDEAExampleWorkspaces\GigaDevice\GD32F103\targetInit\Debug\startup.o
                0x080007e8                Reset
                0x0800082c                IntDefaultHandler
                0x08000832                TimerInterruptHandler
 .text          0x08000848      0x21c x:/gcc/arm-8-2018-q4/bin/../lib/gcc/arm-none-eabi/8.2.1/thumb/v7-m/nofp\libgcc.a(_arm_addsubsf3.o)
                0x08000848                __aeabi_frsub
                0x08000850                __subsf3
                0x08000850                __aeabi_fsub
                0x08000854                __aeabi_fadd
                0x08000854                __addsf3
                0x080009b4                __aeabi_ui2f
                0x080009b4                __floatunsisf
                0x080009bc                __aeabi_i2f
                0x080009bc                __floatsisf
                0x080009d8                __aeabi_ul2f
                0x080009d8                __floatundisf
                0x080009e8                __aeabi_l2f
                0x080009e8                __floatdisf
 *(.glue_7t)
 .glue_7t       0x08000a64        0x0 linker stubs
 *(.glue_7)
 .glue_7        0x08000a64        0x0 linker stubs
                0x08000a64                . = ALIGN (0x4)
 *(.rodata*)
 *(.eh*)
 *(.vfp11_veneer)
 .vfp11_veneer  0x08000a64        0x0 linker stubs
 *(.v4_bx)
 .v4_bx         0x08000a64        0x0 linker stubs
 *(.init)
 *(.fini)
 *(.iplt)
 .iplt          0x08000a64        0x0 C:\Users\rokj\Documents\GitHub\winIDEAExampleWorkspaces\GigaDevice\GD32F103\targetInit\Debug\main.o
 *(.rel.dyn)
                0x08000a64                _etext = .

.rel.dyn        0x08000a64        0x0
 .rel.iplt      0x08000a64        0x0 C:\Users\rokj\Documents\GitHub\winIDEAExampleWorkspaces\GigaDevice\GD32F103\targetInit\Debug\main.o

.data           0x20000000        0x0 load address 0x08000a64
                0x20000000                _sdata = .
                0x20000000                . = ALIGN (0x4)
 *(.data*)
 .data          0x20000000        0x0 C:\Users\rokj\Documents\GitHub\winIDEAExampleWorkspaces\GigaDevice\GD32F103\targetInit\Debug\main.o
 .data          0x20000000        0x0 C:\Users\rokj\Documents\GitHub\winIDEAExampleWorkspaces\GigaDevice\GD32F103\targetInit\Debug\test.o
 .data          0x20000000        0x0 C:\Users\rokj\Documents\GitHub\winIDEAExampleWorkspaces\GigaDevice\GD32F103\targetInit\Debug\CPUFile.o
 .data          0x20000000        0x0 C:\Users\rokj\Documents\GitHub\winIDEAExampleWorkspaces\GigaDevice\GD32F103\targetInit\Debug\startup.o
 .data          0x20000000        0x0 x:/gcc/arm-8-2018-q4/bin/../lib/gcc/arm-none-eabi/8.2.1/thumb/v7-m/nofp\libgcc.a(_arm_addsubsf3.o)
                0x20000000                _edata = .

.igot.plt       0x20000000        0x0 load address 0x08000a64
 .igot.plt      0x20000000        0x0 C:\Users\rokj\Documents\GitHub\winIDEAExampleWorkspaces\GigaDevice\GD32F103\targetInit\Debug\main.o

.bss            0x20000000       0x10 load address 0x08000a64
                0x20000000                _sbss = .
                0x20000000                . = ALIGN (0x4)
 *(.bss*)
 .bss           0x20000000        0x8 C:\Users\rokj\Documents\GitHub\winIDEAExampleWorkspaces\GigaDevice\GD32F103\targetInit\Debug\main.o
                0x20000000                iCounter
                0x20000004                iInterruptCounter
 .bss           0x20000008        0x4 C:\Users\rokj\Documents\GitHub\winIDEAExampleWorkspaces\GigaDevice\GD32F103\targetInit\Debug\test.o
 .bss           0x2000000c        0x0 C:\Users\rokj\Documents\GitHub\winIDEAExampleWorkspaces\GigaDevice\GD32F103\targetInit\Debug\CPUFile.o
 .bss           0x2000000c        0x0 C:\Users\rokj\Documents\GitHub\winIDEAExampleWorkspaces\GigaDevice\GD32F103\targetInit\Debug\startup.o
 .bss           0x2000000c        0x0 x:/gcc/arm-8-2018-q4/bin/../lib/gcc/arm-none-eabi/8.2.1/thumb/v7-m/nofp\libgcc.a(_arm_addsubsf3.o)
 *(COMMON)
 COMMON         0x2000000c        0x4 C:\Users\rokj\Documents\GitHub\winIDEAExampleWorkspaces\GigaDevice\GD32F103\targetInit\Debug\main.o
                0x2000000c                byTestByte
                0x2000000e                wTestWord
                0x20000010                _ebss = .
LOAD x:/gcc/arm-8-2018-q4/bin/../lib/gcc/arm-none-eabi/8.2.1/../../../../arm-none-eabi/lib/thumb/v7-m/nofp\libc.a
LOAD x:/gcc/arm-8-2018-q4/bin/../lib/gcc/arm-none-eabi/8.2.1/thumb/v7-m/nofp\libgcc.a
START GROUP
LOAD x:/gcc/arm-8-2018-q4/bin/../lib/gcc/arm-none-eabi/8.2.1/thumb/v7-m/nofp\libgcc.a
LOAD x:/gcc/arm-8-2018-q4/bin/../lib/gcc/arm-none-eabi/8.2.1/../../../../arm-none-eabi/lib/thumb/v7-m/nofp\libc.a
END GROUP
OUTPUT(sample.elf elf32-littlearm)

.debug_info     0x00000000      0x974
 .debug_info    0x00000000       0xbd C:\Users\rokj\Documents\GitHub\winIDEAExampleWorkspaces\GigaDevice\GD32F103\targetInit\Debug\main.o
 .debug_info    0x000000bd      0x704 C:\Users\rokj\Documents\GitHub\winIDEAExampleWorkspaces\GigaDevice\GD32F103\targetInit\Debug\test.o
 .debug_info    0x000007c1       0x84 C:\Users\rokj\Documents\GitHub\winIDEAExampleWorkspaces\GigaDevice\GD32F103\targetInit\Debug\CPUFile.o
 .debug_info    0x00000845      0x12f C:\Users\rokj\Documents\GitHub\winIDEAExampleWorkspaces\GigaDevice\GD32F103\targetInit\Debug\startup.o

.debug_abbrev   0x00000000      0x41e
 .debug_abbrev  0x00000000       0x6b C:\Users\rokj\Documents\GitHub\winIDEAExampleWorkspaces\GigaDevice\GD32F103\targetInit\Debug\main.o
 .debug_abbrev  0x0000006b      0x28e C:\Users\rokj\Documents\GitHub\winIDEAExampleWorkspaces\GigaDevice\GD32F103\targetInit\Debug\test.o
 .debug_abbrev  0x000002f9       0x47 C:\Users\rokj\Documents\GitHub\winIDEAExampleWorkspaces\GigaDevice\GD32F103\targetInit\Debug\CPUFile.o
 .debug_abbrev  0x00000340       0xde C:\Users\rokj\Documents\GitHub\winIDEAExampleWorkspaces\GigaDevice\GD32F103\targetInit\Debug\startup.o

.debug_aranges  0x00000000       0x80
 .debug_aranges
                0x00000000       0x20 C:\Users\rokj\Documents\GitHub\winIDEAExampleWorkspaces\GigaDevice\GD32F103\targetInit\Debug\main.o
 .debug_aranges
                0x00000020       0x20 C:\Users\rokj\Documents\GitHub\winIDEAExampleWorkspaces\GigaDevice\GD32F103\targetInit\Debug\test.o
 .debug_aranges
                0x00000040       0x20 C:\Users\rokj\Documents\GitHub\winIDEAExampleWorkspaces\GigaDevice\GD32F103\targetInit\Debug\CPUFile.o
 .debug_aranges
                0x00000060       0x20 C:\Users\rokj\Documents\GitHub\winIDEAExampleWorkspaces\GigaDevice\GD32F103\targetInit\Debug\startup.o

.debug_macro    0x00000000      0xbd4
 .debug_macro   0x00000000       0x25 C:\Users\rokj\Documents\GitHub\winIDEAExampleWorkspaces\GigaDevice\GD32F103\targetInit\Debug\main.o
 .debug_macro   0x00000025      0xa7e C:\Users\rokj\Documents\GitHub\winIDEAExampleWorkspaces\GigaDevice\GD32F103\targetInit\Debug\main.o
 .debug_macro   0x00000aa3       0x1b C:\Users\rokj\Documents\GitHub\winIDEAExampleWorkspaces\GigaDevice\GD32F103\targetInit\Debug\test.o
 .debug_macro   0x00000abe       0x1a C:\Users\rokj\Documents\GitHub\winIDEAExampleWorkspaces\GigaDevice\GD32F103\targetInit\Debug\CPUFile.o
 .debug_macro   0x00000ad8       0xe2 C:\Users\rokj\Documents\GitHub\winIDEAExampleWorkspaces\GigaDevice\GD32F103\targetInit\Debug\CPUFile.o
 .debug_macro   0x00000bba       0x1a C:\Users\rokj\Documents\GitHub\winIDEAExampleWorkspaces\GigaDevice\GD32F103\targetInit\Debug\startup.o

.debug_line     0x00000000      0x666
 .debug_line    0x00000000      0x103 C:\Users\rokj\Documents\GitHub\winIDEAExampleWorkspaces\GigaDevice\GD32F103\targetInit\Debug\main.o
 .debug_line    0x00000103      0x379 C:\Users\rokj\Documents\GitHub\winIDEAExampleWorkspaces\GigaDevice\GD32F103\targetInit\Debug\test.o
 .debug_line    0x0000047c      0x10c C:\Users\rokj\Documents\GitHub\winIDEAExampleWorkspaces\GigaDevice\GD32F103\targetInit\Debug\CPUFile.o
 .debug_line    0x00000588       0xde C:\Users\rokj\Documents\GitHub\winIDEAExampleWorkspaces\GigaDevice\GD32F103\targetInit\Debug\startup.o

.debug_str      0x00000000     0x352a
 .debug_str     0x00000000     0x2dc9 C:\Users\rokj\Documents\GitHub\winIDEAExampleWorkspaces\GigaDevice\GD32F103\targetInit\Debug\main.o
                               0x2dea (size before relaxing)
 .debug_str     0x00002dc9      0x1d8 C:\Users\rokj\Documents\GitHub\winIDEAExampleWorkspaces\GigaDevice\GD32F103\targetInit\Debug\test.o
                               0x2f85 (size before relaxing)
 .debug_str     0x00002fa1      0x4b5 C:\Users\rokj\Documents\GitHub\winIDEAExampleWorkspaces\GigaDevice\GD32F103\targetInit\Debug\CPUFile.o
                               0x31de (size before relaxing)
 .debug_str     0x00003456       0xd4 C:\Users\rokj\Documents\GitHub\winIDEAExampleWorkspaces\GigaDevice\GD32F103\targetInit\Debug\startup.o
                               0x323b (size before relaxing)

.comment        0x00000000       0x75
 .comment       0x00000000       0x75 C:\Users\rokj\Documents\GitHub\winIDEAExampleWorkspaces\GigaDevice\GD32F103\targetInit\Debug\main.o
                                 0x76 (size before relaxing)
 .comment       0x00000075       0x76 C:\Users\rokj\Documents\GitHub\winIDEAExampleWorkspaces\GigaDevice\GD32F103\targetInit\Debug\test.o
 .comment       0x00000075       0x76 C:\Users\rokj\Documents\GitHub\winIDEAExampleWorkspaces\GigaDevice\GD32F103\targetInit\Debug\CPUFile.o
 .comment       0x00000075       0x76 C:\Users\rokj\Documents\GitHub\winIDEAExampleWorkspaces\GigaDevice\GD32F103\targetInit\Debug\startup.o

.ARM.attributes
                0x00000000       0x2d
 .ARM.attributes
                0x00000000       0x2d C:\Users\rokj\Documents\GitHub\winIDEAExampleWorkspaces\GigaDevice\GD32F103\targetInit\Debug\main.o
 .ARM.attributes
                0x0000002d       0x2d C:\Users\rokj\Documents\GitHub\winIDEAExampleWorkspaces\GigaDevice\GD32F103\targetInit\Debug\test.o
 .ARM.attributes
                0x0000005a       0x2d C:\Users\rokj\Documents\GitHub\winIDEAExampleWorkspaces\GigaDevice\GD32F103\targetInit\Debug\CPUFile.o
 .ARM.attributes
                0x00000087       0x2d C:\Users\rokj\Documents\GitHub\winIDEAExampleWorkspaces\GigaDevice\GD32F103\targetInit\Debug\startup.o
 .ARM.attributes
                0x000000b4       0x1d x:/gcc/arm-8-2018-q4/bin/../lib/gcc/arm-none-eabi/8.2.1/thumb/v7-m/nofp\libgcc.a(_arm_addsubsf3.o)

.debug_frame    0x00000000      0x4c0
 .debug_frame   0x00000000       0x2c C:\Users\rokj\Documents\GitHub\winIDEAExampleWorkspaces\GigaDevice\GD32F103\targetInit\Debug\main.o
 .debug_frame   0x0000002c      0x34c C:\Users\rokj\Documents\GitHub\winIDEAExampleWorkspaces\GigaDevice\GD32F103\targetInit\Debug\test.o
 .debug_frame   0x00000378       0xa8 C:\Users\rokj\Documents\GitHub\winIDEAExampleWorkspaces\GigaDevice\GD32F103\targetInit\Debug\CPUFile.o
 .debug_frame   0x00000420       0x54 C:\Users\rokj\Documents\GitHub\winIDEAExampleWorkspaces\GigaDevice\GD32F103\targetInit\Debug\startup.o
 .debug_frame   0x00000474       0x4c x:/gcc/arm-8-2018-q4/bin/../lib/gcc/arm-none-eabi/8.2.1/thumb/v7-m/nofp\libgcc.a(_arm_addsubsf3.o)
