Archive member included to satisfy reference by file (symbol)

x:/gcc/arm-8-2018-q4/bin/../lib/gcc/arm-none-eabi/8.2.1\libgcc.a(_arm_addsubsf3.o)
                              D:\Venus\trunk\BlueBox\fitIDEA\samples\public\AM2432_RAM_GCC\emptyTargetInit\Core_1_R5_0\Debug\test.o (__aeabi_fadd)

Allocating common symbols
Common symbol       size              file

byTestByte          0x1               D:\Venus\trunk\BlueBox\fitIDEA\samples\public\AM2432_RAM_GCC\emptyTargetInit\Core_1_R5_0\Debug\main.o
wTestWord           0x2               D:\Venus\trunk\BlueBox\fitIDEA\samples\public\AM2432_RAM_GCC\emptyTargetInit\Core_1_R5_0\Debug\main.o

Discarded input sections

 .group         0x00000000        0xc D:\Venus\trunk\BlueBox\fitIDEA\samples\public\AM2432_RAM_GCC\emptyTargetInit\Core_1_R5_0\Debug\main.o
 .group         0x00000000        0xc D:\Venus\trunk\BlueBox\fitIDEA\samples\public\AM2432_RAM_GCC\emptyTargetInit\Core_1_R5_0\Debug\test.o
 .debug_macro   0x00000000      0xa96 D:\Venus\trunk\BlueBox\fitIDEA\samples\public\AM2432_RAM_GCC\emptyTargetInit\Core_1_R5_0\Debug\test.o
 .group         0x00000000        0xc D:\Venus\trunk\BlueBox\fitIDEA\samples\public\AM2432_RAM_GCC\emptyTargetInit\Core_1_R5_0\Debug\CPUFile.o
 .group         0x00000000        0xc D:\Venus\trunk\BlueBox\fitIDEA\samples\public\AM2432_RAM_GCC\emptyTargetInit\Core_1_R5_0\Debug\CPUFile.o
 .group         0x00000000        0xc D:\Venus\trunk\BlueBox\fitIDEA\samples\public\AM2432_RAM_GCC\emptyTargetInit\Core_1_R5_0\Debug\CPUFile.o
 .group         0x00000000        0xc D:\Venus\trunk\BlueBox\fitIDEA\samples\public\AM2432_RAM_GCC\emptyTargetInit\Core_1_R5_0\Debug\CPUFile.o
 .group         0x00000000        0xc D:\Venus\trunk\BlueBox\fitIDEA\samples\public\AM2432_RAM_GCC\emptyTargetInit\Core_1_R5_0\Debug\CPUFile.o
 .group         0x00000000        0xc D:\Venus\trunk\BlueBox\fitIDEA\samples\public\AM2432_RAM_GCC\emptyTargetInit\Core_1_R5_0\Debug\CPUFile.o
 .group         0x00000000        0xc D:\Venus\trunk\BlueBox\fitIDEA\samples\public\AM2432_RAM_GCC\emptyTargetInit\Core_1_R5_0\Debug\CPUFile.o
 .group         0x00000000        0xc D:\Venus\trunk\BlueBox\fitIDEA\samples\public\AM2432_RAM_GCC\emptyTargetInit\Core_1_R5_0\Debug\CPUFile.o
 .group         0x00000000        0xc D:\Venus\trunk\BlueBox\fitIDEA\samples\public\AM2432_RAM_GCC\emptyTargetInit\Core_1_R5_0\Debug\CPUFile.o
 .debug_macro   0x00000000      0xa96 D:\Venus\trunk\BlueBox\fitIDEA\samples\public\AM2432_RAM_GCC\emptyTargetInit\Core_1_R5_0\Debug\CPUFile.o
 .group         0x00000000        0xc D:\Venus\trunk\BlueBox\fitIDEA\samples\public\AM2432_RAM_GCC\emptyTargetInit\Core_1_R5_0\Debug\startup.o
 .debug_macro   0x00000000      0xa96 D:\Venus\trunk\BlueBox\fitIDEA\samples\public\AM2432_RAM_GCC\emptyTargetInit\Core_1_R5_0\Debug\startup.o

Memory Configuration

Name             Origin             Length             Attributes
RAM_CM4          0x05000000         0x00040000         xrw
RAM_MAIN_0_R5_0  0x70000000         0x00040000         xrw
RAM_MAIN_0_R5_1  0x70040000         0x00040000         xrw
RAM_MAIN_1_R5_0  0x70080000         0x00040000         xrw
RAM_MAIN_1_R5_1  0x700c0000         0x00040000         xrw
ATCM_MAIN_0_R5_0 0x78000000         0x00010000         xrw
ATCM_MAIN_0_R5_1 0x78200000         0x00010000         xrw
ATCM_MAIN_1_R5_0 0x78400000         0x00010000         xrw
ATCM_MAIN_1_R5_1 0x78600000         0x00010000         xrw
*default*        0x00000000         0xffffffff

Linker script and memory map

LOAD D:\Venus\trunk\BlueBox\fitIDEA\samples\public\AM2432_RAM_GCC\emptyTargetInit\Core_1_R5_0\Debug\main.o
LOAD D:\Venus\trunk\BlueBox\fitIDEA\samples\public\AM2432_RAM_GCC\emptyTargetInit\Core_1_R5_0\Debug\test.o
LOAD D:\Venus\trunk\BlueBox\fitIDEA\samples\public\AM2432_RAM_GCC\emptyTargetInit\Core_1_R5_0\Debug\CPUFile.o
LOAD D:\Venus\trunk\BlueBox\fitIDEA\samples\public\AM2432_RAM_GCC\emptyTargetInit\Core_1_R5_0\Debug\startup0RA.o
LOAD D:\Venus\trunk\BlueBox\fitIDEA\samples\public\AM2432_RAM_GCC\emptyTargetInit\Core_1_R5_0\Debug\startup.o
                0x05000000                _bootAddr_CM4 = ORIGIN (RAM_CM4)
                0x700bfffc                _estack_sys = (((ORIGIN (RAM_MAIN_1_R5_0) + LENGTH (RAM_MAIN_1_R5_0)) - 0x4) & 0xfffffffc)
                0x700bf7fc                _estack_usr = (_estack_sys - 0x800)
                0x700beffc                _estack_svc = (_estack_usr - _stack_size_usr)
                0x700be7fc                _estack_abt = (_estack_svc - _stack_size_svc)
                0x700bdffc                _estack_und = (_estack_abt - _stack_size_abt)
                0x700bd7fc                _estack_irq = (_estack_und - _stack_size_und)
                0x700bcffc                _estack_fiq = (_estack_irq - _stack_size_irq)
                0x00000800                _stack_size_usr = 0x800
                0x00000800                _stack_size_svc = 0x800
                0x00000800                _stack_size_abt = 0x800
                0x00000800                _stack_size_und = 0x800
                0x00000800                _stack_size_irq = 0x800
                0x00000800                _stack_size_fiq = 0x800

.boot           0x78400000       0x48
 *(.main_1_r5_0_boot_vectors)
 .main_1_r5_0_boot_vectors
                0x78400000       0x34 D:\Venus\trunk\BlueBox\fitIDEA\samples\public\AM2432_RAM_GCC\emptyTargetInit\Core_1_R5_0\Debug\startup.o
                0x78400000                reset
 *fill*         0x78400034        0x4 
 .main_1_r5_0_boot_vectors.__stub
                0x78400038       0x10 linker stubs

.text           0x70080000      0xf7c
                0x70080000                . = ALIGN (0x4)
 *(.text)
 .text          0x70080000       0x94 D:\Venus\trunk\BlueBox\fitIDEA\samples\public\AM2432_RAM_GCC\emptyTargetInit\Core_1_R5_0\Debug\main.o
                0x70080000                main
 .text          0x70080094      0xa80 D:\Venus\trunk\BlueBox\fitIDEA\samples\public\AM2432_RAM_GCC\emptyTargetInit\Core_1_R5_0\Debug\test.o
                0x70080094                Type_Simple
                0x700801a0                Type_Arrays
                0x700802c4                Type_Pointers
                0x70080350                Type_Struct
                0x70080410                Type_Bitfields
                0x70080480                Type_Enum
                0x700804f0                Mult
                0x70080520                Type_FunctionPointer
                0x700805a0                ResetStrX
                0x70080608                Type_Mixed
                0x70080664                TestStatic
                0x70080698                Address_GlobalVariables
                0x700806cc                Address_TestScopes
                0x700807c0                Func1
                0x70080814                Func2
                0x70080898                Func3
                0x700808c4                Func4
                0x70080998                Address_DifferentFunctionParameters
                0x70080a00                InterruptRoutine
                0x70080a34                CPU_Pointers
                0x70080a68                Factorial
                0x70080ab4                CPU_Recursion
 .text          0x70080b14       0x30 D:\Venus\trunk\BlueBox\fitIDEA\samples\public\AM2432_RAM_GCC\emptyTargetInit\Core_1_R5_0\Debug\CPUFile.o
                0x70080b14                targetInit
                0x70080b2c                disableWatchdog
 .text          0x70080b44      0x10c D:\Venus\trunk\BlueBox\fitIDEA\samples\public\AM2432_RAM_GCC\emptyTargetInit\Core_1_R5_0\Debug\startup0RA.o
                0x70080b44                ResetHandler
 .text          0x70080c50       0x80 D:\Venus\trunk\BlueBox\fitIDEA\samples\public\AM2432_RAM_GCC\emptyTargetInit\Core_1_R5_0\Debug\startup.o
                0x70080c50                Reset
                0x70080cc0                IntDefaultHandler
 .text          0x70080cd0      0x2ac x:/gcc/arm-8-2018-q4/bin/../lib/gcc/arm-none-eabi/8.2.1\libgcc.a(_arm_addsubsf3.o)
                0x70080cd0                __aeabi_frsub
                0x70080cd8                __subsf3
                0x70080cd8                __aeabi_fsub
                0x70080cdc                __aeabi_fadd
                0x70080cdc                __addsf3
                0x70080e98                __aeabi_ui2f
                0x70080e98                __floatunsisf
                0x70080ea0                __aeabi_i2f
                0x70080ea0                __floatsisf
                0x70080ec0                __aeabi_ul2f
                0x70080ec0                __floatundisf
                0x70080ed0                __aeabi_l2f
                0x70080ed0                __floatdisf
 *(.text*)
 *(.rodata)
 *(.rodata*)
 *(.glue_7)
 .glue_7        0x70080f7c        0x0 linker stubs
 *(.glue_7t)
 .glue_7t       0x70080f7c        0x0 linker stubs
 *(.eh*)
                0x70080f7c                . = ALIGN (0x4)

.vfp11_veneer   0x70080f7c        0x0
 .vfp11_veneer  0x70080f7c        0x0 linker stubs

.v4_bx          0x70080f7c        0x0
 .v4_bx         0x70080f7c        0x0 linker stubs

.iplt           0x70080f7c        0x0
 .iplt          0x70080f7c        0x0 D:\Venus\trunk\BlueBox\fitIDEA\samples\public\AM2432_RAM_GCC\emptyTargetInit\Core_1_R5_0\Debug\main.o

.rel.dyn        0x70080f7c        0x0
 .rel.iplt      0x70080f7c        0x0 D:\Venus\trunk\BlueBox\fitIDEA\samples\public\AM2432_RAM_GCC\emptyTargetInit\Core_1_R5_0\Debug\main.o

.exh            0x70080f7c        0x0
 *(.ARM.exidx*)
                0x70080f7c                . = ALIGN (0x4)
                0x70080f7c                _etext = .

.data           0x70080f7c        0x0
                0x70080f7c                _sdata = .
 *(vtable)
 *(.data*)
 .data          0x70080f7c        0x0 D:\Venus\trunk\BlueBox\fitIDEA\samples\public\AM2432_RAM_GCC\emptyTargetInit\Core_1_R5_0\Debug\main.o
 .data          0x70080f7c        0x0 D:\Venus\trunk\BlueBox\fitIDEA\samples\public\AM2432_RAM_GCC\emptyTargetInit\Core_1_R5_0\Debug\test.o
 .data          0x70080f7c        0x0 D:\Venus\trunk\BlueBox\fitIDEA\samples\public\AM2432_RAM_GCC\emptyTargetInit\Core_1_R5_0\Debug\CPUFile.o
 .data          0x70080f7c        0x0 D:\Venus\trunk\BlueBox\fitIDEA\samples\public\AM2432_RAM_GCC\emptyTargetInit\Core_1_R5_0\Debug\startup0RA.o
 .data          0x70080f7c        0x0 D:\Venus\trunk\BlueBox\fitIDEA\samples\public\AM2432_RAM_GCC\emptyTargetInit\Core_1_R5_0\Debug\startup.o
 .data          0x70080f7c        0x0 x:/gcc/arm-8-2018-q4/bin/../lib/gcc/arm-none-eabi/8.2.1\libgcc.a(_arm_addsubsf3.o)
                0x70080f7c                . = ALIGN (0x4)
                0x70080f7c                _edata = .

.igot.plt       0x70080f7c        0x0
 .igot.plt      0x70080f7c        0x0 D:\Venus\trunk\BlueBox\fitIDEA\samples\public\AM2432_RAM_GCC\emptyTargetInit\Core_1_R5_0\Debug\main.o

.bss            0x70080f7c       0x10
                0x70080f7c                _sbss = .
 *(.bss*)
 .bss           0x70080f7c        0x8 D:\Venus\trunk\BlueBox\fitIDEA\samples\public\AM2432_RAM_GCC\emptyTargetInit\Core_1_R5_0\Debug\main.o
                0x70080f7c                iCounter
                0x70080f80                iInterruptCounter
 .bss           0x70080f84        0x4 D:\Venus\trunk\BlueBox\fitIDEA\samples\public\AM2432_RAM_GCC\emptyTargetInit\Core_1_R5_0\Debug\test.o
 .bss           0x70080f88        0x0 D:\Venus\trunk\BlueBox\fitIDEA\samples\public\AM2432_RAM_GCC\emptyTargetInit\Core_1_R5_0\Debug\CPUFile.o
 .bss           0x70080f88        0x0 D:\Venus\trunk\BlueBox\fitIDEA\samples\public\AM2432_RAM_GCC\emptyTargetInit\Core_1_R5_0\Debug\startup0RA.o
 .bss           0x70080f88        0x0 D:\Venus\trunk\BlueBox\fitIDEA\samples\public\AM2432_RAM_GCC\emptyTargetInit\Core_1_R5_0\Debug\startup.o
 .bss           0x70080f88        0x0 x:/gcc/arm-8-2018-q4/bin/../lib/gcc/arm-none-eabi/8.2.1\libgcc.a(_arm_addsubsf3.o)
 *(COMMON)
 COMMON         0x70080f88        0x4 D:\Venus\trunk\BlueBox\fitIDEA\samples\public\AM2432_RAM_GCC\emptyTargetInit\Core_1_R5_0\Debug\main.o
                0x70080f88                byTestByte
                0x70080f8a                wTestWord
                0x70080f8c                . = ALIGN (0x4)
                0x70080f8c                _ebss = .
                0x70080f8c                __bss_end__ = _ebss
                [!provide]                PROVIDE (end = _ebss)
                [!provide]                PROVIDE (_end = _ebss)
                0x00000001                ROM_USAGE = ((0x64 * (SIZEOF (.text) + SIZEOF (.data))) / LENGTH (RAM_MAIN_1_R5_0))
                0x00000000                RAM_USAGE = ((0x64 * (SIZEOF (.data) + SIZEOF (.bss))) / LENGTH (RAM_MAIN_1_R5_0))
LOAD x:/gcc/arm-8-2018-q4/bin/../lib/gcc/arm-none-eabi/8.2.1/../../../../arm-none-eabi/lib\libc.a
LOAD x:/gcc/arm-8-2018-q4/bin/../lib/gcc/arm-none-eabi/8.2.1\libgcc.a
OUTPUT(sample.elf elf32-littlearm)

.debug_info     0x00000000      0x99a
 .debug_info    0x00000000       0xbd D:\Venus\trunk\BlueBox\fitIDEA\samples\public\AM2432_RAM_GCC\emptyTargetInit\Core_1_R5_0\Debug\main.o
 .debug_info    0x000000bd      0x704 D:\Venus\trunk\BlueBox\fitIDEA\samples\public\AM2432_RAM_GCC\emptyTargetInit\Core_1_R5_0\Debug\test.o
 .debug_info    0x000007c1       0xd8 D:\Venus\trunk\BlueBox\fitIDEA\samples\public\AM2432_RAM_GCC\emptyTargetInit\Core_1_R5_0\Debug\CPUFile.o
 .debug_info    0x00000899       0x26 D:\Venus\trunk\BlueBox\fitIDEA\samples\public\AM2432_RAM_GCC\emptyTargetInit\Core_1_R5_0\Debug\startup0RA.o
 .debug_info    0x000008bf       0xdb D:\Venus\trunk\BlueBox\fitIDEA\samples\public\AM2432_RAM_GCC\emptyTargetInit\Core_1_R5_0\Debug\startup.o

.debug_abbrev   0x00000000      0x413
 .debug_abbrev  0x00000000       0x6b D:\Venus\trunk\BlueBox\fitIDEA\samples\public\AM2432_RAM_GCC\emptyTargetInit\Core_1_R5_0\Debug\main.o
 .debug_abbrev  0x0000006b      0x28e D:\Venus\trunk\BlueBox\fitIDEA\samples\public\AM2432_RAM_GCC\emptyTargetInit\Core_1_R5_0\Debug\test.o
 .debug_abbrev  0x000002f9       0x7e D:\Venus\trunk\BlueBox\fitIDEA\samples\public\AM2432_RAM_GCC\emptyTargetInit\Core_1_R5_0\Debug\CPUFile.o
 .debug_abbrev  0x00000377       0x14 D:\Venus\trunk\BlueBox\fitIDEA\samples\public\AM2432_RAM_GCC\emptyTargetInit\Core_1_R5_0\Debug\startup0RA.o
 .debug_abbrev  0x0000038b       0x88 D:\Venus\trunk\BlueBox\fitIDEA\samples\public\AM2432_RAM_GCC\emptyTargetInit\Core_1_R5_0\Debug\startup.o

.debug_aranges  0x00000000       0xa8
 .debug_aranges
                0x00000000       0x20 D:\Venus\trunk\BlueBox\fitIDEA\samples\public\AM2432_RAM_GCC\emptyTargetInit\Core_1_R5_0\Debug\main.o
 .debug_aranges
                0x00000020       0x20 D:\Venus\trunk\BlueBox\fitIDEA\samples\public\AM2432_RAM_GCC\emptyTargetInit\Core_1_R5_0\Debug\test.o
 .debug_aranges
                0x00000040       0x20 D:\Venus\trunk\BlueBox\fitIDEA\samples\public\AM2432_RAM_GCC\emptyTargetInit\Core_1_R5_0\Debug\CPUFile.o
 .debug_aranges
                0x00000060       0x20 D:\Venus\trunk\BlueBox\fitIDEA\samples\public\AM2432_RAM_GCC\emptyTargetInit\Core_1_R5_0\Debug\startup0RA.o
 .debug_aranges
                0x00000080       0x28 D:\Venus\trunk\BlueBox\fitIDEA\samples\public\AM2432_RAM_GCC\emptyTargetInit\Core_1_R5_0\Debug\startup.o

.debug_macro    0x00000000     0x13a1
 .debug_macro   0x00000000       0x25 D:\Venus\trunk\BlueBox\fitIDEA\samples\public\AM2432_RAM_GCC\emptyTargetInit\Core_1_R5_0\Debug\main.o
 .debug_macro   0x00000025      0xa96 D:\Venus\trunk\BlueBox\fitIDEA\samples\public\AM2432_RAM_GCC\emptyTargetInit\Core_1_R5_0\Debug\main.o
 .debug_macro   0x00000abb       0x1b D:\Venus\trunk\BlueBox\fitIDEA\samples\public\AM2432_RAM_GCC\emptyTargetInit\Core_1_R5_0\Debug\test.o
 .debug_macro   0x00000ad6       0x7b D:\Venus\trunk\BlueBox\fitIDEA\samples\public\AM2432_RAM_GCC\emptyTargetInit\Core_1_R5_0\Debug\CPUFile.o
 .debug_macro   0x00000b51       0x22 D:\Venus\trunk\BlueBox\fitIDEA\samples\public\AM2432_RAM_GCC\emptyTargetInit\Core_1_R5_0\Debug\CPUFile.o
 .debug_macro   0x00000b73       0x8e D:\Venus\trunk\BlueBox\fitIDEA\samples\public\AM2432_RAM_GCC\emptyTargetInit\Core_1_R5_0\Debug\CPUFile.o
 .debug_macro   0x00000c01       0x51 D:\Venus\trunk\BlueBox\fitIDEA\samples\public\AM2432_RAM_GCC\emptyTargetInit\Core_1_R5_0\Debug\CPUFile.o
 .debug_macro   0x00000c52       0xef D:\Venus\trunk\BlueBox\fitIDEA\samples\public\AM2432_RAM_GCC\emptyTargetInit\Core_1_R5_0\Debug\CPUFile.o
 .debug_macro   0x00000d41       0x6a D:\Venus\trunk\BlueBox\fitIDEA\samples\public\AM2432_RAM_GCC\emptyTargetInit\Core_1_R5_0\Debug\CPUFile.o
 .debug_macro   0x00000dab      0x1df D:\Venus\trunk\BlueBox\fitIDEA\samples\public\AM2432_RAM_GCC\emptyTargetInit\Core_1_R5_0\Debug\CPUFile.o
 .debug_macro   0x00000f8a      0x3ae D:\Venus\trunk\BlueBox\fitIDEA\samples\public\AM2432_RAM_GCC\emptyTargetInit\Core_1_R5_0\Debug\CPUFile.o
 .debug_macro   0x00001338       0x58 D:\Venus\trunk\BlueBox\fitIDEA\samples\public\AM2432_RAM_GCC\emptyTargetInit\Core_1_R5_0\Debug\CPUFile.o
 .debug_macro   0x00001390       0x11 D:\Venus\trunk\BlueBox\fitIDEA\samples\public\AM2432_RAM_GCC\emptyTargetInit\Core_1_R5_0\Debug\startup.o

.debug_line     0x00000000      0x811
 .debug_line    0x00000000       0xf9 D:\Venus\trunk\BlueBox\fitIDEA\samples\public\AM2432_RAM_GCC\emptyTargetInit\Core_1_R5_0\Debug\main.o
 .debug_line    0x000000f9      0x371 D:\Venus\trunk\BlueBox\fitIDEA\samples\public\AM2432_RAM_GCC\emptyTargetInit\Core_1_R5_0\Debug\test.o
 .debug_line    0x0000046a      0x1e2 D:\Venus\trunk\BlueBox\fitIDEA\samples\public\AM2432_RAM_GCC\emptyTargetInit\Core_1_R5_0\Debug\CPUFile.o
 .debug_line    0x0000064c       0xd9 D:\Venus\trunk\BlueBox\fitIDEA\samples\public\AM2432_RAM_GCC\emptyTargetInit\Core_1_R5_0\Debug\startup0RA.o
 .debug_line    0x00000725       0xec D:\Venus\trunk\BlueBox\fitIDEA\samples\public\AM2432_RAM_GCC\emptyTargetInit\Core_1_R5_0\Debug\startup.o

.debug_str      0x00000000     0x5d77
 .debug_str     0x00000000     0x2e1f D:\Venus\trunk\BlueBox\fitIDEA\samples\public\AM2432_RAM_GCC\emptyTargetInit\Core_1_R5_0\Debug\main.o
                               0x2e40 (size before relaxing)
 .debug_str     0x00002e1f      0x1ce D:\Venus\trunk\BlueBox\fitIDEA\samples\public\AM2432_RAM_GCC\emptyTargetInit\Core_1_R5_0\Debug\test.o
                               0x2fdb (size before relaxing)
 .debug_str     0x00002fed     0x2c58 D:\Venus\trunk\BlueBox\fitIDEA\samples\public\AM2432_RAM_GCC\emptyTargetInit\Core_1_R5_0\Debug\CPUFile.o
                               0x5ae4 (size before relaxing)
 .debug_str     0x00005c45       0x75 D:\Venus\trunk\BlueBox\fitIDEA\samples\public\AM2432_RAM_GCC\emptyTargetInit\Core_1_R5_0\Debug\startup0RA.o
                                 0xce (size before relaxing)
 .debug_str     0x00005cba       0xbd D:\Venus\trunk\BlueBox\fitIDEA\samples\public\AM2432_RAM_GCC\emptyTargetInit\Core_1_R5_0\Debug\startup.o
                               0x2e59 (size before relaxing)

.comment        0x00000000       0x75
 .comment       0x00000000       0x75 D:\Venus\trunk\BlueBox\fitIDEA\samples\public\AM2432_RAM_GCC\emptyTargetInit\Core_1_R5_0\Debug\main.o
                                 0x76 (size before relaxing)
 .comment       0x00000075       0x76 D:\Venus\trunk\BlueBox\fitIDEA\samples\public\AM2432_RAM_GCC\emptyTargetInit\Core_1_R5_0\Debug\test.o
 .comment       0x00000075       0x76 D:\Venus\trunk\BlueBox\fitIDEA\samples\public\AM2432_RAM_GCC\emptyTargetInit\Core_1_R5_0\Debug\CPUFile.o
 .comment       0x00000075       0x76 D:\Venus\trunk\BlueBox\fitIDEA\samples\public\AM2432_RAM_GCC\emptyTargetInit\Core_1_R5_0\Debug\startup.o

.ARM.attributes
                0x00000000       0x31
 .ARM.attributes
                0x00000000       0x31 D:\Venus\trunk\BlueBox\fitIDEA\samples\public\AM2432_RAM_GCC\emptyTargetInit\Core_1_R5_0\Debug\main.o
 .ARM.attributes
                0x00000031       0x31 D:\Venus\trunk\BlueBox\fitIDEA\samples\public\AM2432_RAM_GCC\emptyTargetInit\Core_1_R5_0\Debug\test.o
 .ARM.attributes
                0x00000062       0x31 D:\Venus\trunk\BlueBox\fitIDEA\samples\public\AM2432_RAM_GCC\emptyTargetInit\Core_1_R5_0\Debug\CPUFile.o
 .ARM.attributes
                0x00000093       0x21 D:\Venus\trunk\BlueBox\fitIDEA\samples\public\AM2432_RAM_GCC\emptyTargetInit\Core_1_R5_0\Debug\startup0RA.o
 .ARM.attributes
                0x000000b4       0x31 D:\Venus\trunk\BlueBox\fitIDEA\samples\public\AM2432_RAM_GCC\emptyTargetInit\Core_1_R5_0\Debug\startup.o
 .ARM.attributes
                0x000000e5       0x1c x:/gcc/arm-8-2018-q4/bin/../lib/gcc/arm-none-eabi/8.2.1\libgcc.a(_arm_addsubsf3.o)

.debug_frame    0x00000000      0x3e4
 .debug_frame   0x00000000       0x2c D:\Venus\trunk\BlueBox\fitIDEA\samples\public\AM2432_RAM_GCC\emptyTargetInit\Core_1_R5_0\Debug\main.o
 .debug_frame   0x0000002c      0x2d4 D:\Venus\trunk\BlueBox\fitIDEA\samples\public\AM2432_RAM_GCC\emptyTargetInit\Core_1_R5_0\Debug\test.o
 .debug_frame   0x00000300       0x50 D:\Venus\trunk\BlueBox\fitIDEA\samples\public\AM2432_RAM_GCC\emptyTargetInit\Core_1_R5_0\Debug\CPUFile.o
 .debug_frame   0x00000350       0x48 D:\Venus\trunk\BlueBox\fitIDEA\samples\public\AM2432_RAM_GCC\emptyTargetInit\Core_1_R5_0\Debug\startup.o
 .debug_frame   0x00000398       0x4c x:/gcc/arm-8-2018-q4/bin/../lib/gcc/arm-none-eabi/8.2.1\libgcc.a(_arm_addsubsf3.o)

.debug_ranges   0x00000000       0x18
 .debug_ranges  0x00000000       0x18 D:\Venus\trunk\BlueBox\fitIDEA\samples\public\AM2432_RAM_GCC\emptyTargetInit\Core_1_R5_0\Debug\startup.o
