Archive member included to satisfy reference by file (symbol)

x:/gcc/gcc-arm-none-eabi-8-2019-q3/bin/../lib/gcc/arm-none-eabi/8.3.1/thumb/v7e-m/nofp\libgcc.a(_arm_addsubsf3.o)
                              D:\bbsamples\Distribution\winIDEA_public\ST\STM32U575\emptyTargetInit\Debug\test.o (__aeabi_fadd)

Allocating common symbols
Common symbol       size              file

byTestByte          0x1               D:\bbsamples\Distribution\winIDEA_public\ST\STM32U575\emptyTargetInit\Debug\main.o
wTestWord           0x2               D:\bbsamples\Distribution\winIDEA_public\ST\STM32U575\emptyTargetInit\Debug\main.o

Discarded input sections

 .text          0x00000000        0x0 D:\bbsamples\Distribution\winIDEA_public\ST\STM32U575\emptyTargetInit\Debug\main.o
 .data          0x00000000        0x0 D:\bbsamples\Distribution\winIDEA_public\ST\STM32U575\emptyTargetInit\Debug\main.o
 .bss           0x00000000        0x0 D:\bbsamples\Distribution\winIDEA_public\ST\STM32U575\emptyTargetInit\Debug\main.o
 .bss.iInterruptCounter
                0x00000000        0x4 D:\bbsamples\Distribution\winIDEA_public\ST\STM32U575\emptyTargetInit\Debug\main.o
 .text          0x00000000        0x0 D:\bbsamples\Distribution\winIDEA_public\ST\STM32U575\emptyTargetInit\Debug\test.o
 .data          0x00000000        0x0 D:\bbsamples\Distribution\winIDEA_public\ST\STM32U575\emptyTargetInit\Debug\test.o
 .bss           0x00000000        0x0 D:\bbsamples\Distribution\winIDEA_public\ST\STM32U575\emptyTargetInit\Debug\test.o
 .text.Mult     0x00000000        0x6 D:\bbsamples\Distribution\winIDEA_public\ST\STM32U575\emptyTargetInit\Debug\test.o
 .text.Func1    0x00000000        0xe D:\bbsamples\Distribution\winIDEA_public\ST\STM32U575\emptyTargetInit\Debug\test.o
 .text.Func4    0x00000000       0x4a D:\bbsamples\Distribution\winIDEA_public\ST\STM32U575\emptyTargetInit\Debug\test.o
 .text.InterruptRoutine
                0x00000000       0x10 D:\bbsamples\Distribution\winIDEA_public\ST\STM32U575\emptyTargetInit\Debug\test.o
 .text          0x00000000        0x0 D:\bbsamples\Distribution\winIDEA_public\ST\STM32U575\emptyTargetInit\Debug\CPUFile.o
 .data          0x00000000        0x0 D:\bbsamples\Distribution\winIDEA_public\ST\STM32U575\emptyTargetInit\Debug\CPUFile.o
 .bss           0x00000000        0x0 D:\bbsamples\Distribution\winIDEA_public\ST\STM32U575\emptyTargetInit\Debug\CPUFile.o
 .text          0x00000000        0x0 D:\bbsamples\Distribution\winIDEA_public\ST\STM32U575\emptyTargetInit\Debug\startup_ARMCM33.o
 .data          0x00000000        0x0 D:\bbsamples\Distribution\winIDEA_public\ST\STM32U575\emptyTargetInit\Debug\startup_ARMCM33.o
 .bss           0x00000000        0x0 D:\bbsamples\Distribution\winIDEA_public\ST\STM32U575\emptyTargetInit\Debug\startup_ARMCM33.o
 .text          0x00000000      0x21c x:/gcc/gcc-arm-none-eabi-8-2019-q3/bin/../lib/gcc/arm-none-eabi/8.3.1/thumb/v7e-m/nofp\libgcc.a(_arm_addsubsf3.o)
 .data          0x00000000        0x0 x:/gcc/gcc-arm-none-eabi-8-2019-q3/bin/../lib/gcc/arm-none-eabi/8.3.1/thumb/v7e-m/nofp\libgcc.a(_arm_addsubsf3.o)
 .bss           0x00000000        0x0 x:/gcc/gcc-arm-none-eabi-8-2019-q3/bin/../lib/gcc/arm-none-eabi/8.3.1/thumb/v7e-m/nofp\libgcc.a(_arm_addsubsf3.o)
 .debug_frame   0x00000000       0x4c x:/gcc/gcc-arm-none-eabi-8-2019-q3/bin/../lib/gcc/arm-none-eabi/8.3.1/thumb/v7e-m/nofp\libgcc.a(_arm_addsubsf3.o)
 .ARM.attributes
                0x00000000       0x1e x:/gcc/gcc-arm-none-eabi-8-2019-q3/bin/../lib/gcc/arm-none-eabi/8.3.1/thumb/v7e-m/nofp\libgcc.a(_arm_addsubsf3.o)

Memory Configuration

Name             Origin             Length             Attributes
VECT             0x08000000         0x00000400         xrw
FLASH            0x08000400         0x0000b000         xr
FLASH1           0x0800f000         0x0000b000         xr
SRAM1            0x0e000000         0x00030000         rw
*default*        0x00000000         0xffffffff

Linker script and memory map

LOAD D:\bbsamples\Distribution\winIDEA_public\ST\STM32U575\emptyTargetInit\Debug\main.o
LOAD D:\bbsamples\Distribution\winIDEA_public\ST\STM32U575\emptyTargetInit\Debug\test.o
LOAD D:\bbsamples\Distribution\winIDEA_public\ST\STM32U575\emptyTargetInit\Debug\CPUFile.o
LOAD D:\bbsamples\Distribution\winIDEA_public\ST\STM32U575\emptyTargetInit\Debug\startup_ARMCM33.o
                0x00001000                __STACK_SIZE = 0x1000
                0x00001000                __HEAP_SIZE = 0x1000
                0x08000000                _VTOR = ORIGIN (VECT)

.vect           0x08000000      0x380
 *(.isr_vector)
 .isr_vector    0x08000000      0x380 D:\bbsamples\Distribution\winIDEA_public\ST\STM32U575\emptyTargetInit\Debug\startup_ARMCM33.o
                0x08000000                g_pfnVectors

.text           0x08000400      0x27c
 *(.vectors)
 *(.text*)
 .text.main     0x08000400       0x64 D:\bbsamples\Distribution\winIDEA_public\ST\STM32U575\emptyTargetInit\Debug\main.o
                0x08000400                main
 .text.Type_Simple
                0x08000464       0x28 D:\bbsamples\Distribution\winIDEA_public\ST\STM32U575\emptyTargetInit\Debug\test.o
                0x08000464                Type_Simple
 .text.Type_Arrays
                0x0800048c       0x38 D:\bbsamples\Distribution\winIDEA_public\ST\STM32U575\emptyTargetInit\Debug\test.o
                0x0800048c                Type_Arrays
 .text.Type_Pointers
                0x080004c4       0x10 D:\bbsamples\Distribution\winIDEA_public\ST\STM32U575\emptyTargetInit\Debug\test.o
                0x080004c4                Type_Pointers
 .text.Type_Struct
                0x080004d4       0x18 D:\bbsamples\Distribution\winIDEA_public\ST\STM32U575\emptyTargetInit\Debug\test.o
                0x080004d4                Type_Struct
 .text.Type_Bitfields
                0x080004ec       0x10 D:\bbsamples\Distribution\winIDEA_public\ST\STM32U575\emptyTargetInit\Debug\test.o
                0x080004ec                Type_Bitfields
 .text.Type_Enum
                0x080004fc       0x10 D:\bbsamples\Distribution\winIDEA_public\ST\STM32U575\emptyTargetInit\Debug\test.o
                0x080004fc                Type_Enum
 .text.Type_FunctionPointer
                0x0800050c       0x10 D:\bbsamples\Distribution\winIDEA_public\ST\STM32U575\emptyTargetInit\Debug\test.o
                0x0800050c                Type_FunctionPointer
 .text.ResetStrX
                0x0800051c       0x10 D:\bbsamples\Distribution\winIDEA_public\ST\STM32U575\emptyTargetInit\Debug\test.o
                0x0800051c                ResetStrX
 .text.Type_Mixed
                0x0800052c       0x28 D:\bbsamples\Distribution\winIDEA_public\ST\STM32U575\emptyTargetInit\Debug\test.o
                0x0800052c                Type_Mixed
 .text.TestStatic
                0x08000554       0x10 D:\bbsamples\Distribution\winIDEA_public\ST\STM32U575\emptyTargetInit\Debug\test.o
                0x08000554                TestStatic
 .text.Address_GlobalVariables
                0x08000564       0x18 D:\bbsamples\Distribution\winIDEA_public\ST\STM32U575\emptyTargetInit\Debug\test.o
                0x08000564                Address_GlobalVariables
 .text.Address_TestScopes
                0x0800057c       0x24 D:\bbsamples\Distribution\winIDEA_public\ST\STM32U575\emptyTargetInit\Debug\test.o
                0x0800057c                Address_TestScopes
 .text.Func2    0x080005a0       0x1c D:\bbsamples\Distribution\winIDEA_public\ST\STM32U575\emptyTargetInit\Debug\test.o
                0x080005a0                Func2
 .text.Func3    0x080005bc        0x6 D:\bbsamples\Distribution\winIDEA_public\ST\STM32U575\emptyTargetInit\Debug\test.o
                0x080005bc                Func3
 *fill*         0x080005c2        0x2 
 .text.Address_DifferentFunctionParameters
                0x080005c4       0x28 D:\bbsamples\Distribution\winIDEA_public\ST\STM32U575\emptyTargetInit\Debug\test.o
                0x080005c4                Address_DifferentFunctionParameters
 .text.CPU_Pointers
                0x080005ec       0x10 D:\bbsamples\Distribution\winIDEA_public\ST\STM32U575\emptyTargetInit\Debug\test.o
                0x080005ec                CPU_Pointers
 .text.Factorial
                0x080005fc       0x16 D:\bbsamples\Distribution\winIDEA_public\ST\STM32U575\emptyTargetInit\Debug\test.o
                0x080005fc                Factorial
 *fill*         0x08000612        0x2 
 .text.CPU_Recursion
                0x08000614       0x18 D:\bbsamples\Distribution\winIDEA_public\ST\STM32U575\emptyTargetInit\Debug\test.o
                0x08000614                CPU_Recursion
 .text.disableWatchdog
                0x0800062c        0x2 D:\bbsamples\Distribution\winIDEA_public\ST\STM32U575\emptyTargetInit\Debug\CPUFile.o
                0x0800062c                disableWatchdog
 .text.targetInit
                0x0800062e        0x2 D:\bbsamples\Distribution\winIDEA_public\ST\STM32U575\emptyTargetInit\Debug\CPUFile.o
                0x0800062e                targetInit
 .text.IntDefaultHandler
                0x08000630        0x2 D:\bbsamples\Distribution\winIDEA_public\ST\STM32U575\emptyTargetInit\Debug\startup_ARMCM33.o
                0x08000630                IntDefaultHandler
 .text.TimerInterruptHandler
                0x08000632        0x2 D:\bbsamples\Distribution\winIDEA_public\ST\STM32U575\emptyTargetInit\Debug\startup_ARMCM33.o
                0x08000632                TimerInterruptHandler
 .text.Reset    0x08000634       0x48 D:\bbsamples\Distribution\winIDEA_public\ST\STM32U575\emptyTargetInit\Debug\startup_ARMCM33.o
                0x08000634                Reset
 *(.init)
 *(.fini)
 *crtbegin.o(.ctors)
 *crtbegin?.o(.ctors)
 *(EXCLUDE_FILE(*crtend.o *crtend?.o) .ctors)
 *(SORT_BY_NAME(.ctors.*))
 *(.ctors)
 *crtbegin.o(.dtors)
 *crtbegin?.o(.dtors)
 *(EXCLUDE_FILE(*crtend.o *crtend?.o) .dtors)
 *(SORT_BY_NAME(.dtors.*))
 *(.dtors)
 *(.rodata*)
 *(.eh_frame*)

.glue_7         0x0800067c        0x0
 .glue_7        0x0800067c        0x0 linker stubs

.glue_7t        0x0800067c        0x0
 .glue_7t       0x0800067c        0x0 linker stubs

.vfp11_veneer   0x0800067c        0x0
 .vfp11_veneer  0x0800067c        0x0 linker stubs

.v4_bx          0x0800067c        0x0
 .v4_bx         0x0800067c        0x0 linker stubs

.iplt           0x0800067c        0x0
 .iplt          0x0800067c        0x0 D:\bbsamples\Distribution\winIDEA_public\ST\STM32U575\emptyTargetInit\Debug\main.o

.rel.dyn        0x0800067c        0x0
 .rel.iplt      0x0800067c        0x0 D:\bbsamples\Distribution\winIDEA_public\ST\STM32U575\emptyTargetInit\Debug\main.o

.ARM.extab
 *(.ARM.extab* .gnu.linkonce.armextab.*)
                0x0800067c                __exidx_start = .

.ARM.exidx
 *(.ARM.exidx* .gnu.linkonce.armexidx.*)
                0x0800067c                __exidx_end = .

.ecc.table      0x0800067c       0x40
                0x0800067c                . = ALIGN (0x4)
                0x0800067c                __ecc_table_start__ = .
                0x0800067c        0x8 QUAD 0xe000000 __data_start__
                0x08000684        0x8 QUAD 0x0 ((__data_end__ - __data_start__) / 0x8)
                0x0800068c        0x8 QUAD 0xe000000 __bss_start__
                0x08000694        0x8 QUAD 0x2 ((__bss_end__ - __bss_start__) / 0x8)
                0x0800069c        0x8 QUAD 0xe000010 __HeapTop
                0x080006a4        0x8 QUAD 0x200 ((__HeapLimit - __HeapTop) / 0x8)
                0x080006ac        0x8 QUAD 0xe02f000 __StackLimit
                0x080006b4        0x8 QUAD 0x200 ((__StackTop - __StackLimit) / 0x8)
                0x080006bc                __ecc_table_end__ = .

.copy.table     0x0800f000        0xc
                0x0800f000                . = ALIGN (0x4)
                0x0800f000                __copy_table_start__ = .
                0x0800f000        0x4 LONG 0x800f010 __etext
                0x0800f004        0x4 LONG 0xe000000 __data_start__
                0x0800f008        0x4 LONG 0x0 ((__data_end__ - __data_start__) / 0x4)
                0x0800f00c                __copy_table_end__ = .

.zero.table     0x0800f00c        0x0
                0x0800f00c                . = ALIGN (0x4)
                0x0800f00c                __zero_table_start__ = .
                0x0800f00c                __zero_table_end__ = .
                0x0800f010                __etext = ALIGN (0x8)

.boot_header
 *(.boot_header)

.data           0x0e000000        0x0 load address 0x0800f010
                0x0e000000                . = ALIGN (0x8)
                0x0e000000                __data_start__ = .
 *(vtable)
 *(.data)
 *(.data.*)
                0x0e000000                . = ALIGN (0x4)
                [!provide]                PROVIDE (__preinit_array_start = .)
 *(.preinit_array)
                [!provide]                PROVIDE (__preinit_array_end = .)
                0x0e000000                . = ALIGN (0x4)
                [!provide]                PROVIDE (__init_array_start = .)
 *(SORT_BY_NAME(.init_array.*))
 *(.init_array)
                [!provide]                PROVIDE (__init_array_end = .)
                0x0e000000                . = ALIGN (0x4)
                [!provide]                PROVIDE (__fini_array_start = .)
 *(SORT_BY_NAME(.fini_array.*))
 *(.fini_array)
                [!provide]                PROVIDE (__fini_array_end = .)
 *(.jcr*)
                0x0e000000                . = ALIGN (0x8)
                0x0e000000                __data_end__ = .

.igot.plt       0x0e000000        0x0
 .igot.plt      0x0e000000        0x0 D:\bbsamples\Distribution\winIDEA_public\ST\STM32U575\emptyTargetInit\Debug\main.o

.bss            0x0e000000       0x10
                0x0e000000                . = ALIGN (0x8)
                0x0e000000                __bss_start__ = .
 *(.bss)
 *(.bss.*)
 .bss.iCounter  0x0e000000        0x4 D:\bbsamples\Distribution\winIDEA_public\ST\STM32U575\emptyTargetInit\Debug\main.o
                0x0e000000                iCounter
 .bss.staticI.4292
                0x0e000004        0x4 D:\bbsamples\Distribution\winIDEA_public\ST\STM32U575\emptyTargetInit\Debug\test.o
 *(COMMON)
 COMMON         0x0e000008        0x4 D:\bbsamples\Distribution\winIDEA_public\ST\STM32U575\emptyTargetInit\Debug\main.o
                0x0e000008                byTestByte
                0x0e00000a                wTestWord
                0x0e000010                . = ALIGN (0x8)
 *fill*         0x0e00000c        0x4 
                0x0e000010                __bss_end__ = .

.heap           0x0e000010     0x1000
                0x0e000010                . = ALIGN (0x8)
                0x0e000010                __HeapTop = .
                0x0e000010                __end__ = .
                0x0e000010                _end = .
                [!provide]                PROVIDE (end = .)
                0x0e001010                . = (. + __HEAP_SIZE)
 *fill*         0x0e000010     0x1000 
                0x0e001010                . = ALIGN (0x8)
                0x0e001010                __HeapLimit = .

.stack          0x0e02f000     0x1000
                0x0e02f000                . = ALIGN (0x8)
                0x0e02f000                __StackLimit = .
                0x0e030000                . = (. + __STACK_SIZE)
 *fill*         0x0e02f000     0x1000 
                0x0e030000                . = ALIGN (0x8)
                0x0e030000                __StackTop = .
                0x0e030000                PROVIDE (__stack = __StackTop)
                0x00000001                ASSERT ((__StackLimit >= __HeapLimit), region RAM overflowed with stack)
                0x08000400                START_ADDRESS = ORIGIN (FLASH)
                0x00030000                __RAM_SIZE = LENGTH (SRAM1)
                0x0e000000                __RAM_START = ORIGIN (SRAM1)
LOAD x:/gcc/gcc-arm-none-eabi-8-2019-q3/bin/../lib/gcc/arm-none-eabi/8.3.1/../../../../arm-none-eabi/lib/thumb/v7e-m/nofp\libnosys.a
LOAD x:/gcc/gcc-arm-none-eabi-8-2019-q3/bin/../lib/gcc/arm-none-eabi/8.3.1/../../../../arm-none-eabi/lib/thumb/v7e-m/nofp\libc.a
LOAD x:/gcc/gcc-arm-none-eabi-8-2019-q3/bin/../lib/gcc/arm-none-eabi/8.3.1/thumb/v7e-m/nofp\libgcc.a
OUTPUT(sample.elf elf32-littlearm)

.debug_frame    0x00000000      0x25c
 .debug_frame   0x00000000       0x28 D:\bbsamples\Distribution\winIDEA_public\ST\STM32U575\emptyTargetInit\Debug\main.o
 .debug_frame   0x00000028      0x1c4 D:\bbsamples\Distribution\winIDEA_public\ST\STM32U575\emptyTargetInit\Debug\test.o
 .debug_frame   0x000001ec       0x30 D:\bbsamples\Distribution\winIDEA_public\ST\STM32U575\emptyTargetInit\Debug\CPUFile.o
 .debug_frame   0x0000021c       0x40 D:\bbsamples\Distribution\winIDEA_public\ST\STM32U575\emptyTargetInit\Debug\startup_ARMCM33.o

.debug_info     0x00000000      0xcdd
 .debug_info    0x00000000      0x228 D:\bbsamples\Distribution\winIDEA_public\ST\STM32U575\emptyTargetInit\Debug\main.o
 .debug_info    0x00000228      0x883 D:\bbsamples\Distribution\winIDEA_public\ST\STM32U575\emptyTargetInit\Debug\test.o
 .debug_info    0x00000aab       0x9b D:\bbsamples\Distribution\winIDEA_public\ST\STM32U575\emptyTargetInit\Debug\CPUFile.o
 .debug_info    0x00000b46      0x197 D:\bbsamples\Distribution\winIDEA_public\ST\STM32U575\emptyTargetInit\Debug\startup_ARMCM33.o

.debug_abbrev   0x00000000      0x51a
 .debug_abbrev  0x00000000       0x8b D:\bbsamples\Distribution\winIDEA_public\ST\STM32U575\emptyTargetInit\Debug\main.o
 .debug_abbrev  0x0000008b      0x348 D:\bbsamples\Distribution\winIDEA_public\ST\STM32U575\emptyTargetInit\Debug\test.o
 .debug_abbrev  0x000003d3       0x5e D:\bbsamples\Distribution\winIDEA_public\ST\STM32U575\emptyTargetInit\Debug\CPUFile.o
 .debug_abbrev  0x00000431       0xe9 D:\bbsamples\Distribution\winIDEA_public\ST\STM32U575\emptyTargetInit\Debug\startup_ARMCM33.o

.debug_loc      0x00000000      0x6f0
 .debug_loc     0x00000000       0x20 D:\bbsamples\Distribution\winIDEA_public\ST\STM32U575\emptyTargetInit\Debug\main.o
 .debug_loc     0x00000020      0x67d D:\bbsamples\Distribution\winIDEA_public\ST\STM32U575\emptyTargetInit\Debug\test.o
 .debug_loc     0x0000069d       0x53 D:\bbsamples\Distribution\winIDEA_public\ST\STM32U575\emptyTargetInit\Debug\startup_ARMCM33.o

.debug_aranges  0x00000000      0x140
 .debug_aranges
                0x00000000       0x20 D:\bbsamples\Distribution\winIDEA_public\ST\STM32U575\emptyTargetInit\Debug\main.o
 .debug_aranges
                0x00000020       0xc8 D:\bbsamples\Distribution\winIDEA_public\ST\STM32U575\emptyTargetInit\Debug\test.o
 .debug_aranges
                0x000000e8       0x28 D:\bbsamples\Distribution\winIDEA_public\ST\STM32U575\emptyTargetInit\Debug\CPUFile.o
 .debug_aranges
                0x00000110       0x30 D:\bbsamples\Distribution\winIDEA_public\ST\STM32U575\emptyTargetInit\Debug\startup_ARMCM33.o

.debug_ranges   0x00000000      0x118
 .debug_ranges  0x00000000       0x10 D:\bbsamples\Distribution\winIDEA_public\ST\STM32U575\emptyTargetInit\Debug\main.o
 .debug_ranges  0x00000010       0xd0 D:\bbsamples\Distribution\winIDEA_public\ST\STM32U575\emptyTargetInit\Debug\test.o
 .debug_ranges  0x000000e0       0x18 D:\bbsamples\Distribution\winIDEA_public\ST\STM32U575\emptyTargetInit\Debug\CPUFile.o
 .debug_ranges  0x000000f8       0x20 D:\bbsamples\Distribution\winIDEA_public\ST\STM32U575\emptyTargetInit\Debug\startup_ARMCM33.o

.debug_line     0x00000000      0x749
 .debug_line    0x00000000      0x105 D:\bbsamples\Distribution\winIDEA_public\ST\STM32U575\emptyTargetInit\Debug\main.o
 .debug_line    0x00000105      0x4b5 D:\bbsamples\Distribution\winIDEA_public\ST\STM32U575\emptyTargetInit\Debug\test.o
 .debug_line    0x000005ba       0x90 D:\bbsamples\Distribution\winIDEA_public\ST\STM32U575\emptyTargetInit\Debug\CPUFile.o
 .debug_line    0x0000064a       0xff D:\bbsamples\Distribution\winIDEA_public\ST\STM32U575\emptyTargetInit\Debug\startup_ARMCM33.o

.debug_str      0x00000000      0x4fb
 .debug_str     0x00000000      0x29b D:\bbsamples\Distribution\winIDEA_public\ST\STM32U575\emptyTargetInit\Debug\main.o
 .debug_str     0x0000029b       0xf2 D:\bbsamples\Distribution\winIDEA_public\ST\STM32U575\emptyTargetInit\Debug\test.o
                                0x352 (size before relaxing)
 .debug_str     0x0000038d       0x7f D:\bbsamples\Distribution\winIDEA_public\ST\STM32U575\emptyTargetInit\Debug\CPUFile.o
                                0x1f7 (size before relaxing)
 .debug_str     0x0000040c       0xef D:\bbsamples\Distribution\winIDEA_public\ST\STM32U575\emptyTargetInit\Debug\startup_ARMCM33.o
                                0x280 (size before relaxing)

.comment        0x00000000       0x76
 .comment       0x00000000       0x76 D:\bbsamples\Distribution\winIDEA_public\ST\STM32U575\emptyTargetInit\Debug\main.o
                                 0x77 (size before relaxing)
 .comment       0x00000076       0x77 D:\bbsamples\Distribution\winIDEA_public\ST\STM32U575\emptyTargetInit\Debug\test.o
 .comment       0x00000076       0x77 D:\bbsamples\Distribution\winIDEA_public\ST\STM32U575\emptyTargetInit\Debug\CPUFile.o
 .comment       0x00000076       0x77 D:\bbsamples\Distribution\winIDEA_public\ST\STM32U575\emptyTargetInit\Debug\startup_ARMCM33.o

.ARM.attributes
                0x00000000       0x2e
 .ARM.attributes
                0x00000000       0x2e D:\bbsamples\Distribution\winIDEA_public\ST\STM32U575\emptyTargetInit\Debug\main.o
 .ARM.attributes
                0x0000002e       0x2e D:\bbsamples\Distribution\winIDEA_public\ST\STM32U575\emptyTargetInit\Debug\test.o
 .ARM.attributes
                0x0000005c       0x2e D:\bbsamples\Distribution\winIDEA_public\ST\STM32U575\emptyTargetInit\Debug\CPUFile.o
 .ARM.attributes
                0x0000008a       0x2e D:\bbsamples\Distribution\winIDEA_public\ST\STM32U575\emptyTargetInit\Debug\startup_ARMCM33.o
