Archive member included to satisfy reference by file (symbol)

x:/gcc/arm-8-2018-q4/bin/../lib/gcc/arm-none-eabi/8.2.1/thumb/v7e-m/nofp\libgcc.a(_arm_addsubsf3.o)
                              D:\Venus\trunk\BlueBox\fitIDEA\samples\public\AM2432_RAM_GCC\emptyTargetInit\Core_CM4\Debug\test.o (__aeabi_fadd)

Allocating common symbols
Common symbol       size              file

byTestByte          0x1               D:\Venus\trunk\BlueBox\fitIDEA\samples\public\AM2432_RAM_GCC\emptyTargetInit\Core_CM4\Debug\main.o
wTestWord           0x2               D:\Venus\trunk\BlueBox\fitIDEA\samples\public\AM2432_RAM_GCC\emptyTargetInit\Core_CM4\Debug\main.o

Discarded input sections

 .group         0x00000000        0xc D:\Venus\trunk\BlueBox\fitIDEA\samples\public\AM2432_RAM_GCC\emptyTargetInit\Core_CM4\Debug\main.o
 .group         0x00000000        0xc D:\Venus\trunk\BlueBox\fitIDEA\samples\public\AM2432_RAM_GCC\emptyTargetInit\Core_CM4\Debug\test.o
 .debug_macro   0x00000000      0xa8a D:\Venus\trunk\BlueBox\fitIDEA\samples\public\AM2432_RAM_GCC\emptyTargetInit\Core_CM4\Debug\test.o
 .group         0x00000000        0xc D:\Venus\trunk\BlueBox\fitIDEA\samples\public\AM2432_RAM_GCC\emptyTargetInit\Core_CM4\Debug\CPUFile.o
 .group         0x00000000        0xc D:\Venus\trunk\BlueBox\fitIDEA\samples\public\AM2432_RAM_GCC\emptyTargetInit\Core_CM4\Debug\CPUFile.o
 .debug_macro   0x00000000      0xa8a D:\Venus\trunk\BlueBox\fitIDEA\samples\public\AM2432_RAM_GCC\emptyTargetInit\Core_CM4\Debug\CPUFile.o
 .group         0x00000000        0xc D:\Venus\trunk\BlueBox\fitIDEA\samples\public\AM2432_RAM_GCC\emptyTargetInit\Core_CM4\Debug\startup.o
 .debug_macro   0x00000000      0xa8a D:\Venus\trunk\BlueBox\fitIDEA\samples\public\AM2432_RAM_GCC\emptyTargetInit\Core_CM4\Debug\startup.o

Memory Configuration

Name             Origin             Length             Attributes
RAM_256K_CM4     0x05000000         0x00040000         xrw
MSRAM_256K0_RAM  0x70000000         0x00040000         xrw
MSRAM_256K1_RAM  0x70040000         0x00040000         xrw
MSRAM_256K2_RAM  0x70080000         0x00040000         xrw
MSRAM_256K3_RAM  0x700c0000         0x00040000         xrw
MSRAM_256K4_RAM  0x70100000         0x00040000         xrw
ATCM_MAIN_0_R5_0 0x78000000         0x00010000         xrw
ATCM_MAIN_0_R5_1 0x78200000         0x00010000         xrw
ATCM_MAIN_1_R5_0 0x78400000         0x00010000         xrw
ATCM_MAIN_1_R5_1 0x78600000         0x00010000         xrw
*default*        0x00000000         0xffffffff

Linker script and memory map

LOAD D:\Venus\trunk\BlueBox\fitIDEA\samples\public\AM2432_RAM_GCC\emptyTargetInit\Core_CM4\Debug\main.o
LOAD D:\Venus\trunk\BlueBox\fitIDEA\samples\public\AM2432_RAM_GCC\emptyTargetInit\Core_CM4\Debug\test.o
LOAD D:\Venus\trunk\BlueBox\fitIDEA\samples\public\AM2432_RAM_GCC\emptyTargetInit\Core_CM4\Debug\CPUFile.o
LOAD D:\Venus\trunk\BlueBox\fitIDEA\samples\public\AM2432_RAM_GCC\emptyTargetInit\Core_CM4\Debug\startup0RA.o
LOAD D:\Venus\trunk\BlueBox\fitIDEA\samples\public\AM2432_RAM_GCC\emptyTargetInit\Core_CM4\Debug\startup.o
                0x05000000                _bootAddr_CM4 = ORIGIN (RAM_256K_CM4)
                0x0503fffc                _estack = (((ORIGIN (RAM_256K_CM4) + LENGTH (RAM_256K_CM4)) - 0x4) & 0xfffffffc)

.text           0x05000000      0x920
 *(.isr_vector)
 .isr_vector    0x05000000       0x38 D:\Venus\trunk\BlueBox\fitIDEA\samples\public\AM2432_RAM_GCC\emptyTargetInit\Core_CM4\Debug\startup.o
                0x05000000                g_ISRTable
 *(.text*)
 .text          0x05000038       0x6c D:\Venus\trunk\BlueBox\fitIDEA\samples\public\AM2432_RAM_GCC\emptyTargetInit\Core_CM4\Debug\main.o
                0x05000038                main
 .text          0x050000a4      0x5b8 D:\Venus\trunk\BlueBox\fitIDEA\samples\public\AM2432_RAM_GCC\emptyTargetInit\Core_CM4\Debug\test.o
                0x050000a4                Type_Simple
                0x05000134                Type_Arrays
                0x050001cc                Type_Pointers
                0x05000218                Type_Struct
                0x05000280                Type_Bitfields
                0x050002c4                Type_Enum
                0x05000300                Mult
                0x0500031c                Type_FunctionPointer
                0x05000364                ResetStrX
                0x0500039a                Type_Mixed
                0x050003d0                TestStatic
                0x050003ec                Address_GlobalVariables
                0x0500040c                Address_TestScopes
                0x05000488                Func1
                0x050004b4                Func2
                0x050004f8                Func3
                0x05000510                Func4
                0x05000588                Address_DifferentFunctionParameters
                0x050005c4                InterruptRoutine
                0x050005e0                CPU_Pointers
                0x050005fc                Factorial
                0x05000628                CPU_Recursion
 .text          0x0500065c       0x18 D:\Venus\trunk\BlueBox\fitIDEA\samples\public\AM2432_RAM_GCC\emptyTargetInit\Core_CM4\Debug\CPUFile.o
                0x0500065c                targetInit
                0x05000668                disableWatchdog
 .text          0x05000674       0x18 D:\Venus\trunk\BlueBox\fitIDEA\samples\public\AM2432_RAM_GCC\emptyTargetInit\Core_CM4\Debug\startup0RA.o
                0x05000674                reset
 .text          0x0500068c       0x78 D:\Venus\trunk\BlueBox\fitIDEA\samples\public\AM2432_RAM_GCC\emptyTargetInit\Core_CM4\Debug\startup.o
                0x0500068c                ResetHandler
 .text          0x05000704      0x21c x:/gcc/arm-8-2018-q4/bin/../lib/gcc/arm-none-eabi/8.2.1/thumb/v7e-m/nofp\libgcc.a(_arm_addsubsf3.o)
                0x05000704                __aeabi_frsub
                0x0500070c                __subsf3
                0x0500070c                __aeabi_fsub
                0x05000710                __aeabi_fadd
                0x05000710                __addsf3
                0x05000870                __aeabi_ui2f
                0x05000870                __floatunsisf
                0x05000878                __aeabi_i2f
                0x05000878                __floatsisf
                0x05000894                __aeabi_ul2f
                0x05000894                __floatundisf
                0x050008a4                __aeabi_l2f
                0x050008a4                __floatdisf
 *(.glue_7t)
 .glue_7t       0x05000920        0x0 linker stubs
 *(.glue_7)
 .glue_7        0x05000920        0x0 linker stubs
 *(.rodata*)
 *(.eh*)
                0x05000920                _etext = .

.vfp11_veneer   0x05000920        0x0
 .vfp11_veneer  0x05000920        0x0 linker stubs

.v4_bx          0x05000920        0x0
 .v4_bx         0x05000920        0x0 linker stubs

.iplt           0x05000920        0x0
 .iplt          0x05000920        0x0 D:\Venus\trunk\BlueBox\fitIDEA\samples\public\AM2432_RAM_GCC\emptyTargetInit\Core_CM4\Debug\main.o

.rel.dyn        0x05000920        0x0
 .rel.iplt      0x05000920        0x0 D:\Venus\trunk\BlueBox\fitIDEA\samples\public\AM2432_RAM_GCC\emptyTargetInit\Core_CM4\Debug\main.o

.data           0x05000920        0x0
                0x05000920                _data = .
 *(vtable)
 *(.data*)
 .data          0x05000920        0x0 D:\Venus\trunk\BlueBox\fitIDEA\samples\public\AM2432_RAM_GCC\emptyTargetInit\Core_CM4\Debug\main.o
 .data          0x05000920        0x0 D:\Venus\trunk\BlueBox\fitIDEA\samples\public\AM2432_RAM_GCC\emptyTargetInit\Core_CM4\Debug\test.o
 .data          0x05000920        0x0 D:\Venus\trunk\BlueBox\fitIDEA\samples\public\AM2432_RAM_GCC\emptyTargetInit\Core_CM4\Debug\CPUFile.o
 .data          0x05000920        0x0 D:\Venus\trunk\BlueBox\fitIDEA\samples\public\AM2432_RAM_GCC\emptyTargetInit\Core_CM4\Debug\startup0RA.o
 .data          0x05000920        0x0 D:\Venus\trunk\BlueBox\fitIDEA\samples\public\AM2432_RAM_GCC\emptyTargetInit\Core_CM4\Debug\startup.o
 .data          0x05000920        0x0 x:/gcc/arm-8-2018-q4/bin/../lib/gcc/arm-none-eabi/8.2.1/thumb/v7e-m/nofp\libgcc.a(_arm_addsubsf3.o)
                0x05000920                _edata = .

.igot.plt       0x05000920        0x0
 .igot.plt      0x05000920        0x0 D:\Venus\trunk\BlueBox\fitIDEA\samples\public\AM2432_RAM_GCC\emptyTargetInit\Core_CM4\Debug\main.o

.bss            0x05000920       0x10
                0x05000920                _bss = .
 *(.bss*)
 .bss           0x05000920        0x8 D:\Venus\trunk\BlueBox\fitIDEA\samples\public\AM2432_RAM_GCC\emptyTargetInit\Core_CM4\Debug\main.o
                0x05000920                iCounter
                0x05000924                iInterruptCounter
 .bss           0x05000928        0x4 D:\Venus\trunk\BlueBox\fitIDEA\samples\public\AM2432_RAM_GCC\emptyTargetInit\Core_CM4\Debug\test.o
 .bss           0x0500092c        0x0 D:\Venus\trunk\BlueBox\fitIDEA\samples\public\AM2432_RAM_GCC\emptyTargetInit\Core_CM4\Debug\CPUFile.o
 .bss           0x0500092c        0x0 D:\Venus\trunk\BlueBox\fitIDEA\samples\public\AM2432_RAM_GCC\emptyTargetInit\Core_CM4\Debug\startup0RA.o
 .bss           0x0500092c        0x0 D:\Venus\trunk\BlueBox\fitIDEA\samples\public\AM2432_RAM_GCC\emptyTargetInit\Core_CM4\Debug\startup.o
 .bss           0x0500092c        0x0 x:/gcc/arm-8-2018-q4/bin/../lib/gcc/arm-none-eabi/8.2.1/thumb/v7e-m/nofp\libgcc.a(_arm_addsubsf3.o)
 *(COMMON)
 COMMON         0x0500092c        0x4 D:\Venus\trunk\BlueBox\fitIDEA\samples\public\AM2432_RAM_GCC\emptyTargetInit\Core_CM4\Debug\main.o
                0x0500092c                byTestByte
                0x0500092e                wTestWord
                0x05000930                _ebss = .
LOAD x:/gcc/arm-8-2018-q4/bin/../lib/gcc/arm-none-eabi/8.2.1/thumb/v7e-m/nofp\libgcc.a
LOAD x:/gcc/arm-8-2018-q4/bin/../lib/gcc/arm-none-eabi/8.2.1/../../../../arm-none-eabi/lib/thumb/v7e-m/nofp\libc.a
OUTPUT(sample.elf elf32-littlearm)

.debug_info     0x00000000      0x9b0
 .debug_info    0x00000000       0xbd D:\Venus\trunk\BlueBox\fitIDEA\samples\public\AM2432_RAM_GCC\emptyTargetInit\Core_CM4\Debug\main.o
 .debug_info    0x000000bd      0x704 D:\Venus\trunk\BlueBox\fitIDEA\samples\public\AM2432_RAM_GCC\emptyTargetInit\Core_CM4\Debug\test.o
 .debug_info    0x000007c1       0xa0 D:\Venus\trunk\BlueBox\fitIDEA\samples\public\AM2432_RAM_GCC\emptyTargetInit\Core_CM4\Debug\CPUFile.o
 .debug_info    0x00000861       0x26 D:\Venus\trunk\BlueBox\fitIDEA\samples\public\AM2432_RAM_GCC\emptyTargetInit\Core_CM4\Debug\startup0RA.o
 .debug_info    0x00000887      0x129 D:\Venus\trunk\BlueBox\fitIDEA\samples\public\AM2432_RAM_GCC\emptyTargetInit\Core_CM4\Debug\startup.o

.debug_abbrev   0x00000000      0x43d
 .debug_abbrev  0x00000000       0x6b D:\Venus\trunk\BlueBox\fitIDEA\samples\public\AM2432_RAM_GCC\emptyTargetInit\Core_CM4\Debug\main.o
 .debug_abbrev  0x0000006b      0x28e D:\Venus\trunk\BlueBox\fitIDEA\samples\public\AM2432_RAM_GCC\emptyTargetInit\Core_CM4\Debug\test.o
 .debug_abbrev  0x000002f9       0x73 D:\Venus\trunk\BlueBox\fitIDEA\samples\public\AM2432_RAM_GCC\emptyTargetInit\Core_CM4\Debug\CPUFile.o
 .debug_abbrev  0x0000036c       0x14 D:\Venus\trunk\BlueBox\fitIDEA\samples\public\AM2432_RAM_GCC\emptyTargetInit\Core_CM4\Debug\startup0RA.o
 .debug_abbrev  0x00000380       0xbd D:\Venus\trunk\BlueBox\fitIDEA\samples\public\AM2432_RAM_GCC\emptyTargetInit\Core_CM4\Debug\startup.o

.debug_aranges  0x00000000       0xa0
 .debug_aranges
                0x00000000       0x20 D:\Venus\trunk\BlueBox\fitIDEA\samples\public\AM2432_RAM_GCC\emptyTargetInit\Core_CM4\Debug\main.o
 .debug_aranges
                0x00000020       0x20 D:\Venus\trunk\BlueBox\fitIDEA\samples\public\AM2432_RAM_GCC\emptyTargetInit\Core_CM4\Debug\test.o
 .debug_aranges
                0x00000040       0x20 D:\Venus\trunk\BlueBox\fitIDEA\samples\public\AM2432_RAM_GCC\emptyTargetInit\Core_CM4\Debug\CPUFile.o
 .debug_aranges
                0x00000060       0x20 D:\Venus\trunk\BlueBox\fitIDEA\samples\public\AM2432_RAM_GCC\emptyTargetInit\Core_CM4\Debug\startup0RA.o
 .debug_aranges
                0x00000080       0x20 D:\Venus\trunk\BlueBox\fitIDEA\samples\public\AM2432_RAM_GCC\emptyTargetInit\Core_CM4\Debug\startup.o

.debug_macro    0x00000000      0xc13
 .debug_macro   0x00000000       0x25 D:\Venus\trunk\BlueBox\fitIDEA\samples\public\AM2432_RAM_GCC\emptyTargetInit\Core_CM4\Debug\main.o
 .debug_macro   0x00000025      0xa8a D:\Venus\trunk\BlueBox\fitIDEA\samples\public\AM2432_RAM_GCC\emptyTargetInit\Core_CM4\Debug\main.o
 .debug_macro   0x00000aaf       0x1b D:\Venus\trunk\BlueBox\fitIDEA\samples\public\AM2432_RAM_GCC\emptyTargetInit\Core_CM4\Debug\test.o
 .debug_macro   0x00000aca       0x1a D:\Venus\trunk\BlueBox\fitIDEA\samples\public\AM2432_RAM_GCC\emptyTargetInit\Core_CM4\Debug\CPUFile.o
 .debug_macro   0x00000ae4      0x11e D:\Venus\trunk\BlueBox\fitIDEA\samples\public\AM2432_RAM_GCC\emptyTargetInit\Core_CM4\Debug\CPUFile.o
 .debug_macro   0x00000c02       0x11 D:\Venus\trunk\BlueBox\fitIDEA\samples\public\AM2432_RAM_GCC\emptyTargetInit\Core_CM4\Debug\startup.o

.debug_line     0x00000000      0x67e
 .debug_line    0x00000000       0xf9 D:\Venus\trunk\BlueBox\fitIDEA\samples\public\AM2432_RAM_GCC\emptyTargetInit\Core_CM4\Debug\main.o
 .debug_line    0x000000f9      0x36f D:\Venus\trunk\BlueBox\fitIDEA\samples\public\AM2432_RAM_GCC\emptyTargetInit\Core_CM4\Debug\test.o
 .debug_line    0x00000468       0xa0 D:\Venus\trunk\BlueBox\fitIDEA\samples\public\AM2432_RAM_GCC\emptyTargetInit\Core_CM4\Debug\CPUFile.o
 .debug_line    0x00000508       0x95 D:\Venus\trunk\BlueBox\fitIDEA\samples\public\AM2432_RAM_GCC\emptyTargetInit\Core_CM4\Debug\startup0RA.o
 .debug_line    0x0000059d       0xe1 D:\Venus\trunk\BlueBox\fitIDEA\samples\public\AM2432_RAM_GCC\emptyTargetInit\Core_CM4\Debug\startup.o

.debug_str      0x00000000     0x3ccc
 .debug_str     0x00000000     0x2db5 D:\Venus\trunk\BlueBox\fitIDEA\samples\public\AM2432_RAM_GCC\emptyTargetInit\Core_CM4\Debug\main.o
                               0x2dd6 (size before relaxing)
 .debug_str     0x00002db5      0x1ce D:\Venus\trunk\BlueBox\fitIDEA\samples\public\AM2432_RAM_GCC\emptyTargetInit\Core_CM4\Debug\test.o
                               0x2f71 (size before relaxing)
 .debug_str     0x00002f83      0xc08 D:\Venus\trunk\BlueBox\fitIDEA\samples\public\AM2432_RAM_GCC\emptyTargetInit\Core_CM4\Debug\CPUFile.o
                               0x38ef (size before relaxing)
 .debug_str     0x00003b8b       0x72 D:\Venus\trunk\BlueBox\fitIDEA\samples\public\AM2432_RAM_GCC\emptyTargetInit\Core_CM4\Debug\startup0RA.o
                                 0xc8 (size before relaxing)
 .debug_str     0x00003bfd       0xcf D:\Venus\trunk\BlueBox\fitIDEA\samples\public\AM2432_RAM_GCC\emptyTargetInit\Core_CM4\Debug\startup.o
                               0x2e0b (size before relaxing)

.comment        0x00000000       0x75
 .comment       0x00000000       0x75 D:\Venus\trunk\BlueBox\fitIDEA\samples\public\AM2432_RAM_GCC\emptyTargetInit\Core_CM4\Debug\main.o
                                 0x76 (size before relaxing)
 .comment       0x00000075       0x76 D:\Venus\trunk\BlueBox\fitIDEA\samples\public\AM2432_RAM_GCC\emptyTargetInit\Core_CM4\Debug\test.o
 .comment       0x00000075       0x76 D:\Venus\trunk\BlueBox\fitIDEA\samples\public\AM2432_RAM_GCC\emptyTargetInit\Core_CM4\Debug\CPUFile.o
 .comment       0x00000075       0x76 D:\Venus\trunk\BlueBox\fitIDEA\samples\public\AM2432_RAM_GCC\emptyTargetInit\Core_CM4\Debug\startup.o

.ARM.attributes
                0x00000000       0x31
 .ARM.attributes
                0x00000000       0x2d D:\Venus\trunk\BlueBox\fitIDEA\samples\public\AM2432_RAM_GCC\emptyTargetInit\Core_CM4\Debug\main.o
 .ARM.attributes
                0x0000002d       0x2d D:\Venus\trunk\BlueBox\fitIDEA\samples\public\AM2432_RAM_GCC\emptyTargetInit\Core_CM4\Debug\test.o
 .ARM.attributes
                0x0000005a       0x2d D:\Venus\trunk\BlueBox\fitIDEA\samples\public\AM2432_RAM_GCC\emptyTargetInit\Core_CM4\Debug\CPUFile.o
 .ARM.attributes
                0x00000087       0x21 D:\Venus\trunk\BlueBox\fitIDEA\samples\public\AM2432_RAM_GCC\emptyTargetInit\Core_CM4\Debug\startup0RA.o
 .ARM.attributes
                0x000000a8       0x2d D:\Venus\trunk\BlueBox\fitIDEA\samples\public\AM2432_RAM_GCC\emptyTargetInit\Core_CM4\Debug\startup.o
 .ARM.attributes
                0x000000d5       0x1e x:/gcc/arm-8-2018-q4/bin/../lib/gcc/arm-none-eabi/8.2.1/thumb/v7e-m/nofp\libgcc.a(_arm_addsubsf3.o)

.debug_frame    0x00000000      0x490
 .debug_frame   0x00000000       0x2c D:\Venus\trunk\BlueBox\fitIDEA\samples\public\AM2432_RAM_GCC\emptyTargetInit\Core_CM4\Debug\main.o
 .debug_frame   0x0000002c      0x34c D:\Venus\trunk\BlueBox\fitIDEA\samples\public\AM2432_RAM_GCC\emptyTargetInit\Core_CM4\Debug\test.o
 .debug_frame   0x00000378       0x50 D:\Venus\trunk\BlueBox\fitIDEA\samples\public\AM2432_RAM_GCC\emptyTargetInit\Core_CM4\Debug\CPUFile.o
 .debug_frame   0x000003c8       0x7c D:\Venus\trunk\BlueBox\fitIDEA\samples\public\AM2432_RAM_GCC\emptyTargetInit\Core_CM4\Debug\startup.o
 .debug_frame   0x00000444       0x4c x:/gcc/arm-8-2018-q4/bin/../lib/gcc/arm-none-eabi/8.2.1/thumb/v7e-m/nofp\libgcc.a(_arm_addsubsf3.o)
