Archive member included to satisfy reference by file (symbol)

x:/gcc/gcc-arm-none-eabi-10.3-2021.07/bin/../lib/gcc/arm-none-eabi/10.3.1/thumb/v6-m/nofp\libgcc.a(addsf3.o)
                              D:\AngelaNikodinovska\VenusTrunk1\BlueBox\fitIDEA\samples\public\MM32F014x_FLASH_GCC\targetInit\Debug\test.o (__aeabi_fadd)
x:/gcc/gcc-arm-none-eabi-10.3-2021.07/bin/../lib/gcc/arm-none-eabi/10.3.1/thumb/v6-m/nofp\libgcc.a(floatsisf.o)
                              D:\AngelaNikodinovska\VenusTrunk1\BlueBox\fitIDEA\samples\public\MM32F014x_FLASH_GCC\targetInit\Debug\test.o (__aeabi_i2f)
x:/gcc/gcc-arm-none-eabi-10.3-2021.07/bin/../lib/gcc/arm-none-eabi/10.3.1/thumb/v6-m/nofp\libgcc.a(floatunsisf.o)
                              D:\AngelaNikodinovska\VenusTrunk1\BlueBox\fitIDEA\samples\public\MM32F014x_FLASH_GCC\targetInit\Debug\test.o (__aeabi_ui2f)
x:/gcc/gcc-arm-none-eabi-10.3-2021.07/bin/../lib/gcc/arm-none-eabi/10.3.1/thumb/v6-m/nofp\libgcc.a(_clzsi2.o)
                              x:/gcc/gcc-arm-none-eabi-10.3-2021.07/bin/../lib/gcc/arm-none-eabi/10.3.1/thumb/v6-m/nofp\libgcc.a(addsf3.o) (__clzsi2)

Discarded input sections

 .group         0x00000000        0xc D:\AngelaNikodinovska\VenusTrunk1\BlueBox\fitIDEA\samples\public\MM32F014x_FLASH_GCC\targetInit\Debug\main.o
 .group         0x00000000        0xc D:\AngelaNikodinovska\VenusTrunk1\BlueBox\fitIDEA\samples\public\MM32F014x_FLASH_GCC\targetInit\Debug\test.o
 .debug_macro   0x00000000      0xa3c D:\AngelaNikodinovska\VenusTrunk1\BlueBox\fitIDEA\samples\public\MM32F014x_FLASH_GCC\targetInit\Debug\test.o
 .group         0x00000000        0xc D:\AngelaNikodinovska\VenusTrunk1\BlueBox\fitIDEA\samples\public\MM32F014x_FLASH_GCC\targetInit\Debug\CPUFile.o
 .group         0x00000000        0xc D:\AngelaNikodinovska\VenusTrunk1\BlueBox\fitIDEA\samples\public\MM32F014x_FLASH_GCC\targetInit\Debug\CPUFile.o
 .debug_macro   0x00000000      0xa3c D:\AngelaNikodinovska\VenusTrunk1\BlueBox\fitIDEA\samples\public\MM32F014x_FLASH_GCC\targetInit\Debug\CPUFile.o
 .group         0x00000000        0xc D:\AngelaNikodinovska\VenusTrunk1\BlueBox\fitIDEA\samples\public\MM32F014x_FLASH_GCC\targetInit\Debug\startup.o
 .group         0x00000000        0xc D:\AngelaNikodinovska\VenusTrunk1\BlueBox\fitIDEA\samples\public\MM32F014x_FLASH_GCC\targetInit\Debug\startup.o
 .debug_macro   0x00000000      0xa3c D:\AngelaNikodinovska\VenusTrunk1\BlueBox\fitIDEA\samples\public\MM32F014x_FLASH_GCC\targetInit\Debug\startup.o
 .debug_macro   0x00000000       0xa0 D:\AngelaNikodinovska\VenusTrunk1\BlueBox\fitIDEA\samples\public\MM32F014x_FLASH_GCC\targetInit\Debug\startup.o

Memory Configuration

Name             Origin             Length             Attributes
FLASH            0x08000000         0x00010000         xr
SRAM             0x20000000         0x00002000         xrw
*default*        0x00000000         0xffffffff

Linker script and memory map

LOAD D:\AngelaNikodinovska\VenusTrunk1\BlueBox\fitIDEA\samples\public\MM32F014x_FLASH_GCC\targetInit\Debug\main.o
LOAD D:\AngelaNikodinovska\VenusTrunk1\BlueBox\fitIDEA\samples\public\MM32F014x_FLASH_GCC\targetInit\Debug\test.o
LOAD D:\AngelaNikodinovska\VenusTrunk1\BlueBox\fitIDEA\samples\public\MM32F014x_FLASH_GCC\targetInit\Debug\CPUFile.o
LOAD D:\AngelaNikodinovska\VenusTrunk1\BlueBox\fitIDEA\samples\public\MM32F014x_FLASH_GCC\targetInit\Debug\startup.o
                0x20002000                _stack_top = (ORIGIN (SRAM) + LENGTH (SRAM))

.text           0x08000000      0xd88
                0x08000000                _text = .
 *(.isr_vector)
 .isr_vector    0x08000000       0xbc D:\AngelaNikodinovska\VenusTrunk1\BlueBox\fitIDEA\samples\public\MM32F014x_FLASH_GCC\targetInit\Debug\startup.o
                0x08000000                g_pfnVectors
 *startup.o(.text)
 .text          0x080000bc       0x7c D:\AngelaNikodinovska\VenusTrunk1\BlueBox\fitIDEA\samples\public\MM32F014x_FLASH_GCC\targetInit\Debug\startup.o
                0x080000bc                ResetISR
                0x08000108                call_main
 *(.text*)
 .text          0x08000138       0x6c D:\AngelaNikodinovska\VenusTrunk1\BlueBox\fitIDEA\samples\public\MM32F014x_FLASH_GCC\targetInit\Debug\main.o
                0x08000138                main
 .text          0x080001a4      0x5dc D:\AngelaNikodinovska\VenusTrunk1\BlueBox\fitIDEA\samples\public\MM32F014x_FLASH_GCC\targetInit\Debug\test.o
                0x080001a4                Type_Simple
                0x08000240                Type_Arrays
                0x080002d0                Type_Pointers
                0x08000320                Type_Struct
                0x08000394                Type_Bitfields
                0x080003e8                Type_Enum
                0x08000424                Mult
                0x0800043c                Type_FunctionPointer
                0x08000484                ResetStrX
                0x080004b8                Type_Mixed
                0x080004f0                TestStatic
                0x08000508                Address_GlobalVariables
                0x08000528                Address_TestScopes
                0x080005b0                Func1
                0x080005da                Func2
                0x08000624                Func3
                0x0800063a                Func4
                0x080006b0                Address_DifferentFunctionParameters
                0x080006f0                InterruptRoutine
                0x08000708                CPU_Pointers
                0x08000720                Factorial
                0x0800074a                CPU_Recursion
 .text          0x08000780      0x170 D:\AngelaNikodinovska\VenusTrunk1\BlueBox\fitIDEA\samples\public\MM32F014x_FLASH_GCC\targetInit\Debug\CPUFile.o
                0x08000780                initClock
                0x08000828                initTimer
                0x0800088c                ITMInit
                0x08000896                targetEnableInterrupts
                0x080008b0                targetInit
                0x080008c6                disableWatchdog
                0x080008d0                TimerInterruptHandler
 .text          0x080008f0      0x33c x:/gcc/gcc-arm-none-eabi-10.3-2021.07/bin/../lib/gcc/arm-none-eabi/10.3.1/thumb/v6-m/nofp\libgcc.a(addsf3.o)
                0x080008f0                __aeabi_fadd
 .text          0x08000c2c       0x9c x:/gcc/gcc-arm-none-eabi-10.3-2021.07/bin/../lib/gcc/arm-none-eabi/10.3.1/thumb/v6-m/nofp\libgcc.a(floatsisf.o)
                0x08000c2c                __aeabi_i2f
 .text          0x08000cc8       0x84 x:/gcc/gcc-arm-none-eabi-10.3-2021.07/bin/../lib/gcc/arm-none-eabi/10.3.1/thumb/v6-m/nofp\libgcc.a(floatunsisf.o)
                0x08000cc8                __aeabi_ui2f
 .text          0x08000d4c       0x3c x:/gcc/gcc-arm-none-eabi-10.3-2021.07/bin/../lib/gcc/arm-none-eabi/10.3.1/thumb/v6-m/nofp\libgcc.a(_clzsi2.o)
                0x08000d4c                __clzsi2
 *(.glue_7t)
 .glue_7t       0x08000d88        0x0 linker stubs
 *(.glue_7)
 .glue_7        0x08000d88        0x0 linker stubs
 *(.rodata*)
                0x08000d88                _text_end = .

.vfp11_veneer   0x08000d88        0x0
 .vfp11_veneer  0x08000d88        0x0 linker stubs

.v4_bx          0x08000d88        0x0
 .v4_bx         0x08000d88        0x0 linker stubs

.iplt           0x08000d88        0x0
 .iplt          0x08000d88        0x0 D:\AngelaNikodinovska\VenusTrunk1\BlueBox\fitIDEA\samples\public\MM32F014x_FLASH_GCC\targetInit\Debug\main.o

.rel.dyn        0x08000d88        0x0
 .rel.iplt      0x08000d88        0x0 D:\AngelaNikodinovska\VenusTrunk1\BlueBox\fitIDEA\samples\public\MM32F014x_FLASH_GCC\targetInit\Debug\main.o

.data           0x20000000        0x0 load address 0x08000d88
                0x20000000                _data = .
 *(vtable)
 *(.data*)
 .data          0x20000000        0x0 D:\AngelaNikodinovska\VenusTrunk1\BlueBox\fitIDEA\samples\public\MM32F014x_FLASH_GCC\targetInit\Debug\main.o
 .data          0x20000000        0x0 D:\AngelaNikodinovska\VenusTrunk1\BlueBox\fitIDEA\samples\public\MM32F014x_FLASH_GCC\targetInit\Debug\test.o
 .data          0x20000000        0x0 D:\AngelaNikodinovska\VenusTrunk1\BlueBox\fitIDEA\samples\public\MM32F014x_FLASH_GCC\targetInit\Debug\CPUFile.o
 .data          0x20000000        0x0 D:\AngelaNikodinovska\VenusTrunk1\BlueBox\fitIDEA\samples\public\MM32F014x_FLASH_GCC\targetInit\Debug\startup.o
 .data          0x20000000        0x0 x:/gcc/gcc-arm-none-eabi-10.3-2021.07/bin/../lib/gcc/arm-none-eabi/10.3.1/thumb/v6-m/nofp\libgcc.a(addsf3.o)
 .data          0x20000000        0x0 x:/gcc/gcc-arm-none-eabi-10.3-2021.07/bin/../lib/gcc/arm-none-eabi/10.3.1/thumb/v6-m/nofp\libgcc.a(floatsisf.o)
 .data          0x20000000        0x0 x:/gcc/gcc-arm-none-eabi-10.3-2021.07/bin/../lib/gcc/arm-none-eabi/10.3.1/thumb/v6-m/nofp\libgcc.a(floatunsisf.o)
 .data          0x20000000        0x0 x:/gcc/gcc-arm-none-eabi-10.3-2021.07/bin/../lib/gcc/arm-none-eabi/10.3.1/thumb/v6-m/nofp\libgcc.a(_clzsi2.o)
                0x20000000                _data_end = .

.igot.plt       0x20000000        0x0 load address 0x08000d88
 .igot.plt      0x20000000        0x0 D:\AngelaNikodinovska\VenusTrunk1\BlueBox\fitIDEA\samples\public\MM32F014x_FLASH_GCC\targetInit\Debug\main.o

.bss            0x20000000       0x10 load address 0x08000d88
                0x20000000                _bss = .
 *(.bss*)
 .bss           0x20000000        0xc D:\AngelaNikodinovska\VenusTrunk1\BlueBox\fitIDEA\samples\public\MM32F014x_FLASH_GCC\targetInit\Debug\main.o
                0x20000000                byTestByte
                0x20000002                wTestWord
                0x20000004                iCounter
                0x20000008                iInterruptCounter
 .bss           0x2000000c        0x4 D:\AngelaNikodinovska\VenusTrunk1\BlueBox\fitIDEA\samples\public\MM32F014x_FLASH_GCC\targetInit\Debug\test.o
 .bss           0x20000010        0x0 D:\AngelaNikodinovska\VenusTrunk1\BlueBox\fitIDEA\samples\public\MM32F014x_FLASH_GCC\targetInit\Debug\CPUFile.o
 .bss           0x20000010        0x0 D:\AngelaNikodinovska\VenusTrunk1\BlueBox\fitIDEA\samples\public\MM32F014x_FLASH_GCC\targetInit\Debug\startup.o
 .bss           0x20000010        0x0 x:/gcc/gcc-arm-none-eabi-10.3-2021.07/bin/../lib/gcc/arm-none-eabi/10.3.1/thumb/v6-m/nofp\libgcc.a(addsf3.o)
 .bss           0x20000010        0x0 x:/gcc/gcc-arm-none-eabi-10.3-2021.07/bin/../lib/gcc/arm-none-eabi/10.3.1/thumb/v6-m/nofp\libgcc.a(floatsisf.o)
 .bss           0x20000010        0x0 x:/gcc/gcc-arm-none-eabi-10.3-2021.07/bin/../lib/gcc/arm-none-eabi/10.3.1/thumb/v6-m/nofp\libgcc.a(floatunsisf.o)
 .bss           0x20000010        0x0 x:/gcc/gcc-arm-none-eabi-10.3-2021.07/bin/../lib/gcc/arm-none-eabi/10.3.1/thumb/v6-m/nofp\libgcc.a(_clzsi2.o)
 *(COMMON)
                0x20000010                _bss_end = .
                0x20000010                . = ALIGN (0x4)
LOAD x:/gcc/gcc-arm-none-eabi-10.3-2021.07/bin/../lib/gcc/arm-none-eabi/10.3.1/thumb/v6-m/nofp\libgcc.a
LOAD x:/gcc/gcc-arm-none-eabi-10.3-2021.07/bin/../lib/gcc/arm-none-eabi/10.3.1/../../../../arm-none-eabi/lib/thumb/v6-m/nofp\libc.a
LOAD x:/gcc/gcc-arm-none-eabi-10.3-2021.07/bin/../lib/gcc/arm-none-eabi/10.3.1/../../../../arm-none-eabi/lib/thumb/v6-m/nofp\libm.a
OUTPUT(sample.elf elf32-littlearm)
LOAD linker stubs

.debug_info     0x00000000      0xa83
 .debug_info    0x00000000       0xbd D:\AngelaNikodinovska\VenusTrunk1\BlueBox\fitIDEA\samples\public\MM32F014x_FLASH_GCC\targetInit\Debug\main.o
 .debug_info    0x000000bd      0x704 D:\AngelaNikodinovska\VenusTrunk1\BlueBox\fitIDEA\samples\public\MM32F014x_FLASH_GCC\targetInit\Debug\test.o
 .debug_info    0x000007c1       0xd0 D:\AngelaNikodinovska\VenusTrunk1\BlueBox\fitIDEA\samples\public\MM32F014x_FLASH_GCC\targetInit\Debug\CPUFile.o
 .debug_info    0x00000891      0x1f2 D:\AngelaNikodinovska\VenusTrunk1\BlueBox\fitIDEA\samples\public\MM32F014x_FLASH_GCC\targetInit\Debug\startup.o

.debug_abbrev   0x00000000      0x4ca
 .debug_abbrev  0x00000000       0x6b D:\AngelaNikodinovska\VenusTrunk1\BlueBox\fitIDEA\samples\public\MM32F014x_FLASH_GCC\targetInit\Debug\main.o
 .debug_abbrev  0x0000006b      0x28e D:\AngelaNikodinovska\VenusTrunk1\BlueBox\fitIDEA\samples\public\MM32F014x_FLASH_GCC\targetInit\Debug\test.o
 .debug_abbrev  0x000002f9       0xab D:\AngelaNikodinovska\VenusTrunk1\BlueBox\fitIDEA\samples\public\MM32F014x_FLASH_GCC\targetInit\Debug\CPUFile.o
 .debug_abbrev  0x000003a4      0x126 D:\AngelaNikodinovska\VenusTrunk1\BlueBox\fitIDEA\samples\public\MM32F014x_FLASH_GCC\targetInit\Debug\startup.o

.debug_aranges  0x00000000       0x80
 .debug_aranges
                0x00000000       0x20 D:\AngelaNikodinovska\VenusTrunk1\BlueBox\fitIDEA\samples\public\MM32F014x_FLASH_GCC\targetInit\Debug\main.o
 .debug_aranges
                0x00000020       0x20 D:\AngelaNikodinovska\VenusTrunk1\BlueBox\fitIDEA\samples\public\MM32F014x_FLASH_GCC\targetInit\Debug\test.o
 .debug_aranges
                0x00000040       0x20 D:\AngelaNikodinovska\VenusTrunk1\BlueBox\fitIDEA\samples\public\MM32F014x_FLASH_GCC\targetInit\Debug\CPUFile.o
 .debug_aranges
                0x00000060       0x20 D:\AngelaNikodinovska\VenusTrunk1\BlueBox\fitIDEA\samples\public\MM32F014x_FLASH_GCC\targetInit\Debug\startup.o

.debug_macro    0x00000000      0xb5a
 .debug_macro   0x00000000       0x25 D:\AngelaNikodinovska\VenusTrunk1\BlueBox\fitIDEA\samples\public\MM32F014x_FLASH_GCC\targetInit\Debug\main.o
 .debug_macro   0x00000025      0xa3c D:\AngelaNikodinovska\VenusTrunk1\BlueBox\fitIDEA\samples\public\MM32F014x_FLASH_GCC\targetInit\Debug\main.o
 .debug_macro   0x00000a61       0x1b D:\AngelaNikodinovska\VenusTrunk1\BlueBox\fitIDEA\samples\public\MM32F014x_FLASH_GCC\targetInit\Debug\test.o
 .debug_macro   0x00000a7c       0x24 D:\AngelaNikodinovska\VenusTrunk1\BlueBox\fitIDEA\samples\public\MM32F014x_FLASH_GCC\targetInit\Debug\CPUFile.o
 .debug_macro   0x00000aa0       0xa0 D:\AngelaNikodinovska\VenusTrunk1\BlueBox\fitIDEA\samples\public\MM32F014x_FLASH_GCC\targetInit\Debug\CPUFile.o
 .debug_macro   0x00000b40       0x1a D:\AngelaNikodinovska\VenusTrunk1\BlueBox\fitIDEA\samples\public\MM32F014x_FLASH_GCC\targetInit\Debug\startup.o

.debug_line     0x00000000      0x6d3
 .debug_line    0x00000000      0x10c D:\AngelaNikodinovska\VenusTrunk1\BlueBox\fitIDEA\samples\public\MM32F014x_FLASH_GCC\targetInit\Debug\main.o
 .debug_line    0x0000010c      0x382 D:\AngelaNikodinovska\VenusTrunk1\BlueBox\fitIDEA\samples\public\MM32F014x_FLASH_GCC\targetInit\Debug\test.o
 .debug_line    0x0000048e      0x12e D:\AngelaNikodinovska\VenusTrunk1\BlueBox\fitIDEA\samples\public\MM32F014x_FLASH_GCC\targetInit\Debug\CPUFile.o
 .debug_line    0x000005bc      0x117 D:\AngelaNikodinovska\VenusTrunk1\BlueBox\fitIDEA\samples\public\MM32F014x_FLASH_GCC\targetInit\Debug\startup.o

.debug_str      0x00000000     0x347c
 .debug_str     0x00000000     0x2c40 D:\AngelaNikodinovska\VenusTrunk1\BlueBox\fitIDEA\samples\public\MM32F014x_FLASH_GCC\targetInit\Debug\main.o
                               0x2c66 (size before relaxing)
 .debug_str     0x00002c40      0x1e1 D:\AngelaNikodinovska\VenusTrunk1\BlueBox\fitIDEA\samples\public\MM32F014x_FLASH_GCC\targetInit\Debug\test.o
                               0x2e01 (size before relaxing)
 .debug_str     0x00002e21      0x4ef D:\AngelaNikodinovska\VenusTrunk1\BlueBox\fitIDEA\samples\public\MM32F014x_FLASH_GCC\targetInit\Debug\CPUFile.o
                               0x30c9 (size before relaxing)
 .debug_str     0x00003310      0x16c D:\AngelaNikodinovska\VenusTrunk1\BlueBox\fitIDEA\samples\public\MM32F014x_FLASH_GCC\targetInit\Debug\startup.o
                               0x3148 (size before relaxing)

.comment        0x00000000       0x49
 .comment       0x00000000       0x49 D:\AngelaNikodinovska\VenusTrunk1\BlueBox\fitIDEA\samples\public\MM32F014x_FLASH_GCC\targetInit\Debug\main.o
                                 0x4a (size before relaxing)
 .comment       0x00000049       0x4a D:\AngelaNikodinovska\VenusTrunk1\BlueBox\fitIDEA\samples\public\MM32F014x_FLASH_GCC\targetInit\Debug\test.o
 .comment       0x00000049       0x4a D:\AngelaNikodinovska\VenusTrunk1\BlueBox\fitIDEA\samples\public\MM32F014x_FLASH_GCC\targetInit\Debug\CPUFile.o
 .comment       0x00000049       0x4a D:\AngelaNikodinovska\VenusTrunk1\BlueBox\fitIDEA\samples\public\MM32F014x_FLASH_GCC\targetInit\Debug\startup.o

.ARM.attributes
                0x00000000       0x2c
 .ARM.attributes
                0x00000000       0x2c D:\AngelaNikodinovska\VenusTrunk1\BlueBox\fitIDEA\samples\public\MM32F014x_FLASH_GCC\targetInit\Debug\main.o
 .ARM.attributes
                0x0000002c       0x2c D:\AngelaNikodinovska\VenusTrunk1\BlueBox\fitIDEA\samples\public\MM32F014x_FLASH_GCC\targetInit\Debug\test.o
 .ARM.attributes
                0x00000058       0x2c D:\AngelaNikodinovska\VenusTrunk1\BlueBox\fitIDEA\samples\public\MM32F014x_FLASH_GCC\targetInit\Debug\CPUFile.o
 .ARM.attributes
                0x00000084       0x2c D:\AngelaNikodinovska\VenusTrunk1\BlueBox\fitIDEA\samples\public\MM32F014x_FLASH_GCC\targetInit\Debug\startup.o
 .ARM.attributes
                0x000000b0       0x2c x:/gcc/gcc-arm-none-eabi-10.3-2021.07/bin/../lib/gcc/arm-none-eabi/10.3.1/thumb/v6-m/nofp\libgcc.a(addsf3.o)
 .ARM.attributes
                0x000000dc       0x2c x:/gcc/gcc-arm-none-eabi-10.3-2021.07/bin/../lib/gcc/arm-none-eabi/10.3.1/thumb/v6-m/nofp\libgcc.a(floatsisf.o)
 .ARM.attributes
                0x00000108       0x2c x:/gcc/gcc-arm-none-eabi-10.3-2021.07/bin/../lib/gcc/arm-none-eabi/10.3.1/thumb/v6-m/nofp\libgcc.a(floatunsisf.o)
 .ARM.attributes
                0x00000134       0x1e x:/gcc/gcc-arm-none-eabi-10.3-2021.07/bin/../lib/gcc/arm-none-eabi/10.3.1/thumb/v6-m/nofp\libgcc.a(_clzsi2.o)

.debug_frame    0x00000000      0x4d4
 .debug_frame   0x00000000       0x2c D:\AngelaNikodinovska\VenusTrunk1\BlueBox\fitIDEA\samples\public\MM32F014x_FLASH_GCC\targetInit\Debug\main.o
 .debug_frame   0x0000002c      0x2c0 D:\AngelaNikodinovska\VenusTrunk1\BlueBox\fitIDEA\samples\public\MM32F014x_FLASH_GCC\targetInit\Debug\test.o
 .debug_frame   0x000002ec       0xd4 D:\AngelaNikodinovska\VenusTrunk1\BlueBox\fitIDEA\samples\public\MM32F014x_FLASH_GCC\targetInit\Debug\CPUFile.o
 .debug_frame   0x000003c0       0x84 D:\AngelaNikodinovska\VenusTrunk1\BlueBox\fitIDEA\samples\public\MM32F014x_FLASH_GCC\targetInit\Debug\startup.o
 .debug_frame   0x00000444       0x34 x:/gcc/gcc-arm-none-eabi-10.3-2021.07/bin/../lib/gcc/arm-none-eabi/10.3.1/thumb/v6-m/nofp\libgcc.a(addsf3.o)
 .debug_frame   0x00000478       0x30 x:/gcc/gcc-arm-none-eabi-10.3-2021.07/bin/../lib/gcc/arm-none-eabi/10.3.1/thumb/v6-m/nofp\libgcc.a(floatsisf.o)
 .debug_frame   0x000004a8       0x2c x:/gcc/gcc-arm-none-eabi-10.3-2021.07/bin/../lib/gcc/arm-none-eabi/10.3.1/thumb/v6-m/nofp\libgcc.a(floatunsisf.o)
