Archive member included to satisfy reference by file (symbol)

x:/gcc/arm-8-2018-q4/bin/../lib/gcc/arm-none-eabi/8.2.1\libgcc.a(_arm_addsubsf3.o)
                              D:\Venus\trunk\BlueBox\fitIDEA\samples\public\AM2432_RAM_GCC\targetInit\Core_1_R5_1\Debug\test.o (__aeabi_fadd)

Allocating common symbols
Common symbol       size              file

byTestByte          0x1               D:\Venus\trunk\BlueBox\fitIDEA\samples\public\AM2432_RAM_GCC\targetInit\Core_1_R5_1\Debug\main.o
wTestWord           0x2               D:\Venus\trunk\BlueBox\fitIDEA\samples\public\AM2432_RAM_GCC\targetInit\Core_1_R5_1\Debug\main.o

Discarded input sections

 .group         0x00000000        0xc D:\Venus\trunk\BlueBox\fitIDEA\samples\public\AM2432_RAM_GCC\targetInit\Core_1_R5_1\Debug\main.o
 .group         0x00000000        0xc D:\Venus\trunk\BlueBox\fitIDEA\samples\public\AM2432_RAM_GCC\targetInit\Core_1_R5_1\Debug\test.o
 .debug_macro   0x00000000      0xa8a D:\Venus\trunk\BlueBox\fitIDEA\samples\public\AM2432_RAM_GCC\targetInit\Core_1_R5_1\Debug\test.o
 .group         0x00000000        0xc D:\Venus\trunk\BlueBox\fitIDEA\samples\public\AM2432_RAM_GCC\targetInit\Core_1_R5_1\Debug\CPUFile.o
 .group         0x00000000        0xc D:\Venus\trunk\BlueBox\fitIDEA\samples\public\AM2432_RAM_GCC\targetInit\Core_1_R5_1\Debug\CPUFile.o
 .group         0x00000000        0xc D:\Venus\trunk\BlueBox\fitIDEA\samples\public\AM2432_RAM_GCC\targetInit\Core_1_R5_1\Debug\CPUFile.o
 .group         0x00000000        0xc D:\Venus\trunk\BlueBox\fitIDEA\samples\public\AM2432_RAM_GCC\targetInit\Core_1_R5_1\Debug\CPUFile.o
 .group         0x00000000        0xc D:\Venus\trunk\BlueBox\fitIDEA\samples\public\AM2432_RAM_GCC\targetInit\Core_1_R5_1\Debug\CPUFile.o
 .group         0x00000000        0xc D:\Venus\trunk\BlueBox\fitIDEA\samples\public\AM2432_RAM_GCC\targetInit\Core_1_R5_1\Debug\CPUFile.o
 .group         0x00000000        0xc D:\Venus\trunk\BlueBox\fitIDEA\samples\public\AM2432_RAM_GCC\targetInit\Core_1_R5_1\Debug\CPUFile.o
 .group         0x00000000        0xc D:\Venus\trunk\BlueBox\fitIDEA\samples\public\AM2432_RAM_GCC\targetInit\Core_1_R5_1\Debug\CPUFile.o
 .group         0x00000000        0xc D:\Venus\trunk\BlueBox\fitIDEA\samples\public\AM2432_RAM_GCC\targetInit\Core_1_R5_1\Debug\CPUFile.o
 .debug_macro   0x00000000      0xa8a D:\Venus\trunk\BlueBox\fitIDEA\samples\public\AM2432_RAM_GCC\targetInit\Core_1_R5_1\Debug\CPUFile.o
 .group         0x00000000        0xc D:\Venus\trunk\BlueBox\fitIDEA\samples\public\AM2432_RAM_GCC\targetInit\Core_1_R5_1\Debug\startup.o
 .debug_macro   0x00000000      0xa8a D:\Venus\trunk\BlueBox\fitIDEA\samples\public\AM2432_RAM_GCC\targetInit\Core_1_R5_1\Debug\startup.o

Memory Configuration

Name             Origin             Length             Attributes
RAM_CM4          0x05000000         0x00040000         xrw
RAM_MAIN_0_R5_0  0x70000000         0x00040000         xrw
RAM_MAIN_0_R5_1  0x70040000         0x00040000         xrw
RAM_MAIN_1_R5_0  0x70080000         0x00040000         xrw
RAM_MAIN_1_R5_1  0x700c0000         0x00040000         xrw
ATCM_MAIN_0_R5_0 0x78000000         0x00010000         xrw
ATCM_MAIN_0_R5_1 0x78200000         0x00010000         xrw
ATCM_MAIN_1_R5_0 0x78400000         0x00010000         xrw
ATCM_MAIN_1_R5_1 0x78600000         0x00010000         xrw
*default*        0x00000000         0xffffffff

Linker script and memory map

LOAD D:\Venus\trunk\BlueBox\fitIDEA\samples\public\AM2432_RAM_GCC\targetInit\Core_1_R5_1\Debug\main.o
LOAD D:\Venus\trunk\BlueBox\fitIDEA\samples\public\AM2432_RAM_GCC\targetInit\Core_1_R5_1\Debug\test.o
LOAD D:\Venus\trunk\BlueBox\fitIDEA\samples\public\AM2432_RAM_GCC\targetInit\Core_1_R5_1\Debug\CPUFile.o
LOAD D:\Venus\trunk\BlueBox\fitIDEA\samples\public\AM2432_RAM_GCC\targetInit\Core_1_R5_1\Debug\startup0RA.o
LOAD D:\Venus\trunk\BlueBox\fitIDEA\samples\public\AM2432_RAM_GCC\targetInit\Core_1_R5_1\Debug\startup.o
                0x05000000                _bootAddr_CM4 = ORIGIN (RAM_CM4)
                0x700ffffc                _estack_sys = (((ORIGIN (RAM_MAIN_1_R5_1) + LENGTH (RAM_MAIN_1_R5_1)) - 0x4) & 0xfffffffc)
                0x700ff7fc                _estack_usr = (_estack_sys - 0x800)
                0x700feffc                _estack_svc = (_estack_usr - _stack_size_usr)
                0x700fe7fc                _estack_abt = (_estack_svc - _stack_size_svc)
                0x700fdffc                _estack_und = (_estack_abt - _stack_size_abt)
                0x700fd7fc                _estack_irq = (_estack_und - _stack_size_und)
                0x700fcffc                _estack_fiq = (_estack_irq - _stack_size_irq)
                0x00000800                _stack_size_usr = 0x800
                0x00000800                _stack_size_svc = 0x800
                0x00000800                _stack_size_abt = 0x800
                0x00000800                _stack_size_und = 0x800
                0x00000800                _stack_size_irq = 0x800
                0x00000800                _stack_size_fiq = 0x800

.boot           0x78600000       0x48
 *(.main_1_r5_1_boot_vectors)
 .main_1_r5_1_boot_vectors
                0x78600000       0x34 D:\Venus\trunk\BlueBox\fitIDEA\samples\public\AM2432_RAM_GCC\targetInit\Core_1_R5_1\Debug\startup.o
                0x78600000                reset
 *fill*         0x78600034        0x4 
 .main_1_r5_1_boot_vectors.__stub
                0x78600038       0x10 linker stubs

.text           0x700c0000      0xf7c
                0x700c0000                . = ALIGN (0x4)
 *(.text)
 .text          0x700c0000       0x94 D:\Venus\trunk\BlueBox\fitIDEA\samples\public\AM2432_RAM_GCC\targetInit\Core_1_R5_1\Debug\main.o
                0x700c0000                main
 .text          0x700c0094      0xa80 D:\Venus\trunk\BlueBox\fitIDEA\samples\public\AM2432_RAM_GCC\targetInit\Core_1_R5_1\Debug\test.o
                0x700c0094                Type_Simple
                0x700c01a0                Type_Arrays
                0x700c02c4                Type_Pointers
                0x700c0350                Type_Struct
                0x700c0410                Type_Bitfields
                0x700c0480                Type_Enum
                0x700c04f0                Mult
                0x700c0520                Type_FunctionPointer
                0x700c05a0                ResetStrX
                0x700c0608                Type_Mixed
                0x700c0664                TestStatic
                0x700c0698                Address_GlobalVariables
                0x700c06cc                Address_TestScopes
                0x700c07c0                Func1
                0x700c0814                Func2
                0x700c0898                Func3
                0x700c08c4                Func4
                0x700c0998                Address_DifferentFunctionParameters
                0x700c0a00                InterruptRoutine
                0x700c0a34                CPU_Pointers
                0x700c0a68                Factorial
                0x700c0ab4                CPU_Recursion
 .text          0x700c0b14       0x30 D:\Venus\trunk\BlueBox\fitIDEA\samples\public\AM2432_RAM_GCC\targetInit\Core_1_R5_1\Debug\CPUFile.o
                0x700c0b14                targetInit
                0x700c0b2c                disableWatchdog
 .text          0x700c0b44      0x10c D:\Venus\trunk\BlueBox\fitIDEA\samples\public\AM2432_RAM_GCC\targetInit\Core_1_R5_1\Debug\startup0RA.o
                0x700c0b44                ResetHandler
 .text          0x700c0c50       0x80 D:\Venus\trunk\BlueBox\fitIDEA\samples\public\AM2432_RAM_GCC\targetInit\Core_1_R5_1\Debug\startup.o
                0x700c0c50                Reset
                0x700c0cc0                IntDefaultHandler
 .text          0x700c0cd0      0x2ac x:/gcc/arm-8-2018-q4/bin/../lib/gcc/arm-none-eabi/8.2.1\libgcc.a(_arm_addsubsf3.o)
                0x700c0cd0                __aeabi_frsub
                0x700c0cd8                __subsf3
                0x700c0cd8                __aeabi_fsub
                0x700c0cdc                __aeabi_fadd
                0x700c0cdc                __addsf3
                0x700c0e98                __aeabi_ui2f
                0x700c0e98                __floatunsisf
                0x700c0ea0                __aeabi_i2f
                0x700c0ea0                __floatsisf
                0x700c0ec0                __aeabi_ul2f
                0x700c0ec0                __floatundisf
                0x700c0ed0                __aeabi_l2f
                0x700c0ed0                __floatdisf
 *(.text*)
 *(.rodata)
 *(.rodata*)
 *(.glue_7)
 .glue_7        0x700c0f7c        0x0 linker stubs
 *(.glue_7t)
 .glue_7t       0x700c0f7c        0x0 linker stubs
 *(.eh*)
                0x700c0f7c                . = ALIGN (0x4)

.vfp11_veneer   0x700c0f7c        0x0
 .vfp11_veneer  0x700c0f7c        0x0 linker stubs

.v4_bx          0x700c0f7c        0x0
 .v4_bx         0x700c0f7c        0x0 linker stubs

.iplt           0x700c0f7c        0x0
 .iplt          0x700c0f7c        0x0 D:\Venus\trunk\BlueBox\fitIDEA\samples\public\AM2432_RAM_GCC\targetInit\Core_1_R5_1\Debug\main.o

.rel.dyn        0x700c0f7c        0x0
 .rel.iplt      0x700c0f7c        0x0 D:\Venus\trunk\BlueBox\fitIDEA\samples\public\AM2432_RAM_GCC\targetInit\Core_1_R5_1\Debug\main.o

.exh            0x700c0f7c        0x0
 *(.ARM.exidx*)
                0x700c0f7c                . = ALIGN (0x4)
                0x700c0f7c                _etext = .

.data           0x700c0f7c        0x0
                0x700c0f7c                _sdata = .
 *(vtable)
 *(.data*)
 .data          0x700c0f7c        0x0 D:\Venus\trunk\BlueBox\fitIDEA\samples\public\AM2432_RAM_GCC\targetInit\Core_1_R5_1\Debug\main.o
 .data          0x700c0f7c        0x0 D:\Venus\trunk\BlueBox\fitIDEA\samples\public\AM2432_RAM_GCC\targetInit\Core_1_R5_1\Debug\test.o
 .data          0x700c0f7c        0x0 D:\Venus\trunk\BlueBox\fitIDEA\samples\public\AM2432_RAM_GCC\targetInit\Core_1_R5_1\Debug\CPUFile.o
 .data          0x700c0f7c        0x0 D:\Venus\trunk\BlueBox\fitIDEA\samples\public\AM2432_RAM_GCC\targetInit\Core_1_R5_1\Debug\startup0RA.o
 .data          0x700c0f7c        0x0 D:\Venus\trunk\BlueBox\fitIDEA\samples\public\AM2432_RAM_GCC\targetInit\Core_1_R5_1\Debug\startup.o
 .data          0x700c0f7c        0x0 x:/gcc/arm-8-2018-q4/bin/../lib/gcc/arm-none-eabi/8.2.1\libgcc.a(_arm_addsubsf3.o)
                0x700c0f7c                . = ALIGN (0x4)
                0x700c0f7c                _edata = .

.igot.plt       0x700c0f7c        0x0
 .igot.plt      0x700c0f7c        0x0 D:\Venus\trunk\BlueBox\fitIDEA\samples\public\AM2432_RAM_GCC\targetInit\Core_1_R5_1\Debug\main.o

.bss            0x700c0f7c       0x10
                0x700c0f7c                _sbss = .
 *(.bss*)
 .bss           0x700c0f7c        0x8 D:\Venus\trunk\BlueBox\fitIDEA\samples\public\AM2432_RAM_GCC\targetInit\Core_1_R5_1\Debug\main.o
                0x700c0f7c                iCounter
                0x700c0f80                iInterruptCounter
 .bss           0x700c0f84        0x4 D:\Venus\trunk\BlueBox\fitIDEA\samples\public\AM2432_RAM_GCC\targetInit\Core_1_R5_1\Debug\test.o
 .bss           0x700c0f88        0x0 D:\Venus\trunk\BlueBox\fitIDEA\samples\public\AM2432_RAM_GCC\targetInit\Core_1_R5_1\Debug\CPUFile.o
 .bss           0x700c0f88        0x0 D:\Venus\trunk\BlueBox\fitIDEA\samples\public\AM2432_RAM_GCC\targetInit\Core_1_R5_1\Debug\startup0RA.o
 .bss           0x700c0f88        0x0 D:\Venus\trunk\BlueBox\fitIDEA\samples\public\AM2432_RAM_GCC\targetInit\Core_1_R5_1\Debug\startup.o
 .bss           0x700c0f88        0x0 x:/gcc/arm-8-2018-q4/bin/../lib/gcc/arm-none-eabi/8.2.1\libgcc.a(_arm_addsubsf3.o)
 *(COMMON)
 COMMON         0x700c0f88        0x4 D:\Venus\trunk\BlueBox\fitIDEA\samples\public\AM2432_RAM_GCC\targetInit\Core_1_R5_1\Debug\main.o
                0x700c0f88                byTestByte
                0x700c0f8a                wTestWord
                0x700c0f8c                . = ALIGN (0x4)
                0x700c0f8c                _ebss = .
                0x700c0f8c                __bss_end__ = _ebss
                [!provide]                PROVIDE (end = _ebss)
                [!provide]                PROVIDE (_end = _ebss)
                0x00000001                ROM_USAGE = ((0x64 * (SIZEOF (.text) + SIZEOF (.data))) / LENGTH (RAM_MAIN_1_R5_1))
                0x00000000                RAM_USAGE = ((0x64 * (SIZEOF (.data) + SIZEOF (.bss))) / LENGTH (RAM_MAIN_1_R5_1))
LOAD x:/gcc/arm-8-2018-q4/bin/../lib/gcc/arm-none-eabi/8.2.1/../../../../arm-none-eabi/lib\libc.a
LOAD x:/gcc/arm-8-2018-q4/bin/../lib/gcc/arm-none-eabi/8.2.1\libgcc.a
OUTPUT(sample.elf elf32-littlearm)

.debug_info     0x00000000      0x99a
 .debug_info    0x00000000       0xbd D:\Venus\trunk\BlueBox\fitIDEA\samples\public\AM2432_RAM_GCC\targetInit\Core_1_R5_1\Debug\main.o
 .debug_info    0x000000bd      0x704 D:\Venus\trunk\BlueBox\fitIDEA\samples\public\AM2432_RAM_GCC\targetInit\Core_1_R5_1\Debug\test.o
 .debug_info    0x000007c1       0xd8 D:\Venus\trunk\BlueBox\fitIDEA\samples\public\AM2432_RAM_GCC\targetInit\Core_1_R5_1\Debug\CPUFile.o
 .debug_info    0x00000899       0x26 D:\Venus\trunk\BlueBox\fitIDEA\samples\public\AM2432_RAM_GCC\targetInit\Core_1_R5_1\Debug\startup0RA.o
 .debug_info    0x000008bf       0xdb D:\Venus\trunk\BlueBox\fitIDEA\samples\public\AM2432_RAM_GCC\targetInit\Core_1_R5_1\Debug\startup.o

.debug_abbrev   0x00000000      0x413
 .debug_abbrev  0x00000000       0x6b D:\Venus\trunk\BlueBox\fitIDEA\samples\public\AM2432_RAM_GCC\targetInit\Core_1_R5_1\Debug\main.o
 .debug_abbrev  0x0000006b      0x28e D:\Venus\trunk\BlueBox\fitIDEA\samples\public\AM2432_RAM_GCC\targetInit\Core_1_R5_1\Debug\test.o
 .debug_abbrev  0x000002f9       0x7e D:\Venus\trunk\BlueBox\fitIDEA\samples\public\AM2432_RAM_GCC\targetInit\Core_1_R5_1\Debug\CPUFile.o
 .debug_abbrev  0x00000377       0x14 D:\Venus\trunk\BlueBox\fitIDEA\samples\public\AM2432_RAM_GCC\targetInit\Core_1_R5_1\Debug\startup0RA.o
 .debug_abbrev  0x0000038b       0x88 D:\Venus\trunk\BlueBox\fitIDEA\samples\public\AM2432_RAM_GCC\targetInit\Core_1_R5_1\Debug\startup.o

.debug_aranges  0x00000000       0xa8
 .debug_aranges
                0x00000000       0x20 D:\Venus\trunk\BlueBox\fitIDEA\samples\public\AM2432_RAM_GCC\targetInit\Core_1_R5_1\Debug\main.o
 .debug_aranges
                0x00000020       0x20 D:\Venus\trunk\BlueBox\fitIDEA\samples\public\AM2432_RAM_GCC\targetInit\Core_1_R5_1\Debug\test.o
 .debug_aranges
                0x00000040       0x20 D:\Venus\trunk\BlueBox\fitIDEA\samples\public\AM2432_RAM_GCC\targetInit\Core_1_R5_1\Debug\CPUFile.o
 .debug_aranges
                0x00000060       0x20 D:\Venus\trunk\BlueBox\fitIDEA\samples\public\AM2432_RAM_GCC\targetInit\Core_1_R5_1\Debug\startup0RA.o
 .debug_aranges
                0x00000080       0x28 D:\Venus\trunk\BlueBox\fitIDEA\samples\public\AM2432_RAM_GCC\targetInit\Core_1_R5_1\Debug\startup.o

.debug_macro    0x00000000     0x1395
 .debug_macro   0x00000000       0x25 D:\Venus\trunk\BlueBox\fitIDEA\samples\public\AM2432_RAM_GCC\targetInit\Core_1_R5_1\Debug\main.o
 .debug_macro   0x00000025      0xa8a D:\Venus\trunk\BlueBox\fitIDEA\samples\public\AM2432_RAM_GCC\targetInit\Core_1_R5_1\Debug\main.o
 .debug_macro   0x00000aaf       0x1b D:\Venus\trunk\BlueBox\fitIDEA\samples\public\AM2432_RAM_GCC\targetInit\Core_1_R5_1\Debug\test.o
 .debug_macro   0x00000aca       0x7b D:\Venus\trunk\BlueBox\fitIDEA\samples\public\AM2432_RAM_GCC\targetInit\Core_1_R5_1\Debug\CPUFile.o
 .debug_macro   0x00000b45       0x22 D:\Venus\trunk\BlueBox\fitIDEA\samples\public\AM2432_RAM_GCC\targetInit\Core_1_R5_1\Debug\CPUFile.o
 .debug_macro   0x00000b67       0x8e D:\Venus\trunk\BlueBox\fitIDEA\samples\public\AM2432_RAM_GCC\targetInit\Core_1_R5_1\Debug\CPUFile.o
 .debug_macro   0x00000bf5       0x51 D:\Venus\trunk\BlueBox\fitIDEA\samples\public\AM2432_RAM_GCC\targetInit\Core_1_R5_1\Debug\CPUFile.o
 .debug_macro   0x00000c46       0xef D:\Venus\trunk\BlueBox\fitIDEA\samples\public\AM2432_RAM_GCC\targetInit\Core_1_R5_1\Debug\CPUFile.o
 .debug_macro   0x00000d35       0x6a D:\Venus\trunk\BlueBox\fitIDEA\samples\public\AM2432_RAM_GCC\targetInit\Core_1_R5_1\Debug\CPUFile.o
 .debug_macro   0x00000d9f      0x1df D:\Venus\trunk\BlueBox\fitIDEA\samples\public\AM2432_RAM_GCC\targetInit\Core_1_R5_1\Debug\CPUFile.o
 .debug_macro   0x00000f7e      0x3ae D:\Venus\trunk\BlueBox\fitIDEA\samples\public\AM2432_RAM_GCC\targetInit\Core_1_R5_1\Debug\CPUFile.o
 .debug_macro   0x0000132c       0x58 D:\Venus\trunk\BlueBox\fitIDEA\samples\public\AM2432_RAM_GCC\targetInit\Core_1_R5_1\Debug\CPUFile.o
 .debug_macro   0x00001384       0x11 D:\Venus\trunk\BlueBox\fitIDEA\samples\public\AM2432_RAM_GCC\targetInit\Core_1_R5_1\Debug\startup.o

.debug_line     0x00000000      0x7f8
 .debug_line    0x00000000       0xf4 D:\Venus\trunk\BlueBox\fitIDEA\samples\public\AM2432_RAM_GCC\targetInit\Core_1_R5_1\Debug\main.o
 .debug_line    0x000000f4      0x36c D:\Venus\trunk\BlueBox\fitIDEA\samples\public\AM2432_RAM_GCC\targetInit\Core_1_R5_1\Debug\test.o
 .debug_line    0x00000460      0x1dd D:\Venus\trunk\BlueBox\fitIDEA\samples\public\AM2432_RAM_GCC\targetInit\Core_1_R5_1\Debug\CPUFile.o
 .debug_line    0x0000063d       0xd4 D:\Venus\trunk\BlueBox\fitIDEA\samples\public\AM2432_RAM_GCC\targetInit\Core_1_R5_1\Debug\startup0RA.o
 .debug_line    0x00000711       0xe7 D:\Venus\trunk\BlueBox\fitIDEA\samples\public\AM2432_RAM_GCC\targetInit\Core_1_R5_1\Debug\startup.o

.debug_str      0x00000000     0x5d35
 .debug_str     0x00000000     0x2e01 D:\Venus\trunk\BlueBox\fitIDEA\samples\public\AM2432_RAM_GCC\targetInit\Core_1_R5_1\Debug\main.o
                               0x2e22 (size before relaxing)
 .debug_str     0x00002e01      0x1c9 D:\Venus\trunk\BlueBox\fitIDEA\samples\public\AM2432_RAM_GCC\targetInit\Core_1_R5_1\Debug\test.o
                               0x2fbd (size before relaxing)
 .debug_str     0x00002fca     0x2c43 D:\Venus\trunk\BlueBox\fitIDEA\samples\public\AM2432_RAM_GCC\targetInit\Core_1_R5_1\Debug\CPUFile.o
                               0x5ac6 (size before relaxing)
 .debug_str     0x00005c0d       0x70 D:\Venus\trunk\BlueBox\fitIDEA\samples\public\AM2432_RAM_GCC\targetInit\Core_1_R5_1\Debug\startup0RA.o
                                 0xc4 (size before relaxing)
 .debug_str     0x00005c7d       0xb8 D:\Venus\trunk\BlueBox\fitIDEA\samples\public\AM2432_RAM_GCC\targetInit\Core_1_R5_1\Debug\startup.o
                               0x2e3b (size before relaxing)

.comment        0x00000000       0x75
 .comment       0x00000000       0x75 D:\Venus\trunk\BlueBox\fitIDEA\samples\public\AM2432_RAM_GCC\targetInit\Core_1_R5_1\Debug\main.o
                                 0x76 (size before relaxing)
 .comment       0x00000075       0x76 D:\Venus\trunk\BlueBox\fitIDEA\samples\public\AM2432_RAM_GCC\targetInit\Core_1_R5_1\Debug\test.o
 .comment       0x00000075       0x76 D:\Venus\trunk\BlueBox\fitIDEA\samples\public\AM2432_RAM_GCC\targetInit\Core_1_R5_1\Debug\CPUFile.o
 .comment       0x00000075       0x76 D:\Venus\trunk\BlueBox\fitIDEA\samples\public\AM2432_RAM_GCC\targetInit\Core_1_R5_1\Debug\startup.o

.ARM.attributes
                0x00000000       0x31
 .ARM.attributes
                0x00000000       0x31 D:\Venus\trunk\BlueBox\fitIDEA\samples\public\AM2432_RAM_GCC\targetInit\Core_1_R5_1\Debug\main.o
 .ARM.attributes
                0x00000031       0x31 D:\Venus\trunk\BlueBox\fitIDEA\samples\public\AM2432_RAM_GCC\targetInit\Core_1_R5_1\Debug\test.o
 .ARM.attributes
                0x00000062       0x31 D:\Venus\trunk\BlueBox\fitIDEA\samples\public\AM2432_RAM_GCC\targetInit\Core_1_R5_1\Debug\CPUFile.o
 .ARM.attributes
                0x00000093       0x21 D:\Venus\trunk\BlueBox\fitIDEA\samples\public\AM2432_RAM_GCC\targetInit\Core_1_R5_1\Debug\startup0RA.o
 .ARM.attributes
                0x000000b4       0x31 D:\Venus\trunk\BlueBox\fitIDEA\samples\public\AM2432_RAM_GCC\targetInit\Core_1_R5_1\Debug\startup.o
 .ARM.attributes
                0x000000e5       0x1c x:/gcc/arm-8-2018-q4/bin/../lib/gcc/arm-none-eabi/8.2.1\libgcc.a(_arm_addsubsf3.o)

.debug_frame    0x00000000      0x3e4
 .debug_frame   0x00000000       0x2c D:\Venus\trunk\BlueBox\fitIDEA\samples\public\AM2432_RAM_GCC\targetInit\Core_1_R5_1\Debug\main.o
 .debug_frame   0x0000002c      0x2d4 D:\Venus\trunk\BlueBox\fitIDEA\samples\public\AM2432_RAM_GCC\targetInit\Core_1_R5_1\Debug\test.o
 .debug_frame   0x00000300       0x50 D:\Venus\trunk\BlueBox\fitIDEA\samples\public\AM2432_RAM_GCC\targetInit\Core_1_R5_1\Debug\CPUFile.o
 .debug_frame   0x00000350       0x48 D:\Venus\trunk\BlueBox\fitIDEA\samples\public\AM2432_RAM_GCC\targetInit\Core_1_R5_1\Debug\startup.o
 .debug_frame   0x00000398       0x4c x:/gcc/arm-8-2018-q4/bin/../lib/gcc/arm-none-eabi/8.2.1\libgcc.a(_arm_addsubsf3.o)

.debug_ranges   0x00000000       0x18
 .debug_ranges  0x00000000       0x18 D:\Venus\trunk\BlueBox\fitIDEA\samples\public\AM2432_RAM_GCC\targetInit\Core_1_R5_1\Debug\startup.o
